[0.009s] Invoking command in '/home/abc/perception_with_ros2/build/perception': CMAKE_PREFIX_PATH=/home/abc/perception_with_ros2/install/base_msgs_per:/home/abc/perception_with_ros2/install/perception:/home/abc/planning_with_ros2/install/planning:/home/abc/planning_with_ros2/install/base_msgs:/home/abc/perception_with_ros2/install/data_plot_per:/home/abc/planning_with_ros2/install/data_plot:/opt/ros/humble LD_LIBRARY_PATH=/home/abc/perception_with_ros2/install/base_msgs_per/lib:${LD_LIBRARY_PATH} PYTHONPATH=/home/abc/perception_with_ros2/install/base_msgs_per/local/lib/python3.10/dist-packages:${PYTHONPATH} /usr/local/bin/cmake /home/abc/perception_with_ros2/src/perception -DCMAKE_INSTALL_PREFIX=/home/abc/perception_with_ros2/install/perception
[0.024s] -- Found ament_cmake: 1.3.12 (/opt/ros/humble/share/ament_cmake/cmake)
[0.216s] -- Found rclcpp: 16.0.16 (/opt/ros/humble/share/rclcpp/cmake)
[0.251s] -- Found rosidl_generator_c: 3.1.7 (/opt/ros/humble/share/rosidl_generator_c/cmake)
[0.254s] -- Found rosidl_adapter: 3.1.7 (/opt/ros/humble/share/rosidl_adapter/cmake)
[0.261s] -- Found rosidl_generator_cpp: 3.1.7 (/opt/ros/humble/share/rosidl_generator_cpp/cmake)
[0.274s] -- Using all available rosidl_typesupport_c: rosidl_typesupport_fastrtps_c;rosidl_typesupport_introspection_c
[0.291s] -- Using all available rosidl_typesupport_cpp: rosidl_typesupport_fastrtps_cpp;rosidl_typesupport_introspection_cpp
[0.335s] -- Found rmw_implementation_cmake: 6.1.2 (/opt/ros/humble/share/rmw_implementation_cmake/cmake)
[0.337s] -- Found rmw_fastrtps_cpp: 6.2.9 (/opt/ros/humble/share/rmw_fastrtps_cpp/cmake)
[0.442s] -- Using RMW implementation 'rmw_fastrtps_cpp' as default
[0.513s] -- Found tf2: 0.25.17 (/opt/ros/humble/share/tf2/cmake)
[0.538s] -- Found tf2_ros: 0.25.17 (/opt/ros/humble/share/tf2_ros/cmake)
[0.652s] -- Found nav_msgs: 4.9.0 (/opt/ros/humble/share/nav_msgs/cmake)
[0.676s] -- Found visualization_msgs: 4.9.0 (/opt/ros/humble/share/visualization_msgs/cmake)
[0.732s] -- Found base_msgs_per: 0.0.0 (/home/abc/perception_with_ros2/install/base_msgs_per/share/base_msgs_per/cmake)
[0.810s] -- Found ament_lint_auto: 0.12.14 (/opt/ros/humble/share/ament_lint_auto/cmake)
[0.877s] -- Added test 'cppcheck' to perform static code analysis on C / C++ code
[0.878s] -- Configured cppcheck include dirs: /home/abc/perception_with_ros2/src/perception/src/common/config_reader;/home/abc/perception_with_ros2/src/perception/src/common/math;/home/abc/perception_with_ros2/src/perception/src/decision_center;/home/abc/perception_with_ros2/src/perception/src/pnc_map_creator;/home/abc/perception_with_ros2/src/perception/src/pnc_map_creator/pnc_map_straight;/home/abc/perception_with_ros2/src/perception/src/pnc_map_creator/pnc_map_sturn;/home/abc/perception_with_ros2/src/perception/src/global_planner;/home/abc/perception_with_ros2/src/perception/src/global_planner/global_planner_normal;/home/abc/perception_with_ros2/src/perception/src/local_planner;/home/abc/perception_with_ros2/src/perception/src/local_planner/local_path;/home/abc/perception_with_ros2/src/perception/src/local_planner/local_speeds;/home/abc/perception_with_ros2/src/perception/src/reference_line;/home/abc/perception_with_ros2/src/perception/src/test/osqp_test;/home/abc/perception_with_ros2/src/perception/src/vehicle_info;/home/abc/perception_with_ros2/src/perception/src/vehicle_info/main_car;/home/abc/perception_with_ros2/src/perception/src/vehicle_info/obs_car;/home/abc/perception_with_ros2/src/perception/src/perception_process;/home/abc/perception_with_ros2/src/perception/src/move_cmd
[0.878s] -- Configured cppcheck exclude dirs and/or files: 
[0.879s] -- Added test 'flake8' to check Python code syntax and style conventions
[0.880s] -- Added test 'lint_cmake' to check CMake code style
[0.880s] -- Added test 'pep257' to check Python code against some of the docstring style conventions in PEP 257
[0.884s] -- Added test 'uncrustify' to check C / C++ code style
[0.884s] -- Configured uncrustify additional arguments: 
[0.884s] -- Added test 'xmllint' to check XML markup files
[0.886s] -- Configuring done (0.9s)
[0.982s] -- Generating done (0.1s)
[1.007s] -- Build files have been written to: /home/abc/perception_with_ros2/build/perception
[1.018s] Invoked command in '/home/abc/perception_with_ros2/build/perception' returned '0': CMAKE_PREFIX_PATH=/home/abc/perception_with_ros2/install/base_msgs_per:/home/abc/perception_with_ros2/install/perception:/home/abc/planning_with_ros2/install/planning:/home/abc/planning_with_ros2/install/base_msgs:/home/abc/perception_with_ros2/install/data_plot_per:/home/abc/planning_with_ros2/install/data_plot:/opt/ros/humble LD_LIBRARY_PATH=/home/abc/perception_with_ros2/install/base_msgs_per/lib:${LD_LIBRARY_PATH} PYTHONPATH=/home/abc/perception_with_ros2/install/base_msgs_per/local/lib/python3.10/dist-packages:${PYTHONPATH} /usr/local/bin/cmake /home/abc/perception_with_ros2/src/perception -DCMAKE_INSTALL_PREFIX=/home/abc/perception_with_ros2/install/perception
[1.019s] Invoking command in '/home/abc/perception_with_ros2/build/perception': CMAKE_PREFIX_PATH=/home/abc/perception_with_ros2/install/base_msgs_per:/home/abc/perception_with_ros2/install/perception:/home/abc/planning_with_ros2/install/planning:/home/abc/planning_with_ros2/install/base_msgs:/home/abc/perception_with_ros2/install/data_plot_per:/home/abc/planning_with_ros2/install/data_plot:/opt/ros/humble LD_LIBRARY_PATH=/home/abc/perception_with_ros2/install/base_msgs_per/lib:${LD_LIBRARY_PATH} PYTHONPATH=/home/abc/perception_with_ros2/install/base_msgs_per/local/lib/python3.10/dist-packages:${PYTHONPATH} /usr/local/bin/cmake --build /home/abc/perception_with_ros2/build/perception -- -j12 -l12
[1.037s] [  2%] [32mBuilding CXX object src/common/CMakeFiles/config_reader.dir/config_reader/config_reader.cpp.o[0m
[1.037s] [  7%] [32mBuilding CXX object src/test/CMakeFiles/osqp_test.dir/osqp_test/osqp_test.cpp.o[0m
[1.037s] [  7%] [32mBuilding CXX object src/common/CMakeFiles/mathlibs.dir/math/curve.cpp.o[0m
[1.037s] [ 10%] [32mBuilding CXX object src/test/CMakeFiles/newton_test.dir/newton_test/newton_test.cpp.o[0m
[1.037s] [ 12%] [32mBuilding CXX object src/common/CMakeFiles/mathlibs.dir/math/polynomial_curve.cpp.o[0m
[4.822s] [ 15%] [32m[1mLinking CXX shared library libconfig_reader.so[0m
[4.931s] [ 15%] Built target config_reader
[4.939s] [ 17%] [32mBuilding CXX object src/pnc_map_creator/CMakeFiles/pnc_map_creator.dir/pnc_map_straight/pnc_map_creator_straight.cpp.o[0m
[4.939s] [ 20%] [32mBuilding CXX object src/pnc_map_creator/CMakeFiles/pnc_map_creator.dir/pnc_map_sturn/pnc_map_creator_sturn.cpp.o[0m
[4.942s] [ 23%] [32mBuilding CXX object src/global_planner/CMakeFiles/global_planner.dir/global_planner_normal/global_planner_normal.cpp.o[0m
[5.064s] [ 25%] [32m[1mLinking CXX executable newton_test[0m
[5.167s] [ 25%] Built target newton_test
[5.602s] [ 28%] [32m[1mLinking CXX executable osqp_test[0m
[5.727s] [ 28%] Built target osqp_test
[8.392s] [ 30%] [32m[1mLinking CXX shared library libglobal_planner.so[0m
[8.500s] [ 30%] Built target global_planner
[8.508s] [ 33%] [32mBuilding CXX object src/global_planner/CMakeFiles/global_path_server.dir/global_path_server.cpp.o[0m
[8.651s] [ 35%] [32m[1mLinking CXX shared library libpnc_map_creator.so[0m
[8.779s] [ 35%] Built target pnc_map_creator
[8.787s] [ 38%] [32mBuilding CXX object src/pnc_map_creator/CMakeFiles/pnc_map_server.dir/pnc_map_server.cpp.o[0m
[14.448s] [ 41%] [32m[1mLinking CXX shared library libmathlibs.so[0m
[14.831s] [ 41%] Built target mathlibs
[14.839s] [ 46%] [32mBuilding CXX object src/vehicle_info/CMakeFiles/vehicle_info.dir/main_car/main_car_info.cpp.o[0m
[14.839s] [ 46%] [32mBuilding CXX object src/reference_line/CMakeFiles/reference_line.dir/reference_line_creator.cpp.o[0m
[14.839s] [ 51%] [32mBuilding CXX object src/vehicle_info/CMakeFiles/vehicle_info.dir/obs_car/obs_car_info.cpp.o[0m
[14.840s] [ 51%] [32mBuilding CXX object src/reference_line/CMakeFiles/reference_line.dir/reference_line_smoother.cpp.o[0m
[14.842s] [ 53%] [32m[1mLinking CXX executable global_path_server[0m
[15.086s] [ 53%] Built target global_path_server
[15.210s] [ 56%] [32m[1mLinking CXX executable pnc_map_server[0m
[15.485s] [ 56%] Built target pnc_map_server
[18.207s] [ 58%] [32m[1mLinking CXX shared library libvehicle_info.so[0m
[18.410s] [ 58%] Built target vehicle_info
[18.417s] [ 61%] [32mBuilding CXX object src/decision_center/CMakeFiles/decision_center.dir/decision_center.cpp.o[0m
[18.417s] [ 66%] [32mBuilding CXX object src/move_cmd/CMakeFiles/car_move_cmd.dir/car_move_cmd.cpp.o[0m
[18.418s] [ 66%] [32mBuilding CXX object src/move_cmd/CMakeFiles/obs_move_cmd.dir/obs_move_cmd.cpp.o[0m
[19.800s] [ 69%] [32m[1mLinking CXX shared library libreference_line.so[0m
[20.048s] [ 69%] Built target reference_line
[21.778s] [ 71%] [32m[1mLinking CXX shared library libdecision_center.so[0m
[21.916s] [ 71%] Built target decision_center
[21.926s] [ 74%] [32mBuilding CXX object src/local_planner/CMakeFiles/local_planner.dir/local_trajectory_combiner.cpp.o[0m
[21.927s] [ 76%] [32mBuilding CXX object src/local_planner/CMakeFiles/local_planner.dir/local_path/local_path_planner.cpp.o[0m
[21.929s] [ 82%] [32mBuilding CXX object src/local_planner/CMakeFiles/local_planner.dir/local_speeds/local_speeds_smoother.cpp.o[0m
[21.929s] [ 84%] [32mBuilding CXX object src/local_planner/CMakeFiles/local_planner.dir/local_speeds/local_speeds_planner.cpp.o[0m
[21.929s] [ 82%] [32mBuilding CXX object src/local_planner/CMakeFiles/local_planner.dir/local_path/local_path_smoother.cpp.o[0m
[23.311s] [ 87%] [32m[1mLinking CXX executable obs_move_cmd[0m
[23.602s] [ 87%] Built target obs_move_cmd
[24.768s] [01m[K/home/abc/perception_with_ros2/src/perception/src/local_planner/local_trajectory_combiner.cpp:[m[K In member function ‘[01m[Kbase_msgs_per::msg::LocalTrajectory Perception::LocalTrajectoryCombiner::combin_trajectory(const LocalPath&, const LocalSpeeds&)[m[K’:
[24.768s] [01m[K/home/abc/perception_with_ros2/src/perception/src/local_planner/local_trajectory_combiner.cpp:15:19:[m[K [01;35m[Kwarning: [m[Kunused variable ‘[01m[Kspeeds_size[m[K’ [[01;35m[K]8;;https://gcc.gnu.org/onlinedocs/gcc/Warning-Options.html#index-Wunused-variable-Wunused-variable]8;;[m[K]
[24.768s]    15 |         const int [01;35m[Kspeeds_size[m[K = speeds.local_speeds.size();
[24.768s]       |                   [01;35m[K^~~~~~~~~~~[m[K
[26.863s] [ 89%] [32m[1mLinking CXX shared library liblocal_planner.so[0m
[27.068s] [ 89%] Built target local_planner
[27.079s] [ 92%] [32mBuilding CXX object src/perception_process/CMakeFiles/perception_process.dir/perception_process_main.cpp.o[0m
[27.079s] [ 94%] [32mBuilding CXX object src/perception_process/CMakeFiles/perception_process.dir/perception_process.cpp.o[0m
[27.716s] [ 97%] [32m[1mLinking CXX executable car_move_cmd[0m
[28.194s] [ 97%] Built target car_move_cmd
[40.283s] [100%] [32m[1mLinking CXX executable perception_process[0m
[40.908s] [100%] Built target perception_process
[40.913s] Invoked command in '/home/abc/perception_with_ros2/build/perception' returned '0': CMAKE_PREFIX_PATH=/home/abc/perception_with_ros2/install/base_msgs_per:/home/abc/perception_with_ros2/install/perception:/home/abc/planning_with_ros2/install/planning:/home/abc/planning_with_ros2/install/base_msgs:/home/abc/perception_with_ros2/install/data_plot_per:/home/abc/planning_with_ros2/install/data_plot:/opt/ros/humble LD_LIBRARY_PATH=/home/abc/perception_with_ros2/install/base_msgs_per/lib:${LD_LIBRARY_PATH} PYTHONPATH=/home/abc/perception_with_ros2/install/base_msgs_per/local/lib/python3.10/dist-packages:${PYTHONPATH} /usr/local/bin/cmake --build /home/abc/perception_with_ros2/build/perception -- -j12 -l12
[40.915s] Invoking command in '/home/abc/perception_with_ros2/build/perception': CMAKE_PREFIX_PATH=/home/abc/perception_with_ros2/install/base_msgs_per:/home/abc/perception_with_ros2/install/perception:/home/abc/planning_with_ros2/install/planning:/home/abc/planning_with_ros2/install/base_msgs:/home/abc/perception_with_ros2/install/data_plot_per:/home/abc/planning_with_ros2/install/data_plot:/opt/ros/humble LD_LIBRARY_PATH=/home/abc/perception_with_ros2/install/base_msgs_per/lib:${LD_LIBRARY_PATH} PYTHONPATH=/home/abc/perception_with_ros2/install/base_msgs_per/local/lib/python3.10/dist-packages:${PYTHONPATH} /usr/local/bin/cmake --install /home/abc/perception_with_ros2/build/perception
[40.917s] -- Install configuration: ""
[40.917s] -- Installing: /home/abc/perception_with_ros2/install/perception/lib/libconfig_reader.so
[40.918s] -- Set non-toolchain portion of runtime path of "/home/abc/perception_with_ros2/install/perception/lib/libconfig_reader.so" to ""
[40.918s] -- Installing: /home/abc/perception_with_ros2/install/perception/lib/libmathlibs.so
[40.922s] -- Set non-toolchain portion of runtime path of "/home/abc/perception_with_ros2/install/perception/lib/libmathlibs.so" to ""
[40.922s] -- Installing: /home/abc/perception_with_ros2/install/perception/lib/libdecision_center.so
[40.923s] -- Set non-toolchain portion of runtime path of "/home/abc/perception_with_ros2/install/perception/lib/libdecision_center.so" to ""
[40.923s] -- Installing: /home/abc/perception_with_ros2/install/perception/lib/libpnc_map_creator.so
[40.924s] -- Set non-toolchain portion of runtime path of "/home/abc/perception_with_ros2/install/perception/lib/libpnc_map_creator.so" to ""
[40.924s] -- Installing: /home/abc/perception_with_ros2/install/perception/lib/perception/pnc_map_server
[40.925s] -- Set non-toolchain portion of runtime path of "/home/abc/perception_with_ros2/install/perception/lib/perception/pnc_map_server" to ""
[40.925s] -- Installing: /home/abc/perception_with_ros2/install/perception/lib/libglobal_planner.so
[40.926s] -- Set non-toolchain portion of runtime path of "/home/abc/perception_with_ros2/install/perception/lib/libglobal_planner.so" to ""
[40.926s] -- Installing: /home/abc/perception_with_ros2/install/perception/lib/perception/global_path_server
[40.927s] -- Set non-toolchain portion of runtime path of "/home/abc/perception_with_ros2/install/perception/lib/perception/global_path_server" to ""
[40.928s] -- Installing: /home/abc/perception_with_ros2/install/perception/lib/liblocal_planner.so
[40.928s] -- Set non-toolchain portion of runtime path of "/home/abc/perception_with_ros2/install/perception/lib/liblocal_planner.so" to ""
[40.928s] -- Installing: /home/abc/perception_with_ros2/install/perception/lib/libreference_line.so
[40.929s] -- Set non-toolchain portion of runtime path of "/home/abc/perception_with_ros2/install/perception/lib/libreference_line.so" to ""
[40.930s] -- Installing: /home/abc/perception_with_ros2/install/perception/lib/perception/osqp_test
[40.930s] -- Set non-toolchain portion of runtime path of "/home/abc/perception_with_ros2/install/perception/lib/perception/osqp_test" to ""
[40.930s] -- Installing: /home/abc/perception_with_ros2/install/perception/lib/perception/newton_test
[40.931s] -- Set non-toolchain portion of runtime path of "/home/abc/perception_with_ros2/install/perception/lib/perception/newton_test" to ""
[40.931s] -- Installing: /home/abc/perception_with_ros2/install/perception/lib/libvehicle_info.so
[40.931s] -- Set non-toolchain portion of runtime path of "/home/abc/perception_with_ros2/install/perception/lib/libvehicle_info.so" to ""
[40.931s] -- Installing: /home/abc/perception_with_ros2/install/perception/lib/perception/perception_process
[40.936s] -- Set non-toolchain portion of runtime path of "/home/abc/perception_with_ros2/install/perception/lib/perception/perception_process" to ""
[40.936s] -- Installing: /home/abc/perception_with_ros2/install/perception/lib/perception/car_move_cmd
[40.939s] -- Set non-toolchain portion of runtime path of "/home/abc/perception_with_ros2/install/perception/lib/perception/car_move_cmd" to ""
[40.939s] -- Installing: /home/abc/perception_with_ros2/install/perception/lib/perception/obs_move_cmd
[40.940s] -- Set non-toolchain portion of runtime path of "/home/abc/perception_with_ros2/install/perception/lib/perception/obs_move_cmd" to ""
[40.940s] -- Installing: /home/abc/perception_with_ros2/install/perception/share/perception/config
[40.940s] -- Installing: /home/abc/perception_with_ros2/install/perception/share/perception/config/perception_static_obs_config.yaml
[40.941s] -- Installing: /home/abc/perception_with_ros2/install/perception/share/perception/config/perception_dynamic_obs_config.yaml
[40.941s] -- Installing: /home/abc/perception_with_ros2/install/perception/share/perception/launch
[40.941s] -- Installing: /home/abc/perception_with_ros2/install/perception/share/perception/launch/perception_launch.py
[40.941s] -- Installing: /home/abc/perception_with_ros2/install/perception/share/perception/launch/move_cmd_launch.py
[40.941s] -- Installing: /home/abc/perception_with_ros2/install/perception/share/perception/urdf
[40.941s] -- Installing: /home/abc/perception_with_ros2/install/perception/share/perception/urdf/main_car
[40.941s] -- Installing: /home/abc/perception_with_ros2/install/perception/share/perception/urdf/main_car/car_camera.xacro
[40.941s] -- Installing: /home/abc/perception_with_ros2/install/perception/share/perception/urdf/main_car/car_base.xacro
[40.941s] -- Installing: /home/abc/perception_with_ros2/install/perception/share/perception/urdf/main_car/car_radar.xacro
[40.941s] -- Installing: /home/abc/perception_with_ros2/install/perception/share/perception/urdf/main_car/car.xacro
[40.942s] -- Installing: /home/abc/perception_with_ros2/install/perception/share/perception/urdf/main_car/car_wheels.xacro
[40.942s] -- Installing: /home/abc/perception_with_ros2/install/perception/share/perception/urdf/obs_car
[40.942s] -- Installing: /home/abc/perception_with_ros2/install/perception/share/perception/urdf/obs_car/obs_car.xacro
[40.942s] -- Installing: /home/abc/perception_with_ros2/install/perception/share/perception/rviz
[40.942s] -- Installing: /home/abc/perception_with_ros2/install/perception/share/perception/rviz/perception.rviz
[40.942s] -- Installing: /home/abc/perception_with_ros2/install/perception/share/ament_index/resource_index/package_run_dependencies/perception
[40.942s] -- Installing: /home/abc/perception_with_ros2/install/perception/share/ament_index/resource_index/parent_prefix_path/perception
[40.942s] -- Installing: /home/abc/perception_with_ros2/install/perception/share/perception/environment/ament_prefix_path.sh
[40.942s] -- Installing: /home/abc/perception_with_ros2/install/perception/share/perception/environment/ament_prefix_path.dsv
[40.942s] -- Installing: /home/abc/perception_with_ros2/install/perception/share/perception/environment/path.sh
[40.942s] -- Installing: /home/abc/perception_with_ros2/install/perception/share/perception/environment/path.dsv
[40.943s] -- Installing: /home/abc/perception_with_ros2/install/perception/share/perception/local_setup.bash
[40.943s] -- Installing: /home/abc/perception_with_ros2/install/perception/share/perception/local_setup.sh
[40.943s] -- Installing: /home/abc/perception_with_ros2/install/perception/share/perception/local_setup.zsh
[40.943s] -- Installing: /home/abc/perception_with_ros2/install/perception/share/perception/local_setup.dsv
[40.943s] -- Installing: /home/abc/perception_with_ros2/install/perception/share/perception/package.dsv
[40.943s] -- Installing: /home/abc/perception_with_ros2/install/perception/share/ament_index/resource_index/packages/perception
[40.943s] -- Installing: /home/abc/perception_with_ros2/install/perception/share/perception/cmake/perceptionConfig.cmake
[40.943s] -- Installing: /home/abc/perception_with_ros2/install/perception/share/perception/cmake/perceptionConfig-version.cmake
[40.943s] -- Installing: /home/abc/perception_with_ros2/install/perception/share/perception/package.xml
[40.945s] Invoked command in '/home/abc/perception_with_ros2/build/perception' returned '0': CMAKE_PREFIX_PATH=/home/abc/perception_with_ros2/install/base_msgs_per:/home/abc/perception_with_ros2/install/perception:/home/abc/planning_with_ros2/install/planning:/home/abc/planning_with_ros2/install/base_msgs:/home/abc/perception_with_ros2/install/data_plot_per:/home/abc/planning_with_ros2/install/data_plot:/opt/ros/humble LD_LIBRARY_PATH=/home/abc/perception_with_ros2/install/base_msgs_per/lib:${LD_LIBRARY_PATH} PYTHONPATH=/home/abc/perception_with_ros2/install/base_msgs_per/local/lib/python3.10/dist-packages:${PYTHONPATH} /usr/local/bin/cmake --install /home/abc/perception_with_ros2/build/perception
