running egg_info
creating ../../build/data_plot_per/data_plot_per.egg-info
writing ../../build/data_plot_per/data_plot_per.egg-info/PKG-INFO
writing dependency_links to ../../build/data_plot_per/data_plot_per.egg-info/dependency_links.txt
writing entry points to ../../build/data_plot_per/data_plot_per.egg-info/entry_points.txt
writing requirements to ../../build/data_plot_per/data_plot_per.egg-info/requires.txt
writing top-level names to ../../build/data_plot_per/data_plot_per.egg-info/top_level.txt
writing manifest file '../../build/data_plot_per/data_plot_per.egg-info/SOURCES.txt'
reading manifest file '../../build/data_plot_per/data_plot_per.egg-info/SOURCES.txt'
writing manifest file '../../build/data_plot_per/data_plot_per.egg-info/SOURCES.txt'
running build
running build_py
creating /home/abc/perception_with_ros2/build/data_plot_per/build
creating /home/abc/perception_with_ros2/build/data_plot_per/build/lib
creating /home/abc/perception_with_ros2/build/data_plot_per/build/lib/data_plot_per
copying data_plot_per/__init__.py -> /home/abc/perception_with_ros2/build/data_plot_per/build/lib/data_plot_per
copying data_plot_per/data_plot_per.py -> /home/abc/perception_with_ros2/build/data_plot_per/build/lib/data_plot_per
running install
running install_lib
creating /home/abc/perception_with_ros2/install/data_plot_per/lib/python3.10/site-packages/data_plot_per
copying /home/abc/perception_with_ros2/build/data_plot_per/build/lib/data_plot_per/__init__.py -> /home/abc/perception_with_ros2/install/data_plot_per/lib/python3.10/site-packages/data_plot_per
copying /home/abc/perception_with_ros2/build/data_plot_per/build/lib/data_plot_per/data_plot_per.py -> /home/abc/perception_with_ros2/install/data_plot_per/lib/python3.10/site-packages/data_plot_per
byte-compiling /home/abc/perception_with_ros2/install/data_plot_per/lib/python3.10/site-packages/data_plot_per/__init__.py to __init__.cpython-310.pyc
byte-compiling /home/abc/perception_with_ros2/install/data_plot_per/lib/python3.10/site-packages/data_plot_per/data_plot_per.py to data_plot_per.cpython-310.pyc
running install_data
creating /home/abc/perception_with_ros2/install/data_plot_per/share/ament_index
creating /home/abc/perception_with_ros2/install/data_plot_per/share/ament_index/resource_index
creating /home/abc/perception_with_ros2/install/data_plot_per/share/ament_index/resource_index/packages
copying resource/data_plot_per -> /home/abc/perception_with_ros2/install/data_plot_per/share/ament_index/resource_index/packages
copying package.xml -> /home/abc/perception_with_ros2/install/data_plot_per/share/data_plot_per
running install_egg_info
Copying ../../build/data_plot_per/data_plot_per.egg-info to /home/abc/perception_with_ros2/install/data_plot_per/lib/python3.10/site-packages/data_plot_per-0.0.0-py3.10.egg-info
running install_scripts
Installing data_plot_per script to /home/abc/perception_with_ros2/install/data_plot_per/lib/data_plot_per
writing list of installed files to '/home/abc/perception_with_ros2/build/data_plot_per/install.log'
