[  2%] [32mBuilding CXX object src/common/CMakeFiles/config_reader.dir/config_reader/config_reader.cpp.o[0m
[  7%] Built target osqp_test
[ 15%] Built target mathlibs
[ 20%] Built target newton_test
[ 23%] [32m[1mLinking CXX shared library libconfig_reader.so[0m
[ 23%] Built target config_reader
[ 25%] [32mBuilding CXX object src/global_planner/CMakeFiles/global_planner.dir/global_planner_normal/global_planner_normal.cpp.o[0m
[ 28%] [32mBuilding CXX object src/pnc_map_creator/CMakeFiles/pnc_map_creator.dir/pnc_map_straight/pnc_map_creator_straight.cpp.o[0m
[ 30%] [32mBuilding CXX object src/pnc_map_creator/CMakeFiles/pnc_map_creator.dir/pnc_map_sturn/pnc_map_creator_sturn.cpp.o[0m
[ 33%] [32mBuilding CXX object src/vehicle_info/CMakeFiles/vehicle_info.dir/main_car/main_car_info.cpp.o[0m
[ 35%] [32mBuilding CXX object src/vehicle_info/CMakeFiles/vehicle_info.dir/obs_car/obs_car_info.cpp.o[0m
[ 38%] [32mBuilding CXX object src/reference_line/CMakeFiles/reference_line.dir/reference_line_creator.cpp.o[0m
[ 41%] [32mBuilding CXX object src/reference_line/CMakeFiles/reference_line.dir/reference_line_smoother.cpp.o[0m
[ 43%] [32m[1mLinking CXX shared library libglobal_planner.so[0m
[ 43%] Built target global_planner
[ 46%] [32mBuilding CXX object src/global_planner/CMakeFiles/global_path_server.dir/global_path_server.cpp.o[0m
[ 48%] [32m[1mLinking CXX shared library libvehicle_info.so[0m
[ 48%] Built target vehicle_info
[ 51%] [32mBuilding CXX object src/move_cmd/CMakeFiles/car_move_cmd.dir/car_move_cmd.cpp.o[0m
[ 56%] [32mBuilding CXX object src/decision_center/CMakeFiles/decision_center.dir/decision_center.cpp.o[0m
[ 56%] [32mBuilding CXX object src/move_cmd/CMakeFiles/obs_move_cmd.dir/obs_move_cmd.cpp.o[0m
[ 58%] [32m[1mLinking CXX shared library libpnc_map_creator.so[0m
[ 58%] Built target pnc_map_creator
[ 61%] [32mBuilding CXX object src/pnc_map_creator/CMakeFiles/pnc_map_server.dir/pnc_map_server.cpp.o[0m
[ 64%] [32m[1mLinking CXX shared library libreference_line.so[0m
[ 64%] Built target reference_line
[ 66%] [32m[1mLinking CXX shared library libdecision_center.so[0m
[ 66%] Built target decision_center
[ 69%] [32mBuilding CXX object src/local_planner/CMakeFiles/local_planner.dir/local_trajectory_combiner.cpp.o[0m
[ 71%] [32mBuilding CXX object src/local_planner/CMakeFiles/local_planner.dir/local_path/local_path_planner.cpp.o[0m
[ 74%] [32mBuilding CXX object src/local_planner/CMakeFiles/local_planner.dir/local_path/local_path_smoother.cpp.o[0m
[ 76%] [32mBuilding CXX object src/local_planner/CMakeFiles/local_planner.dir/local_speeds/local_speeds_planner.cpp.o[0m
[ 79%] [32mBuilding CXX object src/local_planner/CMakeFiles/local_planner.dir/local_speeds/local_speeds_smoother.cpp.o[0m
[ 82%] [32m[1mLinking CXX executable obs_move_cmd[0m
[ 82%] Built target obs_move_cmd
[ 84%] [32m[1mLinking CXX executable global_path_server[0m
[ 84%] Built target global_path_server
[ 87%] [32m[1mLinking CXX executable pnc_map_server[0m
[ 87%] Built target pnc_map_server
[ 89%] [32m[1mLinking CXX executable car_move_cmd[0m
[ 92%] [32m[1mLinking CXX shared library liblocal_planner.so[0m
[ 92%] Built target car_move_cmd
[ 92%] Built target local_planner
[ 94%] [32mBuilding CXX object src/perception_process/CMakeFiles/perception_process.dir/perception_process_main.cpp.o[0m
[ 97%] [32mBuilding CXX object src/perception_process/CMakeFiles/perception_process.dir/perception_process.cpp.o[0m
[100%] [32m[1mLinking CXX executable perception_process[0m
[100%] Built target perception_process
-- Install configuration: ""
-- Installing: /home/abc/perception_with_ros2/install/perception/lib/libconfig_reader.so
-- Set non-toolchain portion of runtime path of "/home/abc/perception_with_ros2/install/perception/lib/libconfig_reader.so" to ""
-- Up-to-date: /home/abc/perception_with_ros2/install/perception/lib/libmathlibs.so
-- Installing: /home/abc/perception_with_ros2/install/perception/lib/libdecision_center.so
-- Set non-toolchain portion of runtime path of "/home/abc/perception_with_ros2/install/perception/lib/libdecision_center.so" to ""
-- Installing: /home/abc/perception_with_ros2/install/perception/lib/libpnc_map_creator.so
-- Set non-toolchain portion of runtime path of "/home/abc/perception_with_ros2/install/perception/lib/libpnc_map_creator.so" to ""
-- Installing: /home/abc/perception_with_ros2/install/perception/lib/perception/pnc_map_server
-- Set non-toolchain portion of runtime path of "/home/abc/perception_with_ros2/install/perception/lib/perception/pnc_map_server" to ""
-- Installing: /home/abc/perception_with_ros2/install/perception/lib/libglobal_planner.so
-- Set non-toolchain portion of runtime path of "/home/abc/perception_with_ros2/install/perception/lib/libglobal_planner.so" to ""
-- Installing: /home/abc/perception_with_ros2/install/perception/lib/perception/global_path_server
-- Set non-toolchain portion of runtime path of "/home/abc/perception_with_ros2/install/perception/lib/perception/global_path_server" to ""
-- Installing: /home/abc/perception_with_ros2/install/perception/lib/liblocal_planner.so
-- Set non-toolchain portion of runtime path of "/home/abc/perception_with_ros2/install/perception/lib/liblocal_planner.so" to ""
-- Installing: /home/abc/perception_with_ros2/install/perception/lib/libreference_line.so
-- Set non-toolchain portion of runtime path of "/home/abc/perception_with_ros2/install/perception/lib/libreference_line.so" to ""
-- Up-to-date: /home/abc/perception_with_ros2/install/perception/lib/perception/osqp_test
-- Up-to-date: /home/abc/perception_with_ros2/install/perception/lib/perception/newton_test
-- Installing: /home/abc/perception_with_ros2/install/perception/lib/libvehicle_info.so
-- Set non-toolchain portion of runtime path of "/home/abc/perception_with_ros2/install/perception/lib/libvehicle_info.so" to ""
-- Installing: /home/abc/perception_with_ros2/install/perception/lib/perception/perception_process
-- Set non-toolchain portion of runtime path of "/home/abc/perception_with_ros2/install/perception/lib/perception/perception_process" to ""
-- Installing: /home/abc/perception_with_ros2/install/perception/lib/perception/car_move_cmd
-- Set non-toolchain portion of runtime path of "/home/abc/perception_with_ros2/install/perception/lib/perception/car_move_cmd" to ""
-- Installing: /home/abc/perception_with_ros2/install/perception/lib/perception/obs_move_cmd
-- Set non-toolchain portion of runtime path of "/home/abc/perception_with_ros2/install/perception/lib/perception/obs_move_cmd" to ""
-- Up-to-date: /home/abc/perception_with_ros2/install/perception/share/perception/config
-- Up-to-date: /home/abc/perception_with_ros2/install/perception/share/perception/config/perception_static_obs_config.yaml
-- Installing: /home/abc/perception_with_ros2/install/perception/share/perception/config/perception_dynamic_obs_config.yaml
-- Up-to-date: /home/abc/perception_with_ros2/install/perception/share/perception/launch
-- Up-to-date: /home/abc/perception_with_ros2/install/perception/share/perception/launch/perception_launch.py
-- Up-to-date: /home/abc/perception_with_ros2/install/perception/share/perception/launch/move_cmd_launch.py
-- Up-to-date: /home/abc/perception_with_ros2/install/perception/share/perception/urdf
-- Up-to-date: /home/abc/perception_with_ros2/install/perception/share/perception/urdf/main_car
-- Up-to-date: /home/abc/perception_with_ros2/install/perception/share/perception/urdf/main_car/car_camera.xacro
-- Up-to-date: /home/abc/perception_with_ros2/install/perception/share/perception/urdf/main_car/car_base.xacro
-- Up-to-date: /home/abc/perception_with_ros2/install/perception/share/perception/urdf/main_car/car_radar.xacro
-- Up-to-date: /home/abc/perception_with_ros2/install/perception/share/perception/urdf/main_car/car.xacro
-- Up-to-date: /home/abc/perception_with_ros2/install/perception/share/perception/urdf/main_car/car_wheels.xacro
-- Up-to-date: /home/abc/perception_with_ros2/install/perception/share/perception/urdf/obs_car
-- Installing: /home/abc/perception_with_ros2/install/perception/share/perception/urdf/obs_car/obs_car.xacro
-- Up-to-date: /home/abc/perception_with_ros2/install/perception/share/perception/rviz
-- Up-to-date: /home/abc/perception_with_ros2/install/perception/share/perception/rviz/perception.rviz
-- Up-to-date: /home/abc/perception_with_ros2/install/perception/share/ament_index/resource_index/package_run_dependencies/perception
-- Up-to-date: /home/abc/perception_with_ros2/install/perception/share/ament_index/resource_index/parent_prefix_path/perception
-- Up-to-date: /home/abc/perception_with_ros2/install/perception/share/perception/environment/ament_prefix_path.sh
-- Up-to-date: /home/abc/perception_with_ros2/install/perception/share/perception/environment/ament_prefix_path.dsv
-- Up-to-date: /home/abc/perception_with_ros2/install/perception/share/perception/environment/path.sh
-- Up-to-date: /home/abc/perception_with_ros2/install/perception/share/perception/environment/path.dsv
-- Up-to-date: /home/abc/perception_with_ros2/install/perception/share/perception/local_setup.bash
-- Up-to-date: /home/abc/perception_with_ros2/install/perception/share/perception/local_setup.sh
-- Up-to-date: /home/abc/perception_with_ros2/install/perception/share/perception/local_setup.zsh
-- Up-to-date: /home/abc/perception_with_ros2/install/perception/share/perception/local_setup.dsv
-- Installing: /home/abc/perception_with_ros2/install/perception/share/perception/package.dsv
-- Up-to-date: /home/abc/perception_with_ros2/install/perception/share/ament_index/resource_index/packages/perception
-- Up-to-date: /home/abc/perception_with_ros2/install/perception/share/perception/cmake/perceptionConfig.cmake
-- Up-to-date: /home/abc/perception_with_ros2/install/perception/share/perception/cmake/perceptionConfig-version.cmake
-- Up-to-date: /home/abc/perception_with_ros2/install/perception/share/perception/package.xml
