[0.681s] Invoking command in '/home/abc/perception_with_ros2/src/data_plot_per': PYTHONPATH=/home/abc/perception_with_ros2/build/data_plot_per/prefix_override:/usr/lib/python3/dist-packages/colcon_core/task/python/colcon_distutils_commands:/home/abc/perception_with_ros2/install/data_plot_per/lib/python3.10/site-packages:${PYTHONPATH} /usr/bin/python3 -W ignore:setup.py install is deprecated -W ignore:easy_install command is deprecated setup.py egg_info --egg-base ../../build/data_plot_per build --build-base /home/abc/perception_with_ros2/build/data_plot_per/build install --record /home/abc/perception_with_ros2/build/data_plot_per/install.log --single-version-externally-managed install_data
[0.915s] running egg_info
[0.917s] writing ../../build/data_plot_per/data_plot_per.egg-info/PKG-INFO
[0.917s] writing dependency_links to ../../build/data_plot_per/data_plot_per.egg-info/dependency_links.txt
[0.917s] writing entry points to ../../build/data_plot_per/data_plot_per.egg-info/entry_points.txt
[0.917s] writing requirements to ../../build/data_plot_per/data_plot_per.egg-info/requires.txt
[0.917s] writing top-level names to ../../build/data_plot_per/data_plot_per.egg-info/top_level.txt
[0.919s] reading manifest file '../../build/data_plot_per/data_plot_per.egg-info/SOURCES.txt'
[0.919s] writing manifest file '../../build/data_plot_per/data_plot_per.egg-info/SOURCES.txt'
[0.919s] running build
[0.919s] running build_py
[0.920s] running install
[0.920s] running install_lib
[0.921s] running install_data
[0.921s] running install_egg_info
[0.923s] removing '/home/abc/perception_with_ros2/install/data_plot_per/lib/python3.10/site-packages/data_plot_per-0.0.0-py3.10.egg-info' (and everything under it)
[0.923s] Copying ../../build/data_plot_per/data_plot_per.egg-info to /home/abc/perception_with_ros2/install/data_plot_per/lib/python3.10/site-packages/data_plot_per-0.0.0-py3.10.egg-info
[0.923s] running install_scripts
[0.942s] Installing data_plot_per script to /home/abc/perception_with_ros2/install/data_plot_per/lib/data_plot_per
[0.942s] writing list of installed files to '/home/abc/perception_with_ros2/build/data_plot_per/install.log'
[0.961s] Invoked command in '/home/abc/perception_with_ros2/src/data_plot_per' returned '0': PYTHONPATH=/home/abc/perception_with_ros2/build/data_plot_per/prefix_override:/usr/lib/python3/dist-packages/colcon_core/task/python/colcon_distutils_commands:/home/abc/perception_with_ros2/install/data_plot_per/lib/python3.10/site-packages:${PYTHONPATH} /usr/bin/python3 -W ignore:setup.py install is deprecated -W ignore:easy_install command is deprecated setup.py egg_info --egg-base ../../build/data_plot_per build --build-base /home/abc/perception_with_ros2/build/data_plot_per/build install --record /home/abc/perception_with_ros2/build/data_plot_per/install.log --single-version-externally-managed install_data
