[0.116s] DEBUG:colcon:Command line arguments: ['/usr/bin/colcon', 'build']
[0.116s] DEBUG:colcon:Parsed command line arguments: Namespace(log_base=None, log_level=None, verb_name='build', build_base='build', install_base='install', merge_install=False, symlink_install=False, test_result_base=None, continue_on_error=False, executor='parallel', parallel_workers=12, event_handlers=None, ignore_user_meta=False, metas=['./colcon.meta'], base_paths=['.'], packages_ignore=None, packages_ignore_regex=None, paths=None, packages_up_to=None, packages_up_to_regex=None, packages_above=None, packages_above_and_dependencies=None, packages_above_depth=None, packages_select_by_dep=None, packages_skip_by_dep=None, packages_skip_up_to=None, packages_select_build_failed=False, packages_skip_build_finished=False, packages_select_test_failures=False, packages_skip_test_passed=False, packages_select=None, packages_skip=None, packages_select_regex=None, packages_skip_regex=None, packages_start=None, packages_end=None, allow_overriding=[], cmake_args=None, cmake_target=None, cmake_target_skip_unavailable=False, cmake_clean_cache=False, cmake_clean_first=False, cmake_force_configure=False, ament_cmake_args=None, catkin_cmake_args=None, catkin_skip_building_tests=False, verb_parser=<colcon_defaults.argument_parser.defaults.DefaultArgumentsDecorator object at 0x71d2e5c65120>, verb_extension=<colcon_core.verb.build.BuildVerb object at 0x71d2e5dd97b0>, main=<bound method BuildVerb.main of <colcon_core.verb.build.BuildVerb object at 0x71d2e5dd97b0>>)
[0.287s] Level 1:colcon.colcon_core.package_discovery:discover_packages(colcon_meta) check parameters
[0.287s] Level 1:colcon.colcon_core.package_discovery:discover_packages(recursive) check parameters
[0.287s] Level 1:colcon.colcon_core.package_discovery:discover_packages(ignore) check parameters
[0.287s] Level 1:colcon.colcon_core.package_discovery:discover_packages(path) check parameters
[0.287s] Level 1:colcon.colcon_core.package_discovery:discover_packages(colcon_meta) discover
[0.287s] Level 1:colcon.colcon_core.package_discovery:discover_packages(recursive) discover
[0.287s] INFO:colcon.colcon_core.package_discovery:Crawling recursively for packages in '/home/abc/perception_with_ros2'
[0.287s] Level 1:colcon.colcon_core.package_identification:_identify(.) by extensions ['ignore', 'ignore_ament_install']
[0.287s] Level 1:colcon.colcon_core.package_identification:_identify(.) by extension 'ignore'
[0.287s] Level 1:colcon.colcon_core.package_identification:_identify(.) by extension 'ignore_ament_install'
[0.287s] Level 1:colcon.colcon_core.package_identification:_identify(.) by extensions ['colcon_pkg']
[0.287s] Level 1:colcon.colcon_core.package_identification:_identify(.) by extension 'colcon_pkg'
[0.287s] Level 1:colcon.colcon_core.package_identification:_identify(.) by extensions ['colcon_meta']
[0.287s] Level 1:colcon.colcon_core.package_identification:_identify(.) by extension 'colcon_meta'
[0.288s] Level 1:colcon.colcon_core.package_identification:_identify(.) by extensions ['ros']
[0.288s] Level 1:colcon.colcon_core.package_identification:_identify(.) by extension 'ros'
[0.299s] Level 1:colcon.colcon_core.package_identification:_identify(.) by extensions ['cmake', 'python']
[0.299s] Level 1:colcon.colcon_core.package_identification:_identify(.) by extension 'cmake'
[0.300s] Level 1:colcon.colcon_core.package_identification:_identify(.) by extension 'python'
[0.300s] Level 1:colcon.colcon_core.package_identification:_identify(.) by extensions ['python_setup_py']
[0.300s] Level 1:colcon.colcon_core.package_identification:_identify(.) by extension 'python_setup_py'
[0.300s] Level 1:colcon.colcon_core.package_identification:_identify(build) by extensions ['ignore', 'ignore_ament_install']
[0.300s] Level 1:colcon.colcon_core.package_identification:_identify(build) by extension 'ignore'
[0.300s] Level 1:colcon.colcon_core.package_identification:_identify(build) ignored
[0.300s] Level 1:colcon.colcon_core.package_identification:_identify(install) by extensions ['ignore', 'ignore_ament_install']
[0.300s] Level 1:colcon.colcon_core.package_identification:_identify(install) by extension 'ignore'
[0.300s] Level 1:colcon.colcon_core.package_identification:_identify(install) ignored
[0.300s] Level 1:colcon.colcon_core.package_identification:_identify(log) by extensions ['ignore', 'ignore_ament_install']
[0.300s] Level 1:colcon.colcon_core.package_identification:_identify(log) by extension 'ignore'
[0.300s] Level 1:colcon.colcon_core.package_identification:_identify(log) ignored
[0.300s] Level 1:colcon.colcon_core.package_identification:_identify(src) by extensions ['ignore', 'ignore_ament_install']
[0.301s] Level 1:colcon.colcon_core.package_identification:_identify(src) by extension 'ignore'
[0.301s] Level 1:colcon.colcon_core.package_identification:_identify(src) by extension 'ignore_ament_install'
[0.301s] Level 1:colcon.colcon_core.package_identification:_identify(src) by extensions ['colcon_pkg']
[0.301s] Level 1:colcon.colcon_core.package_identification:_identify(src) by extension 'colcon_pkg'
[0.301s] Level 1:colcon.colcon_core.package_identification:_identify(src) by extensions ['colcon_meta']
[0.301s] Level 1:colcon.colcon_core.package_identification:_identify(src) by extension 'colcon_meta'
[0.301s] Level 1:colcon.colcon_core.package_identification:_identify(src) by extensions ['ros']
[0.301s] Level 1:colcon.colcon_core.package_identification:_identify(src) by extension 'ros'
[0.301s] Level 1:colcon.colcon_core.package_identification:_identify(src) by extensions ['cmake', 'python']
[0.301s] Level 1:colcon.colcon_core.package_identification:_identify(src) by extension 'cmake'
[0.301s] Level 1:colcon.colcon_core.package_identification:_identify(src) by extension 'python'
[0.301s] Level 1:colcon.colcon_core.package_identification:_identify(src) by extensions ['python_setup_py']
[0.301s] Level 1:colcon.colcon_core.package_identification:_identify(src) by extension 'python_setup_py'
[0.301s] Level 1:colcon.colcon_core.package_identification:_identify(src/base_msgs_per) by extensions ['ignore', 'ignore_ament_install']
[0.301s] Level 1:colcon.colcon_core.package_identification:_identify(src/base_msgs_per) by extension 'ignore'
[0.301s] Level 1:colcon.colcon_core.package_identification:_identify(src/base_msgs_per) by extension 'ignore_ament_install'
[0.301s] Level 1:colcon.colcon_core.package_identification:_identify(src/base_msgs_per) by extensions ['colcon_pkg']
[0.301s] Level 1:colcon.colcon_core.package_identification:_identify(src/base_msgs_per) by extension 'colcon_pkg'
[0.301s] Level 1:colcon.colcon_core.package_identification:_identify(src/base_msgs_per) by extensions ['colcon_meta']
[0.302s] Level 1:colcon.colcon_core.package_identification:_identify(src/base_msgs_per) by extension 'colcon_meta'
[0.302s] Level 1:colcon.colcon_core.package_identification:_identify(src/base_msgs_per) by extensions ['ros']
[0.302s] Level 1:colcon.colcon_core.package_identification:_identify(src/base_msgs_per) by extension 'ros'
[0.305s] DEBUG:colcon.colcon_core.package_identification:Package 'src/base_msgs_per' with type 'ros.ament_cmake' and name 'base_msgs_per'
[0.305s] Level 1:colcon.colcon_core.package_identification:_identify(src/data_plot_per) by extensions ['ignore', 'ignore_ament_install']
[0.305s] Level 1:colcon.colcon_core.package_identification:_identify(src/data_plot_per) by extension 'ignore'
[0.305s] Level 1:colcon.colcon_core.package_identification:_identify(src/data_plot_per) by extension 'ignore_ament_install'
[0.306s] Level 1:colcon.colcon_core.package_identification:_identify(src/data_plot_per) by extensions ['colcon_pkg']
[0.306s] Level 1:colcon.colcon_core.package_identification:_identify(src/data_plot_per) by extension 'colcon_pkg'
[0.306s] Level 1:colcon.colcon_core.package_identification:_identify(src/data_plot_per) by extensions ['colcon_meta']
[0.306s] Level 1:colcon.colcon_core.package_identification:_identify(src/data_plot_per) by extension 'colcon_meta'
[0.306s] Level 1:colcon.colcon_core.package_identification:_identify(src/data_plot_per) by extensions ['ros']
[0.306s] Level 1:colcon.colcon_core.package_identification:_identify(src/data_plot_per) by extension 'ros'
[0.306s] DEBUG:colcon.colcon_core.package_identification:Package 'src/data_plot_per' with type 'ros.ament_python' and name 'data_plot_per'
[0.307s] Level 1:colcon.colcon_core.package_identification:_identify(src/perception) by extensions ['ignore', 'ignore_ament_install']
[0.307s] Level 1:colcon.colcon_core.package_identification:_identify(src/perception) by extension 'ignore'
[0.307s] Level 1:colcon.colcon_core.package_identification:_identify(src/perception) by extension 'ignore_ament_install'
[0.307s] Level 1:colcon.colcon_core.package_identification:_identify(src/perception) by extensions ['colcon_pkg']
[0.307s] Level 1:colcon.colcon_core.package_identification:_identify(src/perception) by extension 'colcon_pkg'
[0.307s] Level 1:colcon.colcon_core.package_identification:_identify(src/perception) by extensions ['colcon_meta']
[0.307s] Level 1:colcon.colcon_core.package_identification:_identify(src/perception) by extension 'colcon_meta'
[0.307s] Level 1:colcon.colcon_core.package_identification:_identify(src/perception) by extensions ['ros']
[0.307s] Level 1:colcon.colcon_core.package_identification:_identify(src/perception) by extension 'ros'
[0.308s] DEBUG:colcon.colcon_core.package_identification:Package 'src/perception' with type 'ros.ament_cmake' and name 'perception'
[0.308s] Level 1:colcon.colcon_core.package_discovery:discover_packages(recursive) using defaults
[0.308s] Level 1:colcon.colcon_core.package_discovery:discover_packages(ignore) discover
[0.309s] Level 1:colcon.colcon_core.package_discovery:discover_packages(ignore) using defaults
[0.309s] Level 1:colcon.colcon_core.package_discovery:discover_packages(path) discover
[0.309s] Level 1:colcon.colcon_core.package_discovery:discover_packages(path) using defaults
[0.340s] Level 1:colcon.colcon_core.package_discovery:discover_packages(prefix_path) check parameters
[0.340s] Level 1:colcon.colcon_core.package_discovery:discover_packages(prefix_path) discover
[0.342s] DEBUG:colcon.colcon_installed_package_information.package_discovery:Found 3 installed packages in /home/abc/perception_with_ros2/install
[0.343s] DEBUG:colcon.colcon_installed_package_information.package_discovery:Found 3 installed packages in /home/abc/planning_with_ros2/install
[0.344s] DEBUG:colcon.colcon_installed_package_information.package_discovery:Found 321 installed packages in /opt/ros/humble
[0.346s] Level 1:colcon.colcon_core.package_discovery:discover_packages(prefix_path) using defaults
[0.388s] Level 5:colcon.colcon_core.verb:set package 'base_msgs_per' build argument 'cmake_args' from command line to 'None'
[0.388s] Level 5:colcon.colcon_core.verb:set package 'base_msgs_per' build argument 'cmake_target' from command line to 'None'
[0.388s] Level 5:colcon.colcon_core.verb:set package 'base_msgs_per' build argument 'cmake_target_skip_unavailable' from command line to 'False'
[0.388s] Level 5:colcon.colcon_core.verb:set package 'base_msgs_per' build argument 'cmake_clean_cache' from command line to 'False'
[0.388s] Level 5:colcon.colcon_core.verb:set package 'base_msgs_per' build argument 'cmake_clean_first' from command line to 'False'
[0.388s] Level 5:colcon.colcon_core.verb:set package 'base_msgs_per' build argument 'cmake_force_configure' from command line to 'False'
[0.388s] Level 5:colcon.colcon_core.verb:set package 'base_msgs_per' build argument 'ament_cmake_args' from command line to 'None'
[0.388s] Level 5:colcon.colcon_core.verb:set package 'base_msgs_per' build argument 'catkin_cmake_args' from command line to 'None'
[0.388s] Level 5:colcon.colcon_core.verb:set package 'base_msgs_per' build argument 'catkin_skip_building_tests' from command line to 'False'
[0.388s] DEBUG:colcon.colcon_core.verb:Building package 'base_msgs_per' with the following arguments: {'ament_cmake_args': None, 'build_base': '/home/abc/perception_with_ros2/build/base_msgs_per', 'catkin_cmake_args': None, 'catkin_skip_building_tests': False, 'cmake_args': None, 'cmake_clean_cache': False, 'cmake_clean_first': False, 'cmake_force_configure': False, 'cmake_target': None, 'cmake_target_skip_unavailable': False, 'install_base': '/home/abc/perception_with_ros2/install/base_msgs_per', 'merge_install': False, 'path': '/home/abc/perception_with_ros2/src/base_msgs_per', 'symlink_install': False, 'test_result_base': None}
[0.388s] Level 5:colcon.colcon_core.verb:set package 'data_plot_per' build argument 'cmake_args' from command line to 'None'
[0.388s] Level 5:colcon.colcon_core.verb:set package 'data_plot_per' build argument 'cmake_target' from command line to 'None'
[0.388s] Level 5:colcon.colcon_core.verb:set package 'data_plot_per' build argument 'cmake_target_skip_unavailable' from command line to 'False'
[0.388s] Level 5:colcon.colcon_core.verb:set package 'data_plot_per' build argument 'cmake_clean_cache' from command line to 'False'
[0.388s] Level 5:colcon.colcon_core.verb:set package 'data_plot_per' build argument 'cmake_clean_first' from command line to 'False'
[0.388s] Level 5:colcon.colcon_core.verb:set package 'data_plot_per' build argument 'cmake_force_configure' from command line to 'False'
[0.389s] Level 5:colcon.colcon_core.verb:set package 'data_plot_per' build argument 'ament_cmake_args' from command line to 'None'
[0.389s] Level 5:colcon.colcon_core.verb:set package 'data_plot_per' build argument 'catkin_cmake_args' from command line to 'None'
[0.389s] Level 5:colcon.colcon_core.verb:set package 'data_plot_per' build argument 'catkin_skip_building_tests' from command line to 'False'
[0.389s] DEBUG:colcon.colcon_core.verb:Building package 'data_plot_per' with the following arguments: {'ament_cmake_args': None, 'build_base': '/home/abc/perception_with_ros2/build/data_plot_per', 'catkin_cmake_args': None, 'catkin_skip_building_tests': False, 'cmake_args': None, 'cmake_clean_cache': False, 'cmake_clean_first': False, 'cmake_force_configure': False, 'cmake_target': None, 'cmake_target_skip_unavailable': False, 'install_base': '/home/abc/perception_with_ros2/install/data_plot_per', 'merge_install': False, 'path': '/home/abc/perception_with_ros2/src/data_plot_per', 'symlink_install': False, 'test_result_base': None}
[0.389s] Level 5:colcon.colcon_core.verb:set package 'perception' build argument 'cmake_args' from command line to 'None'
[0.389s] Level 5:colcon.colcon_core.verb:set package 'perception' build argument 'cmake_target' from command line to 'None'
[0.389s] Level 5:colcon.colcon_core.verb:set package 'perception' build argument 'cmake_target_skip_unavailable' from command line to 'False'
[0.389s] Level 5:colcon.colcon_core.verb:set package 'perception' build argument 'cmake_clean_cache' from command line to 'False'
[0.389s] Level 5:colcon.colcon_core.verb:set package 'perception' build argument 'cmake_clean_first' from command line to 'False'
[0.389s] Level 5:colcon.colcon_core.verb:set package 'perception' build argument 'cmake_force_configure' from command line to 'False'
[0.389s] Level 5:colcon.colcon_core.verb:set package 'perception' build argument 'ament_cmake_args' from command line to 'None'
[0.389s] Level 5:colcon.colcon_core.verb:set package 'perception' build argument 'catkin_cmake_args' from command line to 'None'
[0.389s] Level 5:colcon.colcon_core.verb:set package 'perception' build argument 'catkin_skip_building_tests' from command line to 'False'
[0.389s] DEBUG:colcon.colcon_core.verb:Building package 'perception' with the following arguments: {'ament_cmake_args': None, 'build_base': '/home/abc/perception_with_ros2/build/perception', 'catkin_cmake_args': None, 'catkin_skip_building_tests': False, 'cmake_args': None, 'cmake_clean_cache': False, 'cmake_clean_first': False, 'cmake_force_configure': False, 'cmake_target': None, 'cmake_target_skip_unavailable': False, 'install_base': '/home/abc/perception_with_ros2/install/perception', 'merge_install': False, 'path': '/home/abc/perception_with_ros2/src/perception', 'symlink_install': False, 'test_result_base': None}
[0.389s] INFO:colcon.colcon_core.executor:Executing jobs using 'parallel' executor
[0.390s] DEBUG:colcon.colcon_parallel_executor.executor.parallel:run_until_complete
[0.390s] INFO:colcon.colcon_ros.task.ament_cmake.build:Building ROS package in '/home/abc/perception_with_ros2/src/base_msgs_per' with build type 'ament_cmake'
[0.391s] INFO:colcon.colcon_cmake.task.cmake.build:Building CMake package in '/home/abc/perception_with_ros2/src/base_msgs_per'
[0.392s] INFO:colcon.colcon_core.plugin_system:Skipping extension 'colcon_core.shell.bat': Not used on non-Windows systems
[0.393s] INFO:colcon.colcon_core.shell:Skip shell extension 'powershell' for command environment: Not usable outside of PowerShell
[0.393s] DEBUG:colcon.colcon_core.shell:Skip shell extension 'dsv' for command environment
[0.396s] INFO:colcon.colcon_ros.task.ament_python.build:Building ROS package in '/home/abc/perception_with_ros2/src/data_plot_per' with build type 'ament_python'
[0.397s] Level 1:colcon.colcon_core.shell:create_environment_hook('data_plot_per', 'ament_prefix_path')
[0.397s] INFO:colcon.colcon_core.shell:Creating environment hook '/home/abc/perception_with_ros2/install/data_plot_per/share/data_plot_per/hook/ament_prefix_path.ps1'
[0.398s] INFO:colcon.colcon_core.shell:Creating environment descriptor '/home/abc/perception_with_ros2/install/data_plot_per/share/data_plot_per/hook/ament_prefix_path.dsv'
[0.398s] INFO:colcon.colcon_core.shell:Creating environment hook '/home/abc/perception_with_ros2/install/data_plot_per/share/data_plot_per/hook/ament_prefix_path.sh'
[0.399s] INFO:colcon.colcon_core.shell:Skip shell extension 'powershell' for command environment: Not usable outside of PowerShell
[0.399s] DEBUG:colcon.colcon_core.shell:Skip shell extension 'dsv' for command environment
[0.407s] DEBUG:colcon.colcon_core.event_handler.log_command:Invoking command in '/home/abc/perception_with_ros2/build/base_msgs_per': CMAKE_PREFIX_PATH=${CMAKE_PREFIX_PATH}:/home/abc/perception_with_ros2/install/data_plot_per:/home/abc/planning_with_ros2/install/data_plot:/opt/ros/humble /usr/local/bin/cmake --build /home/abc/perception_with_ros2/build/base_msgs_per -- -j12 -l12
[0.687s] INFO:colcon.colcon_core.task.python.build:Building Python package in '/home/abc/perception_with_ros2/src/data_plot_per'
[0.687s] INFO:colcon.colcon_core.shell:Skip shell extension 'powershell' for command environment: Not usable outside of PowerShell
[0.687s] DEBUG:colcon.colcon_core.shell:Skip shell extension 'dsv' for command environment
[0.744s] DEBUG:colcon.colcon_core.event_handler.log_command:Invoked command in '/home/abc/perception_with_ros2/build/base_msgs_per' returned '0': CMAKE_PREFIX_PATH=${CMAKE_PREFIX_PATH}:/home/abc/perception_with_ros2/install/data_plot_per:/home/abc/planning_with_ros2/install/data_plot:/opt/ros/humble /usr/local/bin/cmake --build /home/abc/perception_with_ros2/build/base_msgs_per -- -j12 -l12
[0.748s] DEBUG:colcon.colcon_core.event_handler.log_command:Invoking command in '/home/abc/perception_with_ros2/build/base_msgs_per': CMAKE_PREFIX_PATH=${CMAKE_PREFIX_PATH}:/home/abc/perception_with_ros2/install/data_plot_per:/home/abc/planning_with_ros2/install/data_plot:/opt/ros/humble /usr/local/bin/cmake --install /home/abc/perception_with_ros2/build/base_msgs_per
[0.805s] Level 1:colcon.colcon_core.environment:create_environment_scripts_only(base_msgs_per)
[0.806s] DEBUG:colcon.colcon_core.event_handler.log_command:Invoked command in '/home/abc/perception_with_ros2/build/base_msgs_per' returned '0': CMAKE_PREFIX_PATH=${CMAKE_PREFIX_PATH}:/home/abc/perception_with_ros2/install/data_plot_per:/home/abc/planning_with_ros2/install/data_plot:/opt/ros/humble /usr/local/bin/cmake --install /home/abc/perception_with_ros2/build/base_msgs_per
[0.809s] Level 1:colcon.colcon_core.environment:checking '/home/abc/perception_with_ros2/install/base_msgs_per' for CMake module files
[0.810s] Level 1:colcon.colcon_core.environment:checking '/home/abc/perception_with_ros2/install/base_msgs_per' for CMake config files
[0.810s] Level 1:colcon.colcon_core.shell:create_environment_hook('base_msgs_per', 'cmake_prefix_path')
[0.811s] INFO:colcon.colcon_core.shell:Creating environment hook '/home/abc/perception_with_ros2/install/base_msgs_per/share/base_msgs_per/hook/cmake_prefix_path.ps1'
[0.811s] INFO:colcon.colcon_core.shell:Creating environment descriptor '/home/abc/perception_with_ros2/install/base_msgs_per/share/base_msgs_per/hook/cmake_prefix_path.dsv'
[0.812s] INFO:colcon.colcon_core.shell:Creating environment hook '/home/abc/perception_with_ros2/install/base_msgs_per/share/base_msgs_per/hook/cmake_prefix_path.sh'
[0.813s] Level 1:colcon.colcon_core.environment:checking '/home/abc/perception_with_ros2/install/base_msgs_per/lib'
[0.813s] Level 1:colcon.colcon_core.shell:create_environment_hook('base_msgs_per', 'ld_library_path_lib')
[0.813s] INFO:colcon.colcon_core.shell:Creating environment hook '/home/abc/perception_with_ros2/install/base_msgs_per/share/base_msgs_per/hook/ld_library_path_lib.ps1'
[0.814s] INFO:colcon.colcon_core.shell:Creating environment descriptor '/home/abc/perception_with_ros2/install/base_msgs_per/share/base_msgs_per/hook/ld_library_path_lib.dsv'
[0.814s] INFO:colcon.colcon_core.shell:Creating environment hook '/home/abc/perception_with_ros2/install/base_msgs_per/share/base_msgs_per/hook/ld_library_path_lib.sh'
[0.815s] Level 1:colcon.colcon_core.environment:checking '/home/abc/perception_with_ros2/install/base_msgs_per/bin'
[0.815s] Level 1:colcon.colcon_core.environment:checking '/home/abc/perception_with_ros2/install/base_msgs_per/lib/pkgconfig/base_msgs_per.pc'
[0.815s] Level 1:colcon.colcon_core.environment:checking '/home/abc/perception_with_ros2/install/base_msgs_per/lib/python3.10/site-packages'
[0.815s] Level 1:colcon.colcon_core.environment:checking '/home/abc/perception_with_ros2/install/base_msgs_per/bin'
[0.816s] INFO:colcon.colcon_core.shell:Creating package script '/home/abc/perception_with_ros2/install/base_msgs_per/share/base_msgs_per/package.ps1'
[0.816s] INFO:colcon.colcon_core.shell:Creating package descriptor '/home/abc/perception_with_ros2/install/base_msgs_per/share/base_msgs_per/package.dsv'
[0.817s] INFO:colcon.colcon_core.shell:Creating package script '/home/abc/perception_with_ros2/install/base_msgs_per/share/base_msgs_per/package.sh'
[0.818s] INFO:colcon.colcon_core.shell:Creating package script '/home/abc/perception_with_ros2/install/base_msgs_per/share/base_msgs_per/package.bash'
[0.818s] INFO:colcon.colcon_core.shell:Creating package script '/home/abc/perception_with_ros2/install/base_msgs_per/share/base_msgs_per/package.zsh'
[0.819s] Level 1:colcon.colcon_core.environment:create_file_with_runtime_dependencies(/home/abc/perception_with_ros2/install/base_msgs_per/share/colcon-core/packages/base_msgs_per)
[0.819s] Level 1:colcon.colcon_core.environment:create_environment_scripts_only(base_msgs_per)
[0.820s] Level 1:colcon.colcon_core.environment:checking '/home/abc/perception_with_ros2/install/base_msgs_per' for CMake module files
[0.820s] Level 1:colcon.colcon_core.environment:checking '/home/abc/perception_with_ros2/install/base_msgs_per' for CMake config files
[0.820s] Level 1:colcon.colcon_core.shell:create_environment_hook('base_msgs_per', 'cmake_prefix_path')
[0.821s] INFO:colcon.colcon_core.shell:Creating environment hook '/home/abc/perception_with_ros2/install/base_msgs_per/share/base_msgs_per/hook/cmake_prefix_path.ps1'
[0.821s] INFO:colcon.colcon_core.shell:Creating environment descriptor '/home/abc/perception_with_ros2/install/base_msgs_per/share/base_msgs_per/hook/cmake_prefix_path.dsv'
[0.821s] INFO:colcon.colcon_core.shell:Creating environment hook '/home/abc/perception_with_ros2/install/base_msgs_per/share/base_msgs_per/hook/cmake_prefix_path.sh'
[0.822s] Level 1:colcon.colcon_core.environment:checking '/home/abc/perception_with_ros2/install/base_msgs_per/lib'
[0.822s] Level 1:colcon.colcon_core.shell:create_environment_hook('base_msgs_per', 'ld_library_path_lib')
[0.822s] INFO:colcon.colcon_core.shell:Creating environment hook '/home/abc/perception_with_ros2/install/base_msgs_per/share/base_msgs_per/hook/ld_library_path_lib.ps1'
[0.822s] INFO:colcon.colcon_core.shell:Creating environment descriptor '/home/abc/perception_with_ros2/install/base_msgs_per/share/base_msgs_per/hook/ld_library_path_lib.dsv'
[0.823s] INFO:colcon.colcon_core.shell:Creating environment hook '/home/abc/perception_with_ros2/install/base_msgs_per/share/base_msgs_per/hook/ld_library_path_lib.sh'
[0.823s] Level 1:colcon.colcon_core.environment:checking '/home/abc/perception_with_ros2/install/base_msgs_per/bin'
[0.823s] Level 1:colcon.colcon_core.environment:checking '/home/abc/perception_with_ros2/install/base_msgs_per/lib/pkgconfig/base_msgs_per.pc'
[0.823s] Level 1:colcon.colcon_core.environment:checking '/home/abc/perception_with_ros2/install/base_msgs_per/lib/python3.10/site-packages'
[0.824s] Level 1:colcon.colcon_core.environment:checking '/home/abc/perception_with_ros2/install/base_msgs_per/bin'
[0.824s] INFO:colcon.colcon_core.shell:Creating package script '/home/abc/perception_with_ros2/install/base_msgs_per/share/base_msgs_per/package.ps1'
[0.824s] INFO:colcon.colcon_core.shell:Creating package descriptor '/home/abc/perception_with_ros2/install/base_msgs_per/share/base_msgs_per/package.dsv'
[0.825s] INFO:colcon.colcon_core.shell:Creating package script '/home/abc/perception_with_ros2/install/base_msgs_per/share/base_msgs_per/package.sh'
[0.825s] INFO:colcon.colcon_core.shell:Creating package script '/home/abc/perception_with_ros2/install/base_msgs_per/share/base_msgs_per/package.bash'
[0.826s] INFO:colcon.colcon_core.shell:Creating package script '/home/abc/perception_with_ros2/install/base_msgs_per/share/base_msgs_per/package.zsh'
[0.826s] Level 1:colcon.colcon_core.environment:create_file_with_runtime_dependencies(/home/abc/perception_with_ros2/install/base_msgs_per/share/colcon-core/packages/base_msgs_per)
[0.826s] INFO:colcon.colcon_ros.task.ament_cmake.build:Building ROS package in '/home/abc/perception_with_ros2/src/perception' with build type 'ament_cmake'
[0.826s] INFO:colcon.colcon_cmake.task.cmake.build:Building CMake package in '/home/abc/perception_with_ros2/src/perception'
[0.827s] INFO:colcon.colcon_core.shell:Skip shell extension 'powershell' for command environment: Not usable outside of PowerShell
[0.827s] DEBUG:colcon.colcon_core.shell:Skip shell extension 'dsv' for command environment
[0.837s] DEBUG:colcon.colcon_core.event_handler.log_command:Invoking command in '/home/abc/perception_with_ros2/build/perception': CMAKE_PREFIX_PATH=/home/abc/perception_with_ros2/install/base_msgs_per:/home/abc/perception_with_ros2/install/perception:/home/abc/planning_with_ros2/install/planning:/home/abc/planning_with_ros2/install/base_msgs:/home/abc/perception_with_ros2/install/data_plot_per:/home/abc/planning_with_ros2/install/data_plot:/opt/ros/humble LD_LIBRARY_PATH=/home/abc/perception_with_ros2/install/base_msgs_per/lib:/home/abc/perception_with_ros2/install/perception/lib:/home/abc/perception_with_ros2/install/perception/lib:/home/abc/perception_with_ros2/install/perception/lib:/home/abc/planning_with_ros2/install/planning/lib:/home/abc/planning_with_ros2/install/base_msgs/lib:/usr/lib/x86_64-linux-gnu/gazebo-11/plugins:/opt/ros/humble/opt/rviz_ogre_vendor/lib:/opt/ros/humble/lib/x86_64-linux-gnu:/opt/ros/humble/lib /usr/local/bin/cmake --build /home/abc/perception_with_ros2/build/perception -- -j12 -l12
[1.115s] DEBUG:colcon.colcon_core.event_handler.log_command:Invoking command in '/home/abc/perception_with_ros2/src/data_plot_per': PYTHONPATH=/home/abc/perception_with_ros2/build/data_plot_per/prefix_override:/usr/lib/python3/dist-packages/colcon_core/task/python/colcon_distutils_commands:/home/abc/perception_with_ros2/install/data_plot_per/lib/python3.10/site-packages:${PYTHONPATH} /usr/bin/python3 -W ignore:setup.py install is deprecated -W ignore:easy_install command is deprecated setup.py egg_info --egg-base ../../build/data_plot_per build --build-base /home/abc/perception_with_ros2/build/data_plot_per/build install --record /home/abc/perception_with_ros2/build/data_plot_per/install.log --single-version-externally-managed install_data
[1.403s] Level 1:colcon.colcon_core.environment:checking '/home/abc/perception_with_ros2/install/data_plot_per' for CMake module files
[1.404s] DEBUG:colcon.colcon_core.event_handler.log_command:Invoked command in '/home/abc/perception_with_ros2/src/data_plot_per' returned '0': PYTHONPATH=/home/abc/perception_with_ros2/build/data_plot_per/prefix_override:/usr/lib/python3/dist-packages/colcon_core/task/python/colcon_distutils_commands:/home/abc/perception_with_ros2/install/data_plot_per/lib/python3.10/site-packages:${PYTHONPATH} /usr/bin/python3 -W ignore:setup.py install is deprecated -W ignore:easy_install command is deprecated setup.py egg_info --egg-base ../../build/data_plot_per build --build-base /home/abc/perception_with_ros2/build/data_plot_per/build install --record /home/abc/perception_with_ros2/build/data_plot_per/install.log --single-version-externally-managed install_data
[1.404s] Level 1:colcon.colcon_core.environment:checking '/home/abc/perception_with_ros2/install/data_plot_per' for CMake config files
[1.405s] Level 1:colcon.colcon_core.environment:checking '/home/abc/perception_with_ros2/install/data_plot_per/lib'
[1.405s] Level 1:colcon.colcon_core.environment:checking '/home/abc/perception_with_ros2/install/data_plot_per/bin'
[1.405s] Level 1:colcon.colcon_core.environment:checking '/home/abc/perception_with_ros2/install/data_plot_per/lib/pkgconfig/data_plot_per.pc'
[1.406s] Level 1:colcon.colcon_core.environment:checking '/home/abc/perception_with_ros2/install/data_plot_per/lib/python3.10/site-packages'
[1.406s] Level 1:colcon.colcon_core.shell:create_environment_hook('data_plot_per', 'pythonpath')
[1.406s] INFO:colcon.colcon_core.shell:Creating environment hook '/home/abc/perception_with_ros2/install/data_plot_per/share/data_plot_per/hook/pythonpath.ps1'
[1.407s] INFO:colcon.colcon_core.shell:Creating environment descriptor '/home/abc/perception_with_ros2/install/data_plot_per/share/data_plot_per/hook/pythonpath.dsv'
[1.408s] INFO:colcon.colcon_core.shell:Creating environment hook '/home/abc/perception_with_ros2/install/data_plot_per/share/data_plot_per/hook/pythonpath.sh'
[1.409s] Level 1:colcon.colcon_core.environment:checking '/home/abc/perception_with_ros2/install/data_plot_per/bin'
[1.409s] Level 1:colcon.colcon_core.environment:create_environment_scripts_only(data_plot_per)
[1.409s] INFO:colcon.colcon_core.shell:Creating package script '/home/abc/perception_with_ros2/install/data_plot_per/share/data_plot_per/package.ps1'
[1.410s] INFO:colcon.colcon_core.shell:Creating package descriptor '/home/abc/perception_with_ros2/install/data_plot_per/share/data_plot_per/package.dsv'
[1.411s] INFO:colcon.colcon_core.shell:Creating package script '/home/abc/perception_with_ros2/install/data_plot_per/share/data_plot_per/package.sh'
[1.412s] INFO:colcon.colcon_core.shell:Creating package script '/home/abc/perception_with_ros2/install/data_plot_per/share/data_plot_per/package.bash'
[1.412s] INFO:colcon.colcon_core.shell:Creating package script '/home/abc/perception_with_ros2/install/data_plot_per/share/data_plot_per/package.zsh'
[1.413s] Level 1:colcon.colcon_core.environment:create_file_with_runtime_dependencies(/home/abc/perception_with_ros2/install/data_plot_per/share/colcon-core/packages/data_plot_per)
[33.277s] DEBUG:colcon.colcon_core.event_handler.log_command:Invoked command in '/home/abc/perception_with_ros2/build/perception' returned '0': CMAKE_PREFIX_PATH=/home/abc/perception_with_ros2/install/base_msgs_per:/home/abc/perception_with_ros2/install/perception:/home/abc/planning_with_ros2/install/planning:/home/abc/planning_with_ros2/install/base_msgs:/home/abc/perception_with_ros2/install/data_plot_per:/home/abc/planning_with_ros2/install/data_plot:/opt/ros/humble LD_LIBRARY_PATH=/home/abc/perception_with_ros2/install/base_msgs_per/lib:/home/abc/perception_with_ros2/install/perception/lib:/home/abc/perception_with_ros2/install/perception/lib:/home/abc/perception_with_ros2/install/perception/lib:/home/abc/planning_with_ros2/install/planning/lib:/home/abc/planning_with_ros2/install/base_msgs/lib:/usr/lib/x86_64-linux-gnu/gazebo-11/plugins:/opt/ros/humble/opt/rviz_ogre_vendor/lib:/opt/ros/humble/lib/x86_64-linux-gnu:/opt/ros/humble/lib /usr/local/bin/cmake --build /home/abc/perception_with_ros2/build/perception -- -j12 -l12
[33.279s] DEBUG:colcon.colcon_core.event_handler.log_command:Invoking command in '/home/abc/perception_with_ros2/build/perception': CMAKE_PREFIX_PATH=/home/abc/perception_with_ros2/install/base_msgs_per:/home/abc/perception_with_ros2/install/perception:/home/abc/planning_with_ros2/install/planning:/home/abc/planning_with_ros2/install/base_msgs:/home/abc/perception_with_ros2/install/data_plot_per:/home/abc/planning_with_ros2/install/data_plot:/opt/ros/humble LD_LIBRARY_PATH=/home/abc/perception_with_ros2/install/base_msgs_per/lib:/home/abc/perception_with_ros2/install/perception/lib:/home/abc/perception_with_ros2/install/perception/lib:/home/abc/perception_with_ros2/install/perception/lib:/home/abc/planning_with_ros2/install/planning/lib:/home/abc/planning_with_ros2/install/base_msgs/lib:/usr/lib/x86_64-linux-gnu/gazebo-11/plugins:/opt/ros/humble/opt/rviz_ogre_vendor/lib:/opt/ros/humble/lib/x86_64-linux-gnu:/opt/ros/humble/lib /usr/local/bin/cmake --install /home/abc/perception_with_ros2/build/perception
[33.304s] Level 1:colcon.colcon_core.environment:create_environment_scripts_only(perception)
[33.304s] Level 1:colcon.colcon_core.environment:checking '/home/abc/perception_with_ros2/install/perception' for CMake module files
[33.305s] DEBUG:colcon.colcon_core.event_handler.log_command:Invoked command in '/home/abc/perception_with_ros2/build/perception' returned '0': CMAKE_PREFIX_PATH=/home/abc/perception_with_ros2/install/base_msgs_per:/home/abc/perception_with_ros2/install/perception:/home/abc/planning_with_ros2/install/planning:/home/abc/planning_with_ros2/install/base_msgs:/home/abc/perception_with_ros2/install/data_plot_per:/home/abc/planning_with_ros2/install/data_plot:/opt/ros/humble LD_LIBRARY_PATH=/home/abc/perception_with_ros2/install/base_msgs_per/lib:/home/abc/perception_with_ros2/install/perception/lib:/home/abc/perception_with_ros2/install/perception/lib:/home/abc/perception_with_ros2/install/perception/lib:/home/abc/planning_with_ros2/install/planning/lib:/home/abc/planning_with_ros2/install/base_msgs/lib:/usr/lib/x86_64-linux-gnu/gazebo-11/plugins:/opt/ros/humble/opt/rviz_ogre_vendor/lib:/opt/ros/humble/lib/x86_64-linux-gnu:/opt/ros/humble/lib /usr/local/bin/cmake --install /home/abc/perception_with_ros2/build/perception
[33.305s] Level 1:colcon.colcon_core.environment:checking '/home/abc/perception_with_ros2/install/perception' for CMake config files
[33.305s] Level 1:colcon.colcon_core.shell:create_environment_hook('perception', 'cmake_prefix_path')
[33.306s] INFO:colcon.colcon_core.shell:Creating environment hook '/home/abc/perception_with_ros2/install/perception/share/perception/hook/cmake_prefix_path.ps1'
[33.306s] INFO:colcon.colcon_core.shell:Creating environment descriptor '/home/abc/perception_with_ros2/install/perception/share/perception/hook/cmake_prefix_path.dsv'
[33.306s] INFO:colcon.colcon_core.shell:Creating environment hook '/home/abc/perception_with_ros2/install/perception/share/perception/hook/cmake_prefix_path.sh'
[33.307s] Level 1:colcon.colcon_core.environment:checking '/home/abc/perception_with_ros2/install/perception/lib'
[33.307s] Level 1:colcon.colcon_core.shell:create_environment_hook('perception', 'ld_library_path_lib')
[33.307s] INFO:colcon.colcon_core.shell:Creating environment hook '/home/abc/perception_with_ros2/install/perception/share/perception/hook/ld_library_path_lib.ps1'
[33.307s] INFO:colcon.colcon_core.shell:Creating environment descriptor '/home/abc/perception_with_ros2/install/perception/share/perception/hook/ld_library_path_lib.dsv'
[33.308s] INFO:colcon.colcon_core.shell:Creating environment hook '/home/abc/perception_with_ros2/install/perception/share/perception/hook/ld_library_path_lib.sh'
[33.308s] Level 1:colcon.colcon_core.environment:checking '/home/abc/perception_with_ros2/install/perception/bin'
[33.308s] Level 1:colcon.colcon_core.environment:checking '/home/abc/perception_with_ros2/install/perception/lib/pkgconfig/perception.pc'
[33.308s] Level 1:colcon.colcon_core.environment:checking '/home/abc/perception_with_ros2/install/perception/lib/python3.10/site-packages'
[33.309s] Level 1:colcon.colcon_core.environment:checking '/home/abc/perception_with_ros2/install/perception/bin'
[33.309s] INFO:colcon.colcon_core.shell:Creating package script '/home/abc/perception_with_ros2/install/perception/share/perception/package.ps1'
[33.310s] INFO:colcon.colcon_core.shell:Creating package descriptor '/home/abc/perception_with_ros2/install/perception/share/perception/package.dsv'
[33.310s] INFO:colcon.colcon_core.shell:Creating package script '/home/abc/perception_with_ros2/install/perception/share/perception/package.sh'
[33.310s] INFO:colcon.colcon_core.shell:Creating package script '/home/abc/perception_with_ros2/install/perception/share/perception/package.bash'
[33.311s] INFO:colcon.colcon_core.shell:Creating package script '/home/abc/perception_with_ros2/install/perception/share/perception/package.zsh'
[33.311s] Level 1:colcon.colcon_core.environment:create_file_with_runtime_dependencies(/home/abc/perception_with_ros2/install/perception/share/colcon-core/packages/perception)
[33.312s] Level 1:colcon.colcon_core.environment:create_environment_scripts_only(perception)
[33.312s] Level 1:colcon.colcon_core.environment:checking '/home/abc/perception_with_ros2/install/perception' for CMake module files
[33.312s] Level 1:colcon.colcon_core.environment:checking '/home/abc/perception_with_ros2/install/perception' for CMake config files
[33.313s] Level 1:colcon.colcon_core.shell:create_environment_hook('perception', 'cmake_prefix_path')
[33.313s] INFO:colcon.colcon_core.shell:Creating environment hook '/home/abc/perception_with_ros2/install/perception/share/perception/hook/cmake_prefix_path.ps1'
[33.313s] INFO:colcon.colcon_core.shell:Creating environment descriptor '/home/abc/perception_with_ros2/install/perception/share/perception/hook/cmake_prefix_path.dsv'
[33.313s] INFO:colcon.colcon_core.shell:Creating environment hook '/home/abc/perception_with_ros2/install/perception/share/perception/hook/cmake_prefix_path.sh'
[33.314s] Level 1:colcon.colcon_core.environment:checking '/home/abc/perception_with_ros2/install/perception/lib'
[33.314s] Level 1:colcon.colcon_core.shell:create_environment_hook('perception', 'ld_library_path_lib')
[33.314s] INFO:colcon.colcon_core.shell:Creating environment hook '/home/abc/perception_with_ros2/install/perception/share/perception/hook/ld_library_path_lib.ps1'
[33.315s] INFO:colcon.colcon_core.shell:Creating environment descriptor '/home/abc/perception_with_ros2/install/perception/share/perception/hook/ld_library_path_lib.dsv'
[33.315s] INFO:colcon.colcon_core.shell:Creating environment hook '/home/abc/perception_with_ros2/install/perception/share/perception/hook/ld_library_path_lib.sh'
[33.315s] Level 1:colcon.colcon_core.environment:checking '/home/abc/perception_with_ros2/install/perception/bin'
[33.315s] Level 1:colcon.colcon_core.environment:checking '/home/abc/perception_with_ros2/install/perception/lib/pkgconfig/perception.pc'
[33.315s] Level 1:colcon.colcon_core.environment:checking '/home/abc/perception_with_ros2/install/perception/lib/python3.10/site-packages'
[33.316s] Level 1:colcon.colcon_core.environment:checking '/home/abc/perception_with_ros2/install/perception/bin'
[33.316s] INFO:colcon.colcon_core.shell:Creating package script '/home/abc/perception_with_ros2/install/perception/share/perception/package.ps1'
[33.317s] INFO:colcon.colcon_core.shell:Creating package descriptor '/home/abc/perception_with_ros2/install/perception/share/perception/package.dsv'
[33.317s] INFO:colcon.colcon_core.shell:Creating package script '/home/abc/perception_with_ros2/install/perception/share/perception/package.sh'
[33.318s] INFO:colcon.colcon_core.shell:Creating package script '/home/abc/perception_with_ros2/install/perception/share/perception/package.bash'
[33.318s] INFO:colcon.colcon_core.shell:Creating package script '/home/abc/perception_with_ros2/install/perception/share/perception/package.zsh'
[33.318s] Level 1:colcon.colcon_core.environment:create_file_with_runtime_dependencies(/home/abc/perception_with_ros2/install/perception/share/colcon-core/packages/perception)
[33.319s] DEBUG:colcon.colcon_parallel_executor.executor.parallel:closing loop
[33.319s] DEBUG:colcon.colcon_parallel_executor.executor.parallel:loop closed
[33.319s] DEBUG:colcon.colcon_parallel_executor.executor.parallel:run_until_complete finished with '0'
[33.319s] DEBUG:colcon.colcon_core.event_reactor:joining thread
[33.324s] INFO:colcon.colcon_core.plugin_system:Skipping extension 'colcon_notification.desktop_notification.terminal_notifier': Not used on non-Darwin systems
[33.324s] INFO:colcon.colcon_core.plugin_system:Skipping extension 'colcon_notification.desktop_notification.win32': Not used on non-Windows systems
[33.324s] INFO:colcon.colcon_notification.desktop_notification:Sending desktop notification using 'notify2'
[33.336s] DEBUG:colcon.colcon_core.event_reactor:joined thread
[33.337s] INFO:colcon.colcon_core.shell:Creating prefix script '/home/abc/perception_with_ros2/install/local_setup.ps1'
[33.338s] INFO:colcon.colcon_core.shell:Creating prefix util module '/home/abc/perception_with_ros2/install/_local_setup_util_ps1.py'
[33.339s] INFO:colcon.colcon_core.shell:Creating prefix chain script '/home/abc/perception_with_ros2/install/setup.ps1'
[33.340s] INFO:colcon.colcon_core.shell:Creating prefix script '/home/abc/perception_with_ros2/install/local_setup.sh'
[33.341s] INFO:colcon.colcon_core.shell:Creating prefix util module '/home/abc/perception_with_ros2/install/_local_setup_util_sh.py'
[33.341s] INFO:colcon.colcon_core.shell:Creating prefix chain script '/home/abc/perception_with_ros2/install/setup.sh'
[33.342s] INFO:colcon.colcon_core.shell:Creating prefix script '/home/abc/perception_with_ros2/install/local_setup.bash'
[33.343s] INFO:colcon.colcon_core.shell:Creating prefix chain script '/home/abc/perception_with_ros2/install/setup.bash'
[33.344s] INFO:colcon.colcon_core.shell:Creating prefix script '/home/abc/perception_with_ros2/install/local_setup.zsh'
[33.345s] INFO:colcon.colcon_core.shell:Creating prefix chain script '/home/abc/perception_with_ros2/install/setup.zsh'
