[0.890s] Invoking command in '/home/abc/perception_with_ros2/src/data_plot_per': PYTHONPATH=/home/abc/perception_with_ros2/build/data_plot_per/prefix_override:/usr/lib/python3/dist-packages/colcon_core/task/python/colcon_distutils_commands:/home/abc/perception_with_ros2/install/data_plot_per/lib/python3.10/site-packages:${PYTHONPATH} /usr/bin/python3 -W ignore:setup.py install is deprecated -W ignore:easy_install command is deprecated setup.py egg_info --egg-base ../../build/data_plot_per build --build-base /home/abc/perception_with_ros2/build/data_plot_per/build install --record /home/abc/perception_with_ros2/build/data_plot_per/install.log --single-version-externally-managed install_data
[1.204s] running egg_info
[1.206s] writing ../../build/data_plot_per/data_plot_per.egg-info/PKG-INFO
[1.207s] writing dependency_links to ../../build/data_plot_per/data_plot_per.egg-info/dependency_links.txt
[1.207s] writing entry points to ../../build/data_plot_per/data_plot_per.egg-info/entry_points.txt
[1.207s] writing requirements to ../../build/data_plot_per/data_plot_per.egg-info/requires.txt
[1.208s] writing top-level names to ../../build/data_plot_per/data_plot_per.egg-info/top_level.txt
[1.209s] reading manifest file '../../build/data_plot_per/data_plot_per.egg-info/SOURCES.txt'
[1.210s] writing manifest file '../../build/data_plot_per/data_plot_per.egg-info/SOURCES.txt'
[1.211s] running build
[1.211s] running build_py
[1.211s] running install
[1.212s] running install_lib
[1.213s] running install_data
[1.214s] running install_egg_info
[1.216s] removing '/home/abc/perception_with_ros2/install/data_plot_per/lib/python3.10/site-packages/data_plot_per-0.0.0-py3.10.egg-info' (and everything under it)
[1.216s] Copying ../../build/data_plot_per/data_plot_per.egg-info to /home/abc/perception_with_ros2/install/data_plot_per/lib/python3.10/site-packages/data_plot_per-0.0.0-py3.10.egg-info
[1.217s] running install_scripts
[1.247s] Installing data_plot_per script to /home/abc/perception_with_ros2/install/data_plot_per/lib/data_plot_per
[1.247s] writing list of installed files to '/home/abc/perception_with_ros2/build/data_plot_per/install.log'
[1.292s] Invoked command in '/home/abc/perception_with_ros2/src/data_plot_per' returned '0': PYTHONPATH=/home/abc/perception_with_ros2/build/data_plot_per/prefix_override:/usr/lib/python3/dist-packages/colcon_core/task/python/colcon_distutils_commands:/home/abc/perception_with_ros2/install/data_plot_per/lib/python3.10/site-packages:${PYTHONPATH} /usr/bin/python3 -W ignore:setup.py install is deprecated -W ignore:easy_install command is deprecated setup.py egg_info --egg-base ../../build/data_plot_per build --build-base /home/abc/perception_with_ros2/build/data_plot_per/build install --record /home/abc/perception_with_ros2/build/data_plot_per/install.log --single-version-externally-managed install_data
