[0.644s] Invoking command in '/home/abc/perception_with_ros2/src/data_plot_per': PYTHONPATH=/home/abc/perception_with_ros2/build/data_plot_per/prefix_override:/usr/lib/python3/dist-packages/colcon_core/task/python/colcon_distutils_commands:/home/abc/perception_with_ros2/install/data_plot_per/lib/python3.10/site-packages:${PYTHONPATH} /usr/bin/python3 -W ignore:setup.py install is deprecated -W ignore:easy_install command is deprecated setup.py egg_info --egg-base ../../build/data_plot_per build --build-base /home/abc/perception_with_ros2/build/data_plot_per/build install --record /home/abc/perception_with_ros2/build/data_plot_per/install.log --single-version-externally-managed install_data
[0.902s] running egg_info
[0.904s] creating ../../build/data_plot_per/data_plot_per.egg-info
[0.905s] writing ../../build/data_plot_per/data_plot_per.egg-info/PKG-INFO
[0.905s] writing dependency_links to ../../build/data_plot_per/data_plot_per.egg-info/dependency_links.txt
[0.905s] writing entry points to ../../build/data_plot_per/data_plot_per.egg-info/entry_points.txt
[0.905s] writing requirements to ../../build/data_plot_per/data_plot_per.egg-info/requires.txt
[0.906s] writing top-level names to ../../build/data_plot_per/data_plot_per.egg-info/top_level.txt
[0.906s] writing manifest file '../../build/data_plot_per/data_plot_per.egg-info/SOURCES.txt'
[0.908s] reading manifest file '../../build/data_plot_per/data_plot_per.egg-info/SOURCES.txt'
[0.909s] writing manifest file '../../build/data_plot_per/data_plot_per.egg-info/SOURCES.txt'
[0.909s] running build
[0.909s] running build_py
[0.909s] creating /home/abc/perception_with_ros2/build/data_plot_per/build
[0.909s] creating /home/abc/perception_with_ros2/build/data_plot_per/build/lib
[0.909s] creating /home/abc/perception_with_ros2/build/data_plot_per/build/lib/data_plot_per
[0.909s] copying data_plot_per/__init__.py -> /home/abc/perception_with_ros2/build/data_plot_per/build/lib/data_plot_per
[0.910s] copying data_plot_per/data_plot_per.py -> /home/abc/perception_with_ros2/build/data_plot_per/build/lib/data_plot_per
[0.910s] running install
[0.910s] running install_lib
[0.912s] running install_data
[0.912s] running install_egg_info
[0.914s] removing '/home/abc/perception_with_ros2/install/data_plot_per/lib/python3.10/site-packages/data_plot_per-0.0.0-py3.10.egg-info' (and everything under it)
[0.915s] Copying ../../build/data_plot_per/data_plot_per.egg-info to /home/abc/perception_with_ros2/install/data_plot_per/lib/python3.10/site-packages/data_plot_per-0.0.0-py3.10.egg-info
[0.916s] running install_scripts
[0.941s] Installing data_plot_per script to /home/abc/perception_with_ros2/install/data_plot_per/lib/data_plot_per
[0.941s] writing list of installed files to '/home/abc/perception_with_ros2/build/data_plot_per/install.log'
[0.979s] Invoked command in '/home/abc/perception_with_ros2/src/data_plot_per' returned '0': PYTHONPATH=/home/abc/perception_with_ros2/build/data_plot_per/prefix_override:/usr/lib/python3/dist-packages/colcon_core/task/python/colcon_distutils_commands:/home/abc/perception_with_ros2/install/data_plot_per/lib/python3.10/site-packages:${PYTHONPATH} /usr/bin/python3 -W ignore:setup.py install is deprecated -W ignore:easy_install command is deprecated setup.py egg_info --egg-base ../../build/data_plot_per build --build-base /home/abc/perception_with_ros2/build/data_plot_per/build install --record /home/abc/perception_with_ros2/build/data_plot_per/install.log --single-version-externally-managed install_data
