[0.013s] Invoking command in '/home/abc/perception_with_ros2/build/base_msgs_per': CMAKE_PREFIX_PATH=${CMAKE_PREFIX_PATH}:/home/abc/perception_with_ros2/install/data_plot_per:/home/abc/planning_with_ros2/install/data_plot:/opt/ros/humble /usr/local/bin/cmake /home/abc/perception_with_ros2/src/base_msgs_per -DCMAKE_INSTALL_PREFIX=/home/abc/perception_with_ros2/install/base_msgs_per
[0.056s] -- The C compiler identification is GNU 11.4.0
[0.108s] -- The CXX compiler identification is GNU 11.4.0
[0.116s] -- Detecting C compiler ABI info
[0.194s] -- Detecting C compiler ABI info - done
[0.219s] -- Check for working C compiler: /usr/bin/cc - skipped
[0.219s] -- Detecting C compile features
[0.220s] -- Detecting C compile features - done
[0.234s] -- Detecting CXX compiler ABI info
[0.299s] -- Detecting CXX compiler ABI info - done
[0.319s] -- Check for working CXX compiler: /usr/bin/c++ - skipped
[0.319s] -- Detecting CXX compile features
[0.320s] -- Detecting CXX compile features - done
[0.326s] -- Found ament_cmake: 1.3.12 (/opt/ros/humble/share/ament_cmake/cmake)
[0.450s] -- Found Python3: /usr/bin/python3 (found version "3.10.12") found components: Interpreter
[0.534s] -- Found rosidl_default_generators: 1.2.0 (/opt/ros/humble/share/rosidl_default_generators/cmake)
[0.537s] -- Using all available rosidl_typesupport_c: rosidl_typesupport_fastrtps_c;rosidl_typesupport_introspection_c
[0.544s] -- Found rosidl_adapter: 3.1.7 (/opt/ros/humble/share/rosidl_adapter/cmake)
[0.591s] -- Using all available rosidl_typesupport_cpp: rosidl_typesupport_fastrtps_cpp;rosidl_typesupport_introspection_cpp
[0.635s] -- Found visualization_msgs: 4.9.0 (/opt/ros/humble/share/visualization_msgs/cmake)
[0.788s] -- Found nav_msgs: 4.9.0 (/opt/ros/humble/share/nav_msgs/cmake)
[1.493s] -- Found ament_cmake_ros: 0.10.0 (/opt/ros/humble/share/ament_cmake_ros/cmake)
[2.064s] -- Using all available rosidl_typesupport_c: rosidl_typesupport_fastrtps_c;rosidl_typesupport_introspection_c
[2.819s] -- Using all available rosidl_typesupport_cpp: rosidl_typesupport_fastrtps_cpp;rosidl_typesupport_introspection_cpp
[2.842s] -- Found PythonInterp: /usr/bin/python3 (found suitable version "3.10.12", minimum required is "3.6")
[2.843s] -- Found python_cmake_module: 0.10.0 (/opt/ros/humble/share/python_cmake_module/cmake)
[2.869s] -- Found PythonLibs: /usr/lib/x86_64-linux-gnu/libpython3.10.so (found suitable version "3.10.12", minimum required is "3.5")
[2.869s] -- Using PYTHON_EXECUTABLE: /usr/bin/python3
[2.869s] -- Using PYTHON_INCLUDE_DIRS: /usr/include/python3.10
[2.869s] -- Using PYTHON_LIBRARIES: /usr/lib/x86_64-linux-gnu/libpython3.10.so
[2.888s] -- Found PythonExtra: .so
[3.001s] -- Found ament_lint_auto: 0.12.14 (/opt/ros/humble/share/ament_lint_auto/cmake)
[3.020s] -- Added test 'lint_cmake' to check CMake code style
[3.021s] -- Added test 'xmllint' to check XML markup files
[3.024s] -- Configuring done (3.0s)
[3.096s] -- Generating done (0.1s)
[3.107s] -- Build files have been written to: /home/abc/perception_with_ros2/build/base_msgs_per
[3.117s] Invoked command in '/home/abc/perception_with_ros2/build/base_msgs_per' returned '0': CMAKE_PREFIX_PATH=${CMAKE_PREFIX_PATH}:/home/abc/perception_with_ros2/install/data_plot_per:/home/abc/planning_with_ros2/install/data_plot:/opt/ros/humble /usr/local/bin/cmake /home/abc/perception_with_ros2/src/base_msgs_per -DCMAKE_INSTALL_PREFIX=/home/abc/perception_with_ros2/install/base_msgs_per
[3.119s] Invoking command in '/home/abc/perception_with_ros2/build/base_msgs_per': CMAKE_PREFIX_PATH=${CMAKE_PREFIX_PATH}:/home/abc/perception_with_ros2/install/data_plot_per:/home/abc/planning_with_ros2/install/data_plot:/opt/ros/humble /usr/local/bin/cmake --build /home/abc/perception_with_ros2/build/base_msgs_per -- -j12 -l12
[3.137s] [  1%] [34m[1mGenerating C code for ROS interfaces[0m
[3.141s] [  1%] [34m[1mGenerating C++ code for ROS interfaces[0m
[3.141s] [  1%] Built target ament_cmake_python_copy_base_msgs_per
[3.375s] running egg_info
[3.376s] creating base_msgs_per.egg-info
[3.376s] writing base_msgs_per.egg-info/PKG-INFO
[3.376s] writing dependency_links to base_msgs_per.egg-info/dependency_links.txt
[3.376s] writing top-level names to base_msgs_per.egg-info/top_level.txt
[3.376s] writing manifest file 'base_msgs_per.egg-info/SOURCES.txt'
[3.378s] reading manifest file 'base_msgs_per.egg-info/SOURCES.txt'
[3.378s] writing manifest file 'base_msgs_per.egg-info/SOURCES.txt'
[3.395s] [  1%] Built target ament_cmake_python_build_base_msgs_per_egg
[4.709s] [  1%] Built target base_msgs_per__cpp
[4.713s] [  2%] [34m[1mGenerating C++ type support dispatch for ROS interfaces[0m
[4.713s] [  3%] [34m[1mGenerating C++ introspection for ROS interfaces[0m
[4.713s] [  3%] [34m[1mGenerating C++ type support for eProsima Fast-RTPS[0m
[4.745s] [  4%] [32mBuilding C object CMakeFiles/base_msgs_per__rosidl_generator_c.dir/rosidl_generator_c/base_msgs_per/srv/detail/global_path_service__functions.c.o[0m
[4.745s] [  4%] [32mBuilding C object CMakeFiles/base_msgs_per__rosidl_generator_c.dir/rosidl_generator_c/base_msgs_per/srv/detail/pnc_map_service__functions.c.o[0m
[4.745s] [  5%] [32mBuilding C object CMakeFiles/base_msgs_per__rosidl_generator_c.dir/rosidl_generator_c/base_msgs_per/msg/detail/pnc_map__functions.c.o[0m
[4.745s] [  6%] [32mBuilding C object CMakeFiles/base_msgs_per__rosidl_generator_c.dir/rosidl_generator_c/base_msgs_per/msg/detail/referline_point__functions.c.o[0m
[4.745s] [  7%] [32mBuilding C object CMakeFiles/base_msgs_per__rosidl_generator_c.dir/rosidl_generator_c/base_msgs_per/msg/detail/referline__functions.c.o[0m
[4.745s] [  8%] [32mBuilding C object CMakeFiles/base_msgs_per__rosidl_generator_c.dir/rosidl_generator_c/base_msgs_per/msg/detail/local_path_point__functions.c.o[0m
[4.746s] [  9%] [32mBuilding C object CMakeFiles/base_msgs_per__rosidl_generator_c.dir/rosidl_generator_c/base_msgs_per/msg/detail/local_speeds_point__functions.c.o[0m
[4.746s] [  9%] [32mBuilding C object CMakeFiles/base_msgs_per__rosidl_generator_c.dir/rosidl_generator_c/base_msgs_per/msg/detail/local_path__functions.c.o[0m
[4.746s] [ 10%] [32mBuilding C object CMakeFiles/base_msgs_per__rosidl_generator_c.dir/rosidl_generator_c/base_msgs_per/msg/detail/local_speeds__functions.c.o[0m
[4.806s] [ 12%] [32mBuilding C object CMakeFiles/base_msgs_per__rosidl_generator_c.dir/rosidl_generator_c/base_msgs_per/msg/detail/local_trajectory__functions.c.o[0m
[4.806s] [ 12%] [32mBuilding C object CMakeFiles/base_msgs_per__rosidl_generator_c.dir/rosidl_generator_c/base_msgs_per/msg/detail/obs_info__functions.c.o[0m
[4.807s] [ 12%] [32mBuilding C object CMakeFiles/base_msgs_per__rosidl_generator_c.dir/rosidl_generator_c/base_msgs_per/msg/detail/local_trajectory_point__functions.c.o[0m
[4.808s] [ 13%] [32mBuilding C object CMakeFiles/base_msgs_per__rosidl_generator_c.dir/rosidl_generator_c/base_msgs_per/msg/detail/plot_info__functions.c.o[0m
[4.871s] [ 14%] [32m[1mLinking C shared library libbase_msgs_per__rosidl_generator_c.so[0m
[4.897s] [ 14%] Built target base_msgs_per__rosidl_generator_c
[4.902s] [ 16%] [34m[1mGenerating C type support for eProsima Fast-RTPS[0m
[4.902s] [ 16%] [34m[1mGenerating C introspection for ROS interfaces[0m
[4.902s] [ 17%] [34m[1mGenerating C type support dispatch for ROS interfaces[0m
[5.904s] [ 18%] [32mBuilding CXX object CMakeFiles/base_msgs_per__rosidl_typesupport_cpp.dir/rosidl_typesupport_cpp/base_msgs_per/srv/global_path_service__type_support.cpp.o[0m
[5.904s] [ 19%] [32mBuilding CXX object CMakeFiles/base_msgs_per__rosidl_typesupport_cpp.dir/rosidl_typesupport_cpp/base_msgs_per/srv/pnc_map_service__type_support.cpp.o[0m
[5.905s] [ 19%] [32mBuilding CXX object CMakeFiles/base_msgs_per__rosidl_typesupport_cpp.dir/rosidl_typesupport_cpp/base_msgs_per/msg/pnc_map__type_support.cpp.o[0m
[5.905s] [ 20%] [32mBuilding CXX object CMakeFiles/base_msgs_per__rosidl_typesupport_cpp.dir/rosidl_typesupport_cpp/base_msgs_per/msg/referline_point__type_support.cpp.o[0m
[5.905s] [ 21%] [32mBuilding CXX object CMakeFiles/base_msgs_per__rosidl_typesupport_cpp.dir/rosidl_typesupport_cpp/base_msgs_per/msg/referline__type_support.cpp.o[0m
[5.905s] [ 23%] [32mBuilding CXX object CMakeFiles/base_msgs_per__rosidl_typesupport_cpp.dir/rosidl_typesupport_cpp/base_msgs_per/msg/local_path_point__type_support.cpp.o[0m
[5.905s] [ 23%] [32mBuilding CXX object CMakeFiles/base_msgs_per__rosidl_typesupport_cpp.dir/rosidl_typesupport_cpp/base_msgs_per/msg/local_path__type_support.cpp.o[0m
[6.204s] [ 23%] [32mBuilding CXX object CMakeFiles/base_msgs_per__rosidl_typesupport_c.dir/rosidl_typesupport_c/base_msgs_per/srv/global_path_service__type_support.cpp.o[0m
[6.258s] [ 24%] [32mBuilding CXX object CMakeFiles/base_msgs_per__rosidl_typesupport_c.dir/rosidl_typesupport_c/base_msgs_per/srv/pnc_map_service__type_support.cpp.o[0m
[6.284s] [ 25%] [32mBuilding CXX object CMakeFiles/base_msgs_per__rosidl_typesupport_introspection_cpp.dir/rosidl_typesupport_introspection_cpp/base_msgs_per/srv/detail/global_path_service__type_support.cpp.o[0m
[6.305s] [ 26%] [32mBuilding CXX object CMakeFiles/base_msgs_per__rosidl_typesupport_c.dir/rosidl_typesupport_c/base_msgs_per/msg/pnc_map__type_support.cpp.o[0m
[6.324s] [ 27%] [32mBuilding CXX object CMakeFiles/base_msgs_per__rosidl_typesupport_introspection_cpp.dir/rosidl_typesupport_introspection_cpp/base_msgs_per/srv/detail/pnc_map_service__type_support.cpp.o[0m
[6.338s] [ 28%] [32mBuilding CXX object CMakeFiles/base_msgs_per__rosidl_typesupport_c.dir/rosidl_typesupport_c/base_msgs_per/msg/referline_point__type_support.cpp.o[0m
[6.339s] [ 29%] [32mBuilding CXX object CMakeFiles/base_msgs_per__rosidl_typesupport_introspection_cpp.dir/rosidl_typesupport_introspection_cpp/base_msgs_per/msg/detail/pnc_map__type_support.cpp.o[0m
[6.349s] [ 30%] [32mBuilding CXX object CMakeFiles/base_msgs_per__rosidl_typesupport_introspection_cpp.dir/rosidl_typesupport_introspection_cpp/base_msgs_per/msg/detail/referline_point__type_support.cpp.o[0m
[6.351s] [ 31%] [32mBuilding CXX object CMakeFiles/base_msgs_per__rosidl_typesupport_c.dir/rosidl_typesupport_c/base_msgs_per/msg/referline__type_support.cpp.o[0m
[6.351s] [ 31%] [32mBuilding CXX object CMakeFiles/base_msgs_per__rosidl_typesupport_c.dir/rosidl_typesupport_c/base_msgs_per/msg/local_path_point__type_support.cpp.o[0m
[6.351s] [ 31%] [32mBuilding CXX object CMakeFiles/base_msgs_per__rosidl_typesupport_cpp.dir/rosidl_typesupport_cpp/base_msgs_per/msg/local_speeds_point__type_support.cpp.o[0m
[6.374s] [ 32%] [32mBuilding CXX object CMakeFiles/base_msgs_per__rosidl_typesupport_cpp.dir/rosidl_typesupport_cpp/base_msgs_per/msg/local_speeds__type_support.cpp.o[0m
[6.383s] [ 32%] [32mBuilding CXX object CMakeFiles/base_msgs_per__rosidl_typesupport_introspection_cpp.dir/rosidl_typesupport_introspection_cpp/base_msgs_per/msg/detail/referline__type_support.cpp.o[0m
[6.384s] [ 33%] [32mBuilding CXX object CMakeFiles/base_msgs_per__rosidl_typesupport_introspection_cpp.dir/rosidl_typesupport_introspection_cpp/base_msgs_per/msg/detail/local_path_point__type_support.cpp.o[0m
[6.385s] [ 34%] [32mBuilding CXX object CMakeFiles/base_msgs_per__rosidl_typesupport_c.dir/rosidl_typesupport_c/base_msgs_per/msg/local_path__type_support.cpp.o[0m
[6.420s] [ 35%] [32mBuilding CXX object CMakeFiles/base_msgs_per__rosidl_typesupport_c.dir/rosidl_typesupport_c/base_msgs_per/msg/local_speeds_point__type_support.cpp.o[0m
[6.455s] [ 36%] [32mBuilding CXX object CMakeFiles/base_msgs_per__rosidl_typesupport_c.dir/rosidl_typesupport_c/base_msgs_per/msg/local_speeds__type_support.cpp.o[0m
[6.487s] [ 37%] [32mBuilding CXX object CMakeFiles/base_msgs_per__rosidl_typesupport_fastrtps_cpp.dir/rosidl_typesupport_fastrtps_cpp/base_msgs_per/srv/detail/dds_fastrtps/global_path_service__type_support.cpp.o[0m
[6.488s] [ 38%] [32mBuilding CXX object CMakeFiles/base_msgs_per__rosidl_typesupport_c.dir/rosidl_typesupport_c/base_msgs_per/msg/local_trajectory_point__type_support.cpp.o[0m
[6.524s] [ 38%] [32mBuilding CXX object CMakeFiles/base_msgs_per__rosidl_typesupport_c.dir/rosidl_typesupport_c/base_msgs_per/msg/local_trajectory__type_support.cpp.o[0m
[6.551s] [ 39%] [32mBuilding C object CMakeFiles/base_msgs_per__rosidl_typesupport_introspection_c.dir/rosidl_typesupport_introspection_c/base_msgs_per/srv/detail/global_path_service__type_support.c.o[0m
[6.568s] [ 40%] [32mBuilding CXX object CMakeFiles/base_msgs_per__rosidl_typesupport_c.dir/rosidl_typesupport_c/base_msgs_per/msg/obs_info__type_support.cpp.o[0m
[6.600s] [ 41%] [32mBuilding C object CMakeFiles/base_msgs_per__rosidl_typesupport_introspection_c.dir/rosidl_typesupport_introspection_c/base_msgs_per/srv/detail/pnc_map_service__type_support.c.o[0m
[6.608s] [ 42%] [32mBuilding CXX object CMakeFiles/base_msgs_per__rosidl_typesupport_c.dir/rosidl_typesupport_c/base_msgs_per/msg/plot_info__type_support.cpp.o[0m
[6.653s] [ 43%] [32m[1mLinking CXX shared library libbase_msgs_per__rosidl_typesupport_c.so[0m
[6.654s] [ 43%] [32mBuilding C object CMakeFiles/base_msgs_per__rosidl_typesupport_introspection_c.dir/rosidl_typesupport_introspection_c/base_msgs_per/msg/detail/pnc_map__type_support.c.o[0m
[6.707s] [ 43%] Built target base_msgs_per__rosidl_typesupport_c
[6.711s] [ 45%] [32mBuilding C object CMakeFiles/base_msgs_per__rosidl_typesupport_introspection_c.dir/rosidl_typesupport_introspection_c/base_msgs_per/msg/detail/referline_point__type_support.c.o[0m
[6.711s] [ 45%] [32mBuilding C object CMakeFiles/base_msgs_per__rosidl_typesupport_introspection_c.dir/rosidl_typesupport_introspection_c/base_msgs_per/msg/detail/referline__type_support.c.o[0m
[6.749s] [ 46%] [32mBuilding CXX object CMakeFiles/base_msgs_per__rosidl_typesupport_fastrtps_c.dir/rosidl_typesupport_fastrtps_c/base_msgs_per/srv/detail/global_path_service__type_support_c.cpp.o[0m
[6.763s] [ 47%] [32mBuilding C object CMakeFiles/base_msgs_per__rosidl_typesupport_introspection_c.dir/rosidl_typesupport_introspection_c/base_msgs_per/msg/detail/local_path_point__type_support.c.o[0m
[6.772s] [ 48%] [32mBuilding CXX object CMakeFiles/base_msgs_per__rosidl_typesupport_cpp.dir/rosidl_typesupport_cpp/base_msgs_per/msg/local_trajectory_point__type_support.cpp.o[0m
[6.778s] [ 49%] [32mBuilding C object CMakeFiles/base_msgs_per__rosidl_typesupport_introspection_c.dir/rosidl_typesupport_introspection_c/base_msgs_per/msg/detail/local_path__type_support.c.o[0m
[6.809s] [ 50%] [32mBuilding CXX object CMakeFiles/base_msgs_per__rosidl_typesupport_introspection_cpp.dir/rosidl_typesupport_introspection_cpp/base_msgs_per/msg/detail/local_path__type_support.cpp.o[0m
[6.816s] [ 51%] [32mBuilding CXX object CMakeFiles/base_msgs_per__rosidl_typesupport_introspection_cpp.dir/rosidl_typesupport_introspection_cpp/base_msgs_per/msg/detail/local_speeds_point__type_support.cpp.o[0m
[6.829s] [ 51%] [32mBuilding C object CMakeFiles/base_msgs_per__rosidl_typesupport_introspection_c.dir/rosidl_typesupport_introspection_c/base_msgs_per/msg/detail/local_speeds_point__type_support.c.o[0m
[6.875s] [ 52%] [32mBuilding C object CMakeFiles/base_msgs_per__rosidl_typesupport_introspection_c.dir/rosidl_typesupport_introspection_c/base_msgs_per/msg/detail/local_speeds__type_support.c.o[0m
[6.923s] [ 53%] [32mBuilding C object CMakeFiles/base_msgs_per__rosidl_typesupport_introspection_c.dir/rosidl_typesupport_introspection_c/base_msgs_per/msg/detail/local_trajectory_point__type_support.c.o[0m
[6.971s] [ 54%] [32mBuilding CXX object CMakeFiles/base_msgs_per__rosidl_typesupport_introspection_cpp.dir/rosidl_typesupport_introspection_cpp/base_msgs_per/msg/detail/local_speeds__type_support.cpp.o[0m
[6.975s] [ 55%] [32mBuilding C object CMakeFiles/base_msgs_per__rosidl_typesupport_introspection_c.dir/rosidl_typesupport_introspection_c/base_msgs_per/msg/detail/local_trajectory__type_support.c.o[0m
[7.026s] [ 56%] [32mBuilding C object CMakeFiles/base_msgs_per__rosidl_typesupport_introspection_c.dir/rosidl_typesupport_introspection_c/base_msgs_per/msg/detail/obs_info__type_support.c.o[0m
[7.049s] [ 56%] [32mBuilding CXX object CMakeFiles/base_msgs_per__rosidl_typesupport_introspection_cpp.dir/rosidl_typesupport_introspection_cpp/base_msgs_per/msg/detail/local_trajectory_point__type_support.cpp.o[0m
[7.053s] [ 57%] [32mBuilding CXX object CMakeFiles/base_msgs_per__rosidl_typesupport_fastrtps_cpp.dir/rosidl_typesupport_fastrtps_cpp/base_msgs_per/srv/detail/dds_fastrtps/pnc_map_service__type_support.cpp.o[0m
[7.061s] [ 57%] [32mBuilding C object CMakeFiles/base_msgs_per__rosidl_typesupport_introspection_c.dir/rosidl_typesupport_introspection_c/base_msgs_per/msg/detail/plot_info__type_support.c.o[0m
[7.071s] [ 58%] [32mBuilding CXX object CMakeFiles/base_msgs_per__rosidl_typesupport_cpp.dir/rosidl_typesupport_cpp/base_msgs_per/msg/local_trajectory__type_support.cpp.o[0m
[7.113s] [ 59%] [32m[1mLinking C shared library libbase_msgs_per__rosidl_typesupport_introspection_c.so[0m
[7.117s] [ 59%] [32mBuilding CXX object CMakeFiles/base_msgs_per__rosidl_typesupport_fastrtps_c.dir/rosidl_typesupport_fastrtps_c/base_msgs_per/srv/detail/pnc_map_service__type_support_c.cpp.o[0m
[7.138s] [ 60%] [32mBuilding CXX object CMakeFiles/base_msgs_per__rosidl_typesupport_fastrtps_c.dir/rosidl_typesupport_fastrtps_c/base_msgs_per/msg/detail/pnc_map__type_support_c.cpp.o[0m
[7.154s] [ 60%] Built target base_msgs_per__rosidl_typesupport_introspection_c
[7.158s] [ 61%] [32mBuilding CXX object CMakeFiles/base_msgs_per__rosidl_typesupport_fastrtps_cpp.dir/rosidl_typesupport_fastrtps_cpp/base_msgs_per/msg/detail/dds_fastrtps/pnc_map__type_support.cpp.o[0m
[7.189s] [ 61%] [32mBuilding CXX object CMakeFiles/base_msgs_per__rosidl_typesupport_fastrtps_cpp.dir/rosidl_typesupport_fastrtps_cpp/base_msgs_per/msg/detail/dds_fastrtps/referline_point__type_support.cpp.o[0m
[7.215s] [ 62%] [32mBuilding CXX object CMakeFiles/base_msgs_per__rosidl_typesupport_fastrtps_cpp.dir/rosidl_typesupport_fastrtps_cpp/base_msgs_per/msg/detail/dds_fastrtps/referline__type_support.cpp.o[0m
[7.403s] [ 63%] [32mBuilding CXX object CMakeFiles/base_msgs_per__rosidl_typesupport_fastrtps_c.dir/rosidl_typesupport_fastrtps_c/base_msgs_per/msg/detail/referline_point__type_support_c.cpp.o[0m
[7.442s] [ 64%] [32mBuilding CXX object CMakeFiles/base_msgs_per__rosidl_typesupport_fastrtps_c.dir/rosidl_typesupport_fastrtps_c/base_msgs_per/msg/detail/referline__type_support_c.cpp.o[0m
[7.526s] [ 65%] [32mBuilding CXX object CMakeFiles/base_msgs_per__rosidl_typesupport_fastrtps_c.dir/rosidl_typesupport_fastrtps_c/base_msgs_per/msg/detail/local_path_point__type_support_c.cpp.o[0m
[7.541s] [ 66%] [32mBuilding CXX object CMakeFiles/base_msgs_per__rosidl_typesupport_cpp.dir/rosidl_typesupport_cpp/base_msgs_per/msg/obs_info__type_support.cpp.o[0m
[7.651s] [ 67%] [32mBuilding CXX object CMakeFiles/base_msgs_per__rosidl_typesupport_fastrtps_cpp.dir/rosidl_typesupport_fastrtps_cpp/base_msgs_per/msg/detail/dds_fastrtps/local_path_point__type_support.cpp.o[0m
[7.708s] [ 67%] [32mBuilding CXX object CMakeFiles/base_msgs_per__rosidl_typesupport_fastrtps_c.dir/rosidl_typesupport_fastrtps_c/base_msgs_per/msg/detail/local_path__type_support_c.cpp.o[0m
[7.744s] [ 67%] [32mBuilding CXX object CMakeFiles/base_msgs_per__rosidl_typesupport_cpp.dir/rosidl_typesupport_cpp/base_msgs_per/msg/plot_info__type_support.cpp.o[0m
[7.772s] [ 68%] [32mBuilding CXX object CMakeFiles/base_msgs_per__rosidl_typesupport_introspection_cpp.dir/rosidl_typesupport_introspection_cpp/base_msgs_per/msg/detail/local_trajectory__type_support.cpp.o[0m
[7.800s] [ 69%] [32mBuilding CXX object CMakeFiles/base_msgs_per__rosidl_typesupport_fastrtps_c.dir/rosidl_typesupport_fastrtps_c/base_msgs_per/msg/detail/local_speeds_point__type_support_c.cpp.o[0m
[7.842s] [ 70%] [32mBuilding CXX object CMakeFiles/base_msgs_per__rosidl_typesupport_fastrtps_c.dir/rosidl_typesupport_fastrtps_c/base_msgs_per/msg/detail/local_speeds__type_support_c.cpp.o[0m
[7.864s] [ 71%] [32mBuilding CXX object CMakeFiles/base_msgs_per__rosidl_typesupport_fastrtps_c.dir/rosidl_typesupport_fastrtps_c/base_msgs_per/msg/detail/local_trajectory_point__type_support_c.cpp.o[0m
[7.939s] [ 72%] [32mBuilding CXX object CMakeFiles/base_msgs_per__rosidl_typesupport_fastrtps_c.dir/rosidl_typesupport_fastrtps_c/base_msgs_per/msg/detail/local_trajectory__type_support_c.cpp.o[0m
[7.976s] [ 73%] [32mBuilding CXX object CMakeFiles/base_msgs_per__rosidl_typesupport_introspection_cpp.dir/rosidl_typesupport_introspection_cpp/base_msgs_per/msg/detail/obs_info__type_support.cpp.o[0m
[7.981s] [ 74%] [32mBuilding CXX object CMakeFiles/base_msgs_per__rosidl_typesupport_introspection_cpp.dir/rosidl_typesupport_introspection_cpp/base_msgs_per/msg/detail/plot_info__type_support.cpp.o[0m
[7.993s] [ 75%] [32mBuilding CXX object CMakeFiles/base_msgs_per__rosidl_typesupport_fastrtps_cpp.dir/rosidl_typesupport_fastrtps_cpp/base_msgs_per/msg/detail/dds_fastrtps/local_path__type_support.cpp.o[0m
[8.076s] [ 76%] [32mBuilding CXX object CMakeFiles/base_msgs_per__rosidl_typesupport_fastrtps_cpp.dir/rosidl_typesupport_fastrtps_cpp/base_msgs_per/msg/detail/dds_fastrtps/local_speeds_point__type_support.cpp.o[0m
[8.203s] [ 77%] [32m[1mLinking CXX shared library libbase_msgs_per__rosidl_typesupport_cpp.so[0m
[8.247s] [ 77%] [32mBuilding CXX object CMakeFiles/base_msgs_per__rosidl_typesupport_fastrtps_cpp.dir/rosidl_typesupport_fastrtps_cpp/base_msgs_per/msg/detail/dds_fastrtps/local_speeds__type_support.cpp.o[0m
[8.258s] [ 77%] Built target base_msgs_per__rosidl_typesupport_cpp
[8.263s] [ 77%] [32mBuilding CXX object CMakeFiles/base_msgs_per__rosidl_typesupport_fastrtps_c.dir/rosidl_typesupport_fastrtps_c/base_msgs_per/msg/detail/obs_info__type_support_c.cpp.o[0m
[8.289s] [ 78%] [32mBuilding CXX object CMakeFiles/base_msgs_per__rosidl_typesupport_fastrtps_cpp.dir/rosidl_typesupport_fastrtps_cpp/base_msgs_per/msg/detail/dds_fastrtps/local_trajectory_point__type_support.cpp.o[0m
[8.359s] [ 79%] [32mBuilding CXX object CMakeFiles/base_msgs_per__rosidl_typesupport_fastrtps_c.dir/rosidl_typesupport_fastrtps_c/base_msgs_per/msg/detail/plot_info__type_support_c.cpp.o[0m
[8.372s] [ 80%] [32mBuilding CXX object CMakeFiles/base_msgs_per__rosidl_typesupport_fastrtps_cpp.dir/rosidl_typesupport_fastrtps_cpp/base_msgs_per/msg/detail/dds_fastrtps/local_trajectory__type_support.cpp.o[0m
[8.421s] [ 81%] [32mBuilding CXX object CMakeFiles/base_msgs_per__rosidl_typesupport_fastrtps_cpp.dir/rosidl_typesupport_fastrtps_cpp/base_msgs_per/msg/detail/dds_fastrtps/obs_info__type_support.cpp.o[0m
[8.486s] [ 82%] [32mBuilding CXX object CMakeFiles/base_msgs_per__rosidl_typesupport_fastrtps_cpp.dir/rosidl_typesupport_fastrtps_cpp/base_msgs_per/msg/detail/dds_fastrtps/plot_info__type_support.cpp.o[0m
[8.698s] [ 83%] [32m[1mLinking CXX shared library libbase_msgs_per__rosidl_typesupport_introspection_cpp.so[0m
[8.829s] [ 83%] Built target base_msgs_per__rosidl_typesupport_introspection_cpp
[8.875s] [ 84%] [32m[1mLinking CXX shared library libbase_msgs_per__rosidl_typesupport_fastrtps_c.so[0m
[8.946s] [ 84%] Built target base_msgs_per__rosidl_typesupport_fastrtps_c
[9.066s] [ 84%] [32m[1mLinking CXX shared library libbase_msgs_per__rosidl_typesupport_fastrtps_cpp.so[0m
[9.124s] [ 84%] Built target base_msgs_per__rosidl_typesupport_fastrtps_cpp
[9.132s] [ 84%] Built target base_msgs_per
[9.141s] [ 85%] [34m[1mGenerating Python code for ROS interfaces[0m
[11.812s] [ 85%] Built target base_msgs_per__py
[11.819s] [ 86%] [32mBuilding C object CMakeFiles/base_msgs_per__rosidl_generator_py.dir/rosidl_generator_py/base_msgs_per/srv/_global_path_service_s.c.o[0m
[11.819s] [ 86%] [32mBuilding C object CMakeFiles/base_msgs_per__rosidl_generator_py.dir/rosidl_generator_py/base_msgs_per/srv/_pnc_map_service_s.c.o[0m
[11.819s] [ 87%] [32mBuilding C object CMakeFiles/base_msgs_per__rosidl_generator_py.dir/rosidl_generator_py/base_msgs_per/msg/_pnc_map_s.c.o[0m
[11.820s] [ 88%] [32mBuilding C object CMakeFiles/base_msgs_per__rosidl_generator_py.dir/rosidl_generator_py/base_msgs_per/msg/_referline_point_s.c.o[0m
[11.820s] [ 89%] [32mBuilding C object CMakeFiles/base_msgs_per__rosidl_generator_py.dir/rosidl_generator_py/base_msgs_per/msg/_referline_s.c.o[0m
[11.821s] [ 90%] [32mBuilding C object CMakeFiles/base_msgs_per__rosidl_generator_py.dir/rosidl_generator_py/base_msgs_per/msg/_local_path_point_s.c.o[0m
[11.821s] [ 90%] [32mBuilding C object CMakeFiles/base_msgs_per__rosidl_generator_py.dir/rosidl_generator_py/base_msgs_per/msg/_local_path_s.c.o[0m
[11.821s] [ 91%] [32mBuilding C object CMakeFiles/base_msgs_per__rosidl_generator_py.dir/rosidl_generator_py/base_msgs_per/msg/_local_speeds_point_s.c.o[0m
[11.821s] [ 92%] [32mBuilding C object CMakeFiles/base_msgs_per__rosidl_generator_py.dir/rosidl_generator_py/base_msgs_per/msg/_local_speeds_s.c.o[0m
[11.821s] [ 93%] [32mBuilding C object CMakeFiles/base_msgs_per__rosidl_generator_py.dir/rosidl_generator_py/base_msgs_per/msg/_local_trajectory_point_s.c.o[0m
[11.821s] [ 94%] [32mBuilding C object CMakeFiles/base_msgs_per__rosidl_generator_py.dir/rosidl_generator_py/base_msgs_per/msg/_local_trajectory_s.c.o[0m
[11.825s] [ 94%] [32mBuilding C object CMakeFiles/base_msgs_per__rosidl_generator_py.dir/rosidl_generator_py/base_msgs_per/msg/_obs_info_s.c.o[0m
[11.974s] [ 95%] [32mBuilding C object CMakeFiles/base_msgs_per__rosidl_generator_py.dir/rosidl_generator_py/base_msgs_per/msg/_plot_info_s.c.o[0m
[12.068s] [ 96%] [32m[1mLinking C shared library rosidl_generator_py/base_msgs_per/libbase_msgs_per__rosidl_generator_py.so[0m
[12.097s] [ 96%] Built target base_msgs_per__rosidl_generator_py
[12.104s] [ 97%] [32mBuilding C object CMakeFiles/base_msgs_per__rosidl_typesupport_fastrtps_c__pyext.dir/rosidl_generator_py/base_msgs_per/_base_msgs_per_s.ep.rosidl_typesupport_fastrtps_c.c.o[0m
[12.104s] [ 99%] [32mBuilding C object CMakeFiles/base_msgs_per__rosidl_typesupport_c__pyext.dir/rosidl_generator_py/base_msgs_per/_base_msgs_per_s.ep.rosidl_typesupport_c.c.o[0m
[12.104s] [ 99%] [32mBuilding C object CMakeFiles/base_msgs_per__rosidl_typesupport_introspection_c__pyext.dir/rosidl_generator_py/base_msgs_per/_base_msgs_per_s.ep.rosidl_typesupport_introspection_c.c.o[0m
[12.231s] [100%] [32m[1mLinking C shared library rosidl_generator_py/base_msgs_per/base_msgs_per_s__rosidl_typesupport_c.cpython-310-x86_64-linux-gnu.so[0m
[12.232s] [100%] [32m[1mLinking C shared library rosidl_generator_py/base_msgs_per/base_msgs_per_s__rosidl_typesupport_fastrtps_c.cpython-310-x86_64-linux-gnu.so[0m
[12.232s] [100%] [32m[1mLinking C shared library rosidl_generator_py/base_msgs_per/base_msgs_per_s__rosidl_typesupport_introspection_c.cpython-310-x86_64-linux-gnu.so[0m
[12.265s] [100%] Built target base_msgs_per__rosidl_typesupport_introspection_c__pyext
[12.265s] [100%] Built target base_msgs_per__rosidl_typesupport_c__pyext
[12.265s] [100%] Built target base_msgs_per__rosidl_typesupport_fastrtps_c__pyext
[12.271s] Invoked command in '/home/abc/perception_with_ros2/build/base_msgs_per' returned '0': CMAKE_PREFIX_PATH=${CMAKE_PREFIX_PATH}:/home/abc/perception_with_ros2/install/data_plot_per:/home/abc/planning_with_ros2/install/data_plot:/opt/ros/humble /usr/local/bin/cmake --build /home/abc/perception_with_ros2/build/base_msgs_per -- -j12 -l12
[12.274s] Invoking command in '/home/abc/perception_with_ros2/build/base_msgs_per': CMAKE_PREFIX_PATH=${CMAKE_PREFIX_PATH}:/home/abc/perception_with_ros2/install/data_plot_per:/home/abc/planning_with_ros2/install/data_plot:/opt/ros/humble /usr/local/bin/cmake --install /home/abc/perception_with_ros2/build/base_msgs_per
[12.276s] -- Install configuration: ""
[12.276s] -- Installing: /home/abc/perception_with_ros2/install/base_msgs_per/share/ament_index/resource_index/rosidl_interfaces/base_msgs_per
[12.276s] -- Installing: /home/abc/perception_with_ros2/install/base_msgs_per/include/base_msgs_per/base_msgs_per
[12.276s] -- Installing: /home/abc/perception_with_ros2/install/base_msgs_per/include/base_msgs_per/base_msgs_per/msg
[12.276s] -- Installing: /home/abc/perception_with_ros2/install/base_msgs_per/include/base_msgs_per/base_msgs_per/msg/pnc_map.h
[12.277s] -- Installing: /home/abc/perception_with_ros2/install/base_msgs_per/include/base_msgs_per/base_msgs_per/msg/local_trajectory_point.h
[12.277s] -- Installing: /home/abc/perception_with_ros2/install/base_msgs_per/include/base_msgs_per/base_msgs_per/msg/plot_info.h
[12.277s] -- Installing: /home/abc/perception_with_ros2/install/base_msgs_per/include/base_msgs_per/base_msgs_per/msg/rosidl_generator_c__visibility_control.h
[12.277s] -- Installing: /home/abc/perception_with_ros2/install/base_msgs_per/include/base_msgs_per/base_msgs_per/msg/local_path.h
[12.277s] -- Installing: /home/abc/perception_with_ros2/install/base_msgs_per/include/base_msgs_per/base_msgs_per/msg/detail
[12.277s] -- Installing: /home/abc/perception_with_ros2/install/base_msgs_per/include/base_msgs_per/base_msgs_per/msg/detail/obs_info__type_support.h
[12.277s] -- Installing: /home/abc/perception_with_ros2/install/base_msgs_per/include/base_msgs_per/base_msgs_per/msg/detail/local_speeds__functions.c
[12.277s] -- Installing: /home/abc/perception_with_ros2/install/base_msgs_per/include/base_msgs_per/base_msgs_per/msg/detail/local_speeds_point__struct.h
[12.277s] -- Installing: /home/abc/perception_with_ros2/install/base_msgs_per/include/base_msgs_per/base_msgs_per/msg/detail/referline_point__type_support.h
[12.277s] -- Installing: /home/abc/perception_with_ros2/install/base_msgs_per/include/base_msgs_per/base_msgs_per/msg/detail/obs_info__struct.h
[12.277s] -- Installing: /home/abc/perception_with_ros2/install/base_msgs_per/include/base_msgs_per/base_msgs_per/msg/detail/referline__struct.h
[12.277s] -- Installing: /home/abc/perception_with_ros2/install/base_msgs_per/include/base_msgs_per/base_msgs_per/msg/detail/local_speeds__functions.h
[12.277s] -- Installing: /home/abc/perception_with_ros2/install/base_msgs_per/include/base_msgs_per/base_msgs_per/msg/detail/local_path_point__functions.h
[12.278s] -- Installing: /home/abc/perception_with_ros2/install/base_msgs_per/include/base_msgs_per/base_msgs_per/msg/detail/pnc_map__struct.h
[12.278s] -- Installing: /home/abc/perception_with_ros2/install/base_msgs_per/include/base_msgs_per/base_msgs_per/msg/detail/plot_info__struct.h
[12.278s] -- Installing: /home/abc/perception_with_ros2/install/base_msgs_per/include/base_msgs_per/base_msgs_per/msg/detail/local_path_point__struct.h
[12.278s] -- Installing: /home/abc/perception_with_ros2/install/base_msgs_per/include/base_msgs_per/base_msgs_per/msg/detail/local_path__struct.h
[12.278s] -- Installing: /home/abc/perception_with_ros2/install/base_msgs_per/include/base_msgs_per/base_msgs_per/msg/detail/obs_info__functions.h
[12.278s] -- Installing: /home/abc/perception_with_ros2/install/base_msgs_per/include/base_msgs_per/base_msgs_per/msg/detail/obs_info__functions.c
[12.278s] -- Installing: /home/abc/perception_with_ros2/install/base_msgs_per/include/base_msgs_per/base_msgs_per/msg/detail/local_speeds__struct.h
[12.278s] -- Installing: /home/abc/perception_with_ros2/install/base_msgs_per/include/base_msgs_per/base_msgs_per/msg/detail/referline__functions.h
[12.278s] -- Installing: /home/abc/perception_with_ros2/install/base_msgs_per/include/base_msgs_per/base_msgs_per/msg/detail/local_trajectory__type_support.h
[12.278s] -- Installing: /home/abc/perception_with_ros2/install/base_msgs_per/include/base_msgs_per/base_msgs_per/msg/detail/local_trajectory__functions.h
[12.278s] -- Installing: /home/abc/perception_with_ros2/install/base_msgs_per/include/base_msgs_per/base_msgs_per/msg/detail/local_path_point__type_support.h
[12.278s] -- Installing: /home/abc/perception_with_ros2/install/base_msgs_per/include/base_msgs_per/base_msgs_per/msg/detail/local_path_point__functions.c
[12.278s] -- Installing: /home/abc/perception_with_ros2/install/base_msgs_per/include/base_msgs_per/base_msgs_per/msg/detail/referline__type_support.h
[12.278s] -- Installing: /home/abc/perception_with_ros2/install/base_msgs_per/include/base_msgs_per/base_msgs_per/msg/detail/local_trajectory_point__functions.c
[12.279s] -- Installing: /home/abc/perception_with_ros2/install/base_msgs_per/include/base_msgs_per/base_msgs_per/msg/detail/local_trajectory_point__functions.h
[12.279s] -- Installing: /home/abc/perception_with_ros2/install/base_msgs_per/include/base_msgs_per/base_msgs_per/msg/detail/local_path__functions.h
[12.279s] -- Installing: /home/abc/perception_with_ros2/install/base_msgs_per/include/base_msgs_per/base_msgs_per/msg/detail/pnc_map__functions.c
[12.279s] -- Installing: /home/abc/perception_with_ros2/install/base_msgs_per/include/base_msgs_per/base_msgs_per/msg/detail/referline__functions.c
[12.279s] -- Installing: /home/abc/perception_with_ros2/install/base_msgs_per/include/base_msgs_per/base_msgs_per/msg/detail/referline_point__struct.h
[12.279s] -- Installing: /home/abc/perception_with_ros2/install/base_msgs_per/include/base_msgs_per/base_msgs_per/msg/detail/local_trajectory__struct.h
[12.279s] -- Installing: /home/abc/perception_with_ros2/install/base_msgs_per/include/base_msgs_per/base_msgs_per/msg/detail/local_speeds_point__type_support.h
[12.279s] -- Installing: /home/abc/perception_with_ros2/install/base_msgs_per/include/base_msgs_per/base_msgs_per/msg/detail/local_speeds_point__functions.h
[12.279s] -- Installing: /home/abc/perception_with_ros2/install/base_msgs_per/include/base_msgs_per/base_msgs_per/msg/detail/local_trajectory_point__struct.h
[12.279s] -- Installing: /home/abc/perception_with_ros2/install/base_msgs_per/include/base_msgs_per/base_msgs_per/msg/detail/local_path__functions.c
[12.279s] -- Installing: /home/abc/perception_with_ros2/install/base_msgs_per/include/base_msgs_per/base_msgs_per/msg/detail/plot_info__functions.c
[12.279s] -- Installing: /home/abc/perception_with_ros2/install/base_msgs_per/include/base_msgs_per/base_msgs_per/msg/detail/local_trajectory__functions.c
[12.279s] -- Installing: /home/abc/perception_with_ros2/install/base_msgs_per/include/base_msgs_per/base_msgs_per/msg/detail/local_speeds__type_support.h
[12.280s] -- Installing: /home/abc/perception_with_ros2/install/base_msgs_per/include/base_msgs_per/base_msgs_per/msg/detail/plot_info__type_support.h
[12.280s] -- Installing: /home/abc/perception_with_ros2/install/base_msgs_per/include/base_msgs_per/base_msgs_per/msg/detail/referline_point__functions.c
[12.280s] -- Installing: /home/abc/perception_with_ros2/install/base_msgs_per/include/base_msgs_per/base_msgs_per/msg/detail/local_path__type_support.h
[12.280s] -- Installing: /home/abc/perception_with_ros2/install/base_msgs_per/include/base_msgs_per/base_msgs_per/msg/detail/plot_info__functions.h
[12.280s] -- Installing: /home/abc/perception_with_ros2/install/base_msgs_per/include/base_msgs_per/base_msgs_per/msg/detail/pnc_map__type_support.h
[12.280s] -- Installing: /home/abc/perception_with_ros2/install/base_msgs_per/include/base_msgs_per/base_msgs_per/msg/detail/pnc_map__functions.h
[12.280s] -- Installing: /home/abc/perception_with_ros2/install/base_msgs_per/include/base_msgs_per/base_msgs_per/msg/detail/local_trajectory_point__type_support.h
[12.280s] -- Installing: /home/abc/perception_with_ros2/install/base_msgs_per/include/base_msgs_per/base_msgs_per/msg/detail/local_speeds_point__functions.c
[12.280s] -- Installing: /home/abc/perception_with_ros2/install/base_msgs_per/include/base_msgs_per/base_msgs_per/msg/detail/referline_point__functions.h
[12.280s] -- Installing: /home/abc/perception_with_ros2/install/base_msgs_per/include/base_msgs_per/base_msgs_per/msg/referline_point.h
[12.280s] -- Installing: /home/abc/perception_with_ros2/install/base_msgs_per/include/base_msgs_per/base_msgs_per/msg/obs_info.h
[12.280s] -- Installing: /home/abc/perception_with_ros2/install/base_msgs_per/include/base_msgs_per/base_msgs_per/msg/referline.h
[12.281s] -- Installing: /home/abc/perception_with_ros2/install/base_msgs_per/include/base_msgs_per/base_msgs_per/msg/local_speeds_point.h
[12.281s] -- Installing: /home/abc/perception_with_ros2/install/base_msgs_per/include/base_msgs_per/base_msgs_per/msg/local_speeds.h
[12.281s] -- Installing: /home/abc/perception_with_ros2/install/base_msgs_per/include/base_msgs_per/base_msgs_per/msg/local_trajectory.h
[12.281s] -- Installing: /home/abc/perception_with_ros2/install/base_msgs_per/include/base_msgs_per/base_msgs_per/msg/local_path_point.h
[12.281s] -- Installing: /home/abc/perception_with_ros2/install/base_msgs_per/include/base_msgs_per/base_msgs_per/srv
[12.281s] -- Installing: /home/abc/perception_with_ros2/install/base_msgs_per/include/base_msgs_per/base_msgs_per/srv/detail
[12.281s] -- Installing: /home/abc/perception_with_ros2/install/base_msgs_per/include/base_msgs_per/base_msgs_per/srv/detail/global_path_service__functions.h
[12.281s] -- Installing: /home/abc/perception_with_ros2/install/base_msgs_per/include/base_msgs_per/base_msgs_per/srv/detail/pnc_map_service__struct.h
[12.281s] -- Installing: /home/abc/perception_with_ros2/install/base_msgs_per/include/base_msgs_per/base_msgs_per/srv/detail/pnc_map_service__functions.c
[12.281s] -- Installing: /home/abc/perception_with_ros2/install/base_msgs_per/include/base_msgs_per/base_msgs_per/srv/detail/global_path_service__type_support.h
[12.281s] -- Installing: /home/abc/perception_with_ros2/install/base_msgs_per/include/base_msgs_per/base_msgs_per/srv/detail/global_path_service__struct.h
[12.281s] -- Installing: /home/abc/perception_with_ros2/install/base_msgs_per/include/base_msgs_per/base_msgs_per/srv/detail/pnc_map_service__type_support.h
[12.282s] -- Installing: /home/abc/perception_with_ros2/install/base_msgs_per/include/base_msgs_per/base_msgs_per/srv/detail/global_path_service__functions.c
[12.282s] -- Installing: /home/abc/perception_with_ros2/install/base_msgs_per/include/base_msgs_per/base_msgs_per/srv/detail/pnc_map_service__functions.h
[12.282s] -- Installing: /home/abc/perception_with_ros2/install/base_msgs_per/include/base_msgs_per/base_msgs_per/srv/pnc_map_service.h
[12.282s] -- Installing: /home/abc/perception_with_ros2/install/base_msgs_per/include/base_msgs_per/base_msgs_per/srv/global_path_service.h
[12.282s] -- Installing: /home/abc/perception_with_ros2/install/base_msgs_per/share/base_msgs_per/environment/library_path.sh
[12.282s] -- Installing: /home/abc/perception_with_ros2/install/base_msgs_per/share/base_msgs_per/environment/library_path.dsv
[12.282s] -- Installing: /home/abc/perception_with_ros2/install/base_msgs_per/lib/libbase_msgs_per__rosidl_generator_c.so
[12.283s] -- Set non-toolchain portion of runtime path of "/home/abc/perception_with_ros2/install/base_msgs_per/lib/libbase_msgs_per__rosidl_generator_c.so" to ""
[12.283s] -- Up-to-date: /home/abc/perception_with_ros2/install/base_msgs_per/include/base_msgs_per/base_msgs_per
[12.283s] -- Up-to-date: /home/abc/perception_with_ros2/install/base_msgs_per/include/base_msgs_per/base_msgs_per/msg
[12.283s] -- Installing: /home/abc/perception_with_ros2/install/base_msgs_per/include/base_msgs_per/base_msgs_per/msg/rosidl_typesupport_fastrtps_c__visibility_control.h
[12.283s] -- Up-to-date: /home/abc/perception_with_ros2/install/base_msgs_per/include/base_msgs_per/base_msgs_per/msg/detail
[12.283s] -- Installing: /home/abc/perception_with_ros2/install/base_msgs_per/include/base_msgs_per/base_msgs_per/msg/detail/obs_info__rosidl_typesupport_fastrtps_c.h
[12.283s] -- Installing: /home/abc/perception_with_ros2/install/base_msgs_per/include/base_msgs_per/base_msgs_per/msg/detail/local_trajectory_point__rosidl_typesupport_fastrtps_c.h
[12.283s] -- Installing: /home/abc/perception_with_ros2/install/base_msgs_per/include/base_msgs_per/base_msgs_per/msg/detail/local_speeds__rosidl_typesupport_fastrtps_c.h
[12.283s] -- Installing: /home/abc/perception_with_ros2/install/base_msgs_per/include/base_msgs_per/base_msgs_per/msg/detail/local_speeds_point__rosidl_typesupport_fastrtps_c.h
[12.283s] -- Installing: /home/abc/perception_with_ros2/install/base_msgs_per/include/base_msgs_per/base_msgs_per/msg/detail/plot_info__rosidl_typesupport_fastrtps_c.h
[12.284s] -- Installing: /home/abc/perception_with_ros2/install/base_msgs_per/include/base_msgs_per/base_msgs_per/msg/detail/local_trajectory__rosidl_typesupport_fastrtps_c.h
[12.284s] -- Installing: /home/abc/perception_with_ros2/install/base_msgs_per/include/base_msgs_per/base_msgs_per/msg/detail/local_path_point__rosidl_typesupport_fastrtps_c.h
[12.284s] -- Installing: /home/abc/perception_with_ros2/install/base_msgs_per/include/base_msgs_per/base_msgs_per/msg/detail/referline_point__rosidl_typesupport_fastrtps_c.h
[12.284s] -- Installing: /home/abc/perception_with_ros2/install/base_msgs_per/include/base_msgs_per/base_msgs_per/msg/detail/pnc_map__rosidl_typesupport_fastrtps_c.h
[12.284s] -- Installing: /home/abc/perception_with_ros2/install/base_msgs_per/include/base_msgs_per/base_msgs_per/msg/detail/referline__rosidl_typesupport_fastrtps_c.h
[12.284s] -- Installing: /home/abc/perception_with_ros2/install/base_msgs_per/include/base_msgs_per/base_msgs_per/msg/detail/local_path__rosidl_typesupport_fastrtps_c.h
[12.284s] -- Up-to-date: /home/abc/perception_with_ros2/install/base_msgs_per/include/base_msgs_per/base_msgs_per/srv
[12.284s] -- Up-to-date: /home/abc/perception_with_ros2/install/base_msgs_per/include/base_msgs_per/base_msgs_per/srv/detail
[12.284s] -- Installing: /home/abc/perception_with_ros2/install/base_msgs_per/include/base_msgs_per/base_msgs_per/srv/detail/pnc_map_service__rosidl_typesupport_fastrtps_c.h
[12.284s] -- Installing: /home/abc/perception_with_ros2/install/base_msgs_per/include/base_msgs_per/base_msgs_per/srv/detail/global_path_service__rosidl_typesupport_fastrtps_c.h
[12.284s] -- Installing: /home/abc/perception_with_ros2/install/base_msgs_per/lib/libbase_msgs_per__rosidl_typesupport_fastrtps_c.so
[12.285s] -- Set non-toolchain portion of runtime path of "/home/abc/perception_with_ros2/install/base_msgs_per/lib/libbase_msgs_per__rosidl_typesupport_fastrtps_c.so" to ""
[12.285s] -- Up-to-date: /home/abc/perception_with_ros2/install/base_msgs_per/include/base_msgs_per/base_msgs_per
[12.285s] -- Up-to-date: /home/abc/perception_with_ros2/install/base_msgs_per/include/base_msgs_per/base_msgs_per/msg
[12.285s] -- Installing: /home/abc/perception_with_ros2/install/base_msgs_per/include/base_msgs_per/base_msgs_per/msg/rosidl_typesupport_introspection_c__visibility_control.h
[12.285s] -- Up-to-date: /home/abc/perception_with_ros2/install/base_msgs_per/include/base_msgs_per/base_msgs_per/msg/detail
[12.285s] -- Installing: /home/abc/perception_with_ros2/install/base_msgs_per/include/base_msgs_per/base_msgs_per/msg/detail/local_trajectory__type_support.c
[12.285s] -- Installing: /home/abc/perception_with_ros2/install/base_msgs_per/include/base_msgs_per/base_msgs_per/msg/detail/local_path_point__rosidl_typesupport_introspection_c.h
[12.285s] -- Installing: /home/abc/perception_with_ros2/install/base_msgs_per/include/base_msgs_per/base_msgs_per/msg/detail/local_speeds_point__type_support.c
[12.286s] -- Installing: /home/abc/perception_with_ros2/install/base_msgs_per/include/base_msgs_per/base_msgs_per/msg/detail/referline__type_support.c
[12.286s] -- Installing: /home/abc/perception_with_ros2/install/base_msgs_per/include/base_msgs_per/base_msgs_per/msg/detail/pnc_map__rosidl_typesupport_introspection_c.h
[12.286s] -- Installing: /home/abc/perception_with_ros2/install/base_msgs_per/include/base_msgs_per/base_msgs_per/msg/detail/local_speeds_point__rosidl_typesupport_introspection_c.h
[12.286s] -- Installing: /home/abc/perception_with_ros2/install/base_msgs_per/include/base_msgs_per/base_msgs_per/msg/detail/local_trajectory__rosidl_typesupport_introspection_c.h
[12.286s] -- Installing: /home/abc/perception_with_ros2/install/base_msgs_per/include/base_msgs_per/base_msgs_per/msg/detail/local_speeds__type_support.c
[12.286s] -- Installing: /home/abc/perception_with_ros2/install/base_msgs_per/include/base_msgs_per/base_msgs_per/msg/detail/referline_point__type_support.c
[12.286s] -- Installing: /home/abc/perception_with_ros2/install/base_msgs_per/include/base_msgs_per/base_msgs_per/msg/detail/referline_point__rosidl_typesupport_introspection_c.h
[12.286s] -- Installing: /home/abc/perception_with_ros2/install/base_msgs_per/include/base_msgs_per/base_msgs_per/msg/detail/pnc_map__type_support.c
[12.286s] -- Installing: /home/abc/perception_with_ros2/install/base_msgs_per/include/base_msgs_per/base_msgs_per/msg/detail/referline__rosidl_typesupport_introspection_c.h
[12.286s] -- Installing: /home/abc/perception_with_ros2/install/base_msgs_per/include/base_msgs_per/base_msgs_per/msg/detail/local_trajectory_point__rosidl_typesupport_introspection_c.h
[12.286s] -- Installing: /home/abc/perception_with_ros2/install/base_msgs_per/include/base_msgs_per/base_msgs_per/msg/detail/obs_info__rosidl_typesupport_introspection_c.h
[12.286s] -- Installing: /home/abc/perception_with_ros2/install/base_msgs_per/include/base_msgs_per/base_msgs_per/msg/detail/obs_info__type_support.c
[12.287s] -- Installing: /home/abc/perception_with_ros2/install/base_msgs_per/include/base_msgs_per/base_msgs_per/msg/detail/local_path__type_support.c
[12.287s] -- Installing: /home/abc/perception_with_ros2/install/base_msgs_per/include/base_msgs_per/base_msgs_per/msg/detail/local_path_point__type_support.c
[12.287s] -- Installing: /home/abc/perception_with_ros2/install/base_msgs_per/include/base_msgs_per/base_msgs_per/msg/detail/local_trajectory_point__type_support.c
[12.287s] -- Installing: /home/abc/perception_with_ros2/install/base_msgs_per/include/base_msgs_per/base_msgs_per/msg/detail/plot_info__type_support.c
[12.287s] -- Installing: /home/abc/perception_with_ros2/install/base_msgs_per/include/base_msgs_per/base_msgs_per/msg/detail/local_speeds__rosidl_typesupport_introspection_c.h
[12.287s] -- Installing: /home/abc/perception_with_ros2/install/base_msgs_per/include/base_msgs_per/base_msgs_per/msg/detail/local_path__rosidl_typesupport_introspection_c.h
[12.287s] -- Installing: /home/abc/perception_with_ros2/install/base_msgs_per/include/base_msgs_per/base_msgs_per/msg/detail/plot_info__rosidl_typesupport_introspection_c.h
[12.287s] -- Up-to-date: /home/abc/perception_with_ros2/install/base_msgs_per/include/base_msgs_per/base_msgs_per/srv
[12.287s] -- Up-to-date: /home/abc/perception_with_ros2/install/base_msgs_per/include/base_msgs_per/base_msgs_per/srv/detail
[12.287s] -- Installing: /home/abc/perception_with_ros2/install/base_msgs_per/include/base_msgs_per/base_msgs_per/srv/detail/global_path_service__type_support.c
[12.287s] -- Installing: /home/abc/perception_with_ros2/install/base_msgs_per/include/base_msgs_per/base_msgs_per/srv/detail/global_path_service__rosidl_typesupport_introspection_c.h
[12.287s] -- Installing: /home/abc/perception_with_ros2/install/base_msgs_per/include/base_msgs_per/base_msgs_per/srv/detail/pnc_map_service__rosidl_typesupport_introspection_c.h
[12.288s] -- Installing: /home/abc/perception_with_ros2/install/base_msgs_per/include/base_msgs_per/base_msgs_per/srv/detail/pnc_map_service__type_support.c
[12.288s] -- Installing: /home/abc/perception_with_ros2/install/base_msgs_per/lib/libbase_msgs_per__rosidl_typesupport_introspection_c.so
[12.288s] -- Set non-toolchain portion of runtime path of "/home/abc/perception_with_ros2/install/base_msgs_per/lib/libbase_msgs_per__rosidl_typesupport_introspection_c.so" to ""
[12.288s] -- Installing: /home/abc/perception_with_ros2/install/base_msgs_per/lib/libbase_msgs_per__rosidl_typesupport_c.so
[12.288s] -- Set non-toolchain portion of runtime path of "/home/abc/perception_with_ros2/install/base_msgs_per/lib/libbase_msgs_per__rosidl_typesupport_c.so" to ""
[12.288s] -- Up-to-date: /home/abc/perception_with_ros2/install/base_msgs_per/include/base_msgs_per/base_msgs_per
[12.289s] -- Up-to-date: /home/abc/perception_with_ros2/install/base_msgs_per/include/base_msgs_per/base_msgs_per/msg
[12.289s] -- Installing: /home/abc/perception_with_ros2/install/base_msgs_per/include/base_msgs_per/base_msgs_per/msg/local_speeds.hpp
[12.289s] -- Installing: /home/abc/perception_with_ros2/install/base_msgs_per/include/base_msgs_per/base_msgs_per/msg/local_path_point.hpp
[12.289s] -- Up-to-date: /home/abc/perception_with_ros2/install/base_msgs_per/include/base_msgs_per/base_msgs_per/msg/detail
[12.289s] -- Installing: /home/abc/perception_with_ros2/install/base_msgs_per/include/base_msgs_per/base_msgs_per/msg/detail/pnc_map__traits.hpp
[12.289s] -- Installing: /home/abc/perception_with_ros2/install/base_msgs_per/include/base_msgs_per/base_msgs_per/msg/detail/local_trajectory_point__type_support.hpp
[12.289s] -- Installing: /home/abc/perception_with_ros2/install/base_msgs_per/include/base_msgs_per/base_msgs_per/msg/detail/obs_info__builder.hpp
[12.289s] -- Installing: /home/abc/perception_with_ros2/install/base_msgs_per/include/base_msgs_per/base_msgs_per/msg/detail/referline_point__type_support.hpp
[12.289s] -- Installing: /home/abc/perception_with_ros2/install/base_msgs_per/include/base_msgs_per/base_msgs_per/msg/detail/local_path__struct.hpp
[12.289s] -- Installing: /home/abc/perception_with_ros2/install/base_msgs_per/include/base_msgs_per/base_msgs_per/msg/detail/plot_info__struct.hpp
[12.290s] -- Installing: /home/abc/perception_with_ros2/install/base_msgs_per/include/base_msgs_per/base_msgs_per/msg/detail/pnc_map__builder.hpp
[12.290s] -- Installing: /home/abc/perception_with_ros2/install/base_msgs_per/include/base_msgs_per/base_msgs_per/msg/detail/plot_info__builder.hpp
[12.290s] -- Installing: /home/abc/perception_with_ros2/install/base_msgs_per/include/base_msgs_per/base_msgs_per/msg/detail/referline__traits.hpp
[12.290s] -- Installing: /home/abc/perception_with_ros2/install/base_msgs_per/include/base_msgs_per/base_msgs_per/msg/detail/local_speeds_point__struct.hpp
[12.290s] -- Installing: /home/abc/perception_with_ros2/install/base_msgs_per/include/base_msgs_per/base_msgs_per/msg/detail/local_trajectory__type_support.hpp
[12.290s] -- Installing: /home/abc/perception_with_ros2/install/base_msgs_per/include/base_msgs_per/base_msgs_per/msg/detail/local_path_point__struct.hpp
[12.290s] -- Installing: /home/abc/perception_with_ros2/install/base_msgs_per/include/base_msgs_per/base_msgs_per/msg/detail/local_speeds__builder.hpp
[12.290s] -- Installing: /home/abc/perception_with_ros2/install/base_msgs_per/include/base_msgs_per/base_msgs_per/msg/detail/local_path__traits.hpp
[12.290s] -- Installing: /home/abc/perception_with_ros2/install/base_msgs_per/include/base_msgs_per/base_msgs_per/msg/detail/local_trajectory__struct.hpp
[12.290s] -- Installing: /home/abc/perception_with_ros2/install/base_msgs_per/include/base_msgs_per/base_msgs_per/msg/detail/local_speeds_point__traits.hpp
[12.290s] -- Installing: /home/abc/perception_with_ros2/install/base_msgs_per/include/base_msgs_per/base_msgs_per/msg/detail/local_speeds_point__type_support.hpp
[12.290s] -- Installing: /home/abc/perception_with_ros2/install/base_msgs_per/include/base_msgs_per/base_msgs_per/msg/detail/local_path__builder.hpp
[12.290s] -- Installing: /home/abc/perception_with_ros2/install/base_msgs_per/include/base_msgs_per/base_msgs_per/msg/detail/plot_info__type_support.hpp
[12.290s] -- Installing: /home/abc/perception_with_ros2/install/base_msgs_per/include/base_msgs_per/base_msgs_per/msg/detail/referline_point__builder.hpp
[12.290s] -- Installing: /home/abc/perception_with_ros2/install/base_msgs_per/include/base_msgs_per/base_msgs_per/msg/detail/obs_info__type_support.hpp
[12.291s] -- Installing: /home/abc/perception_with_ros2/install/base_msgs_per/include/base_msgs_per/base_msgs_per/msg/detail/referline__builder.hpp
[12.291s] -- Installing: /home/abc/perception_with_ros2/install/base_msgs_per/include/base_msgs_per/base_msgs_per/msg/detail/pnc_map__struct.hpp
[12.291s] -- Installing: /home/abc/perception_with_ros2/install/base_msgs_per/include/base_msgs_per/base_msgs_per/msg/detail/local_path_point__traits.hpp
[12.291s] -- Installing: /home/abc/perception_with_ros2/install/base_msgs_per/include/base_msgs_per/base_msgs_per/msg/detail/local_speeds__type_support.hpp
[12.291s] -- Installing: /home/abc/perception_with_ros2/install/base_msgs_per/include/base_msgs_per/base_msgs_per/msg/detail/obs_info__traits.hpp
[12.291s] -- Installing: /home/abc/perception_with_ros2/install/base_msgs_per/include/base_msgs_per/base_msgs_per/msg/detail/local_trajectory__builder.hpp
[12.291s] -- Installing: /home/abc/perception_with_ros2/install/base_msgs_per/include/base_msgs_per/base_msgs_per/msg/detail/local_trajectory__traits.hpp
[12.291s] -- Installing: /home/abc/perception_with_ros2/install/base_msgs_per/include/base_msgs_per/base_msgs_per/msg/detail/referline__struct.hpp
[12.291s] -- Installing: /home/abc/perception_with_ros2/install/base_msgs_per/include/base_msgs_per/base_msgs_per/msg/detail/referline__type_support.hpp
[12.291s] -- Installing: /home/abc/perception_with_ros2/install/base_msgs_per/include/base_msgs_per/base_msgs_per/msg/detail/referline_point__struct.hpp
[12.291s] -- Installing: /home/abc/perception_with_ros2/install/base_msgs_per/include/base_msgs_per/base_msgs_per/msg/detail/plot_info__traits.hpp
[12.291s] -- Installing: /home/abc/perception_with_ros2/install/base_msgs_per/include/base_msgs_per/base_msgs_per/msg/detail/local_trajectory_point__builder.hpp
[12.291s] -- Installing: /home/abc/perception_with_ros2/install/base_msgs_per/include/base_msgs_per/base_msgs_per/msg/detail/local_speeds__traits.hpp
[12.291s] -- Installing: /home/abc/perception_with_ros2/install/base_msgs_per/include/base_msgs_per/base_msgs_per/msg/detail/local_trajectory_point__traits.hpp
[12.292s] -- Installing: /home/abc/perception_with_ros2/install/base_msgs_per/include/base_msgs_per/base_msgs_per/msg/detail/local_path__type_support.hpp
[12.292s] -- Installing: /home/abc/perception_with_ros2/install/base_msgs_per/include/base_msgs_per/base_msgs_per/msg/detail/local_path_point__type_support.hpp
[12.292s] -- Installing: /home/abc/perception_with_ros2/install/base_msgs_per/include/base_msgs_per/base_msgs_per/msg/detail/local_trajectory_point__struct.hpp
[12.292s] -- Installing: /home/abc/perception_with_ros2/install/base_msgs_per/include/base_msgs_per/base_msgs_per/msg/detail/obs_info__struct.hpp
[12.292s] -- Installing: /home/abc/perception_with_ros2/install/base_msgs_per/include/base_msgs_per/base_msgs_per/msg/detail/referline_point__traits.hpp
[12.292s] -- Installing: /home/abc/perception_with_ros2/install/base_msgs_per/include/base_msgs_per/base_msgs_per/msg/detail/local_speeds_point__builder.hpp
[12.292s] -- Installing: /home/abc/perception_with_ros2/install/base_msgs_per/include/base_msgs_per/base_msgs_per/msg/detail/pnc_map__type_support.hpp
[12.292s] -- Installing: /home/abc/perception_with_ros2/install/base_msgs_per/include/base_msgs_per/base_msgs_per/msg/detail/local_speeds__struct.hpp
[12.292s] -- Installing: /home/abc/perception_with_ros2/install/base_msgs_per/include/base_msgs_per/base_msgs_per/msg/detail/local_path_point__builder.hpp
[12.292s] -- Installing: /home/abc/perception_with_ros2/install/base_msgs_per/include/base_msgs_per/base_msgs_per/msg/local_path.hpp
[12.292s] -- Installing: /home/abc/perception_with_ros2/install/base_msgs_per/include/base_msgs_per/base_msgs_per/msg/rosidl_generator_cpp__visibility_control.hpp
[12.292s] -- Installing: /home/abc/perception_with_ros2/install/base_msgs_per/include/base_msgs_per/base_msgs_per/msg/referline.hpp
[12.292s] -- Installing: /home/abc/perception_with_ros2/install/base_msgs_per/include/base_msgs_per/base_msgs_per/msg/local_trajectory_point.hpp
[12.293s] -- Installing: /home/abc/perception_with_ros2/install/base_msgs_per/include/base_msgs_per/base_msgs_per/msg/obs_info.hpp
[12.293s] -- Installing: /home/abc/perception_with_ros2/install/base_msgs_per/include/base_msgs_per/base_msgs_per/msg/plot_info.hpp
[12.293s] -- Installing: /home/abc/perception_with_ros2/install/base_msgs_per/include/base_msgs_per/base_msgs_per/msg/local_trajectory.hpp
[12.293s] -- Installing: /home/abc/perception_with_ros2/install/base_msgs_per/include/base_msgs_per/base_msgs_per/msg/local_speeds_point.hpp
[12.293s] -- Installing: /home/abc/perception_with_ros2/install/base_msgs_per/include/base_msgs_per/base_msgs_per/msg/pnc_map.hpp
[12.293s] -- Installing: /home/abc/perception_with_ros2/install/base_msgs_per/include/base_msgs_per/base_msgs_per/msg/referline_point.hpp
[12.293s] -- Up-to-date: /home/abc/perception_with_ros2/install/base_msgs_per/include/base_msgs_per/base_msgs_per/srv
[12.293s] -- Installing: /home/abc/perception_with_ros2/install/base_msgs_per/include/base_msgs_per/base_msgs_per/srv/pnc_map_service.hpp
[12.293s] -- Up-to-date: /home/abc/perception_with_ros2/install/base_msgs_per/include/base_msgs_per/base_msgs_per/srv/detail
[12.293s] -- Installing: /home/abc/perception_with_ros2/install/base_msgs_per/include/base_msgs_per/base_msgs_per/srv/detail/global_path_service__builder.hpp
[12.293s] -- Installing: /home/abc/perception_with_ros2/install/base_msgs_per/include/base_msgs_per/base_msgs_per/srv/detail/pnc_map_service__traits.hpp
[12.293s] -- Installing: /home/abc/perception_with_ros2/install/base_msgs_per/include/base_msgs_per/base_msgs_per/srv/detail/pnc_map_service__type_support.hpp
[12.293s] -- Installing: /home/abc/perception_with_ros2/install/base_msgs_per/include/base_msgs_per/base_msgs_per/srv/detail/global_path_service__struct.hpp
[12.293s] -- Installing: /home/abc/perception_with_ros2/install/base_msgs_per/include/base_msgs_per/base_msgs_per/srv/detail/pnc_map_service__builder.hpp
[12.294s] -- Installing: /home/abc/perception_with_ros2/install/base_msgs_per/include/base_msgs_per/base_msgs_per/srv/detail/global_path_service__type_support.hpp
[12.294s] -- Installing: /home/abc/perception_with_ros2/install/base_msgs_per/include/base_msgs_per/base_msgs_per/srv/detail/global_path_service__traits.hpp
[12.294s] -- Installing: /home/abc/perception_with_ros2/install/base_msgs_per/include/base_msgs_per/base_msgs_per/srv/detail/pnc_map_service__struct.hpp
[12.294s] -- Installing: /home/abc/perception_with_ros2/install/base_msgs_per/include/base_msgs_per/base_msgs_per/srv/global_path_service.hpp
[12.294s] -- Up-to-date: /home/abc/perception_with_ros2/install/base_msgs_per/include/base_msgs_per/base_msgs_per
[12.294s] -- Up-to-date: /home/abc/perception_with_ros2/install/base_msgs_per/include/base_msgs_per/base_msgs_per/msg
[12.294s] -- Up-to-date: /home/abc/perception_with_ros2/install/base_msgs_per/include/base_msgs_per/base_msgs_per/msg/detail
[12.294s] -- Installing: /home/abc/perception_with_ros2/install/base_msgs_per/include/base_msgs_per/base_msgs_per/msg/detail/local_path__rosidl_typesupport_fastrtps_cpp.hpp
[12.294s] -- Installing: /home/abc/perception_with_ros2/install/base_msgs_per/include/base_msgs_per/base_msgs_per/msg/detail/referline__rosidl_typesupport_fastrtps_cpp.hpp
[12.294s] -- Installing: /home/abc/perception_with_ros2/install/base_msgs_per/include/base_msgs_per/base_msgs_per/msg/detail/local_trajectory__rosidl_typesupport_fastrtps_cpp.hpp
[12.294s] -- Installing: /home/abc/perception_with_ros2/install/base_msgs_per/include/base_msgs_per/base_msgs_per/msg/detail/local_trajectory_point__rosidl_typesupport_fastrtps_cpp.hpp
[12.294s] -- Installing: /home/abc/perception_with_ros2/install/base_msgs_per/include/base_msgs_per/base_msgs_per/msg/detail/obs_info__rosidl_typesupport_fastrtps_cpp.hpp
[12.294s] -- Installing: /home/abc/perception_with_ros2/install/base_msgs_per/include/base_msgs_per/base_msgs_per/msg/detail/local_path_point__rosidl_typesupport_fastrtps_cpp.hpp
[12.294s] -- Installing: /home/abc/perception_with_ros2/install/base_msgs_per/include/base_msgs_per/base_msgs_per/msg/detail/referline_point__rosidl_typesupport_fastrtps_cpp.hpp
[12.295s] -- Installing: /home/abc/perception_with_ros2/install/base_msgs_per/include/base_msgs_per/base_msgs_per/msg/detail/pnc_map__rosidl_typesupport_fastrtps_cpp.hpp
[12.295s] -- Installing: /home/abc/perception_with_ros2/install/base_msgs_per/include/base_msgs_per/base_msgs_per/msg/detail/local_speeds__rosidl_typesupport_fastrtps_cpp.hpp
[12.295s] -- Installing: /home/abc/perception_with_ros2/install/base_msgs_per/include/base_msgs_per/base_msgs_per/msg/detail/dds_fastrtps
[12.295s] -- Installing: /home/abc/perception_with_ros2/install/base_msgs_per/include/base_msgs_per/base_msgs_per/msg/detail/local_speeds_point__rosidl_typesupport_fastrtps_cpp.hpp
[12.295s] -- Installing: /home/abc/perception_with_ros2/install/base_msgs_per/include/base_msgs_per/base_msgs_per/msg/detail/plot_info__rosidl_typesupport_fastrtps_cpp.hpp
[12.295s] -- Installing: /home/abc/perception_with_ros2/install/base_msgs_per/include/base_msgs_per/base_msgs_per/msg/rosidl_typesupport_fastrtps_cpp__visibility_control.h
[12.295s] -- Up-to-date: /home/abc/perception_with_ros2/install/base_msgs_per/include/base_msgs_per/base_msgs_per/srv
[12.295s] -- Up-to-date: /home/abc/perception_with_ros2/install/base_msgs_per/include/base_msgs_per/base_msgs_per/srv/detail
[12.295s] -- Installing: /home/abc/perception_with_ros2/install/base_msgs_per/include/base_msgs_per/base_msgs_per/srv/detail/global_path_service__rosidl_typesupport_fastrtps_cpp.hpp
[12.295s] -- Installing: /home/abc/perception_with_ros2/install/base_msgs_per/include/base_msgs_per/base_msgs_per/srv/detail/pnc_map_service__rosidl_typesupport_fastrtps_cpp.hpp
[12.295s] -- Installing: /home/abc/perception_with_ros2/install/base_msgs_per/include/base_msgs_per/base_msgs_per/srv/detail/dds_fastrtps
[12.295s] -- Installing: /home/abc/perception_with_ros2/install/base_msgs_per/lib/libbase_msgs_per__rosidl_typesupport_fastrtps_cpp.so
[12.296s] -- Set non-toolchain portion of runtime path of "/home/abc/perception_with_ros2/install/base_msgs_per/lib/libbase_msgs_per__rosidl_typesupport_fastrtps_cpp.so" to ""
[12.296s] -- Up-to-date: /home/abc/perception_with_ros2/install/base_msgs_per/include/base_msgs_per/base_msgs_per
[12.296s] -- Up-to-date: /home/abc/perception_with_ros2/install/base_msgs_per/include/base_msgs_per/base_msgs_per/msg
[12.296s] -- Up-to-date: /home/abc/perception_with_ros2/install/base_msgs_per/include/base_msgs_per/base_msgs_per/msg/detail
[12.296s] -- Installing: /home/abc/perception_with_ros2/install/base_msgs_per/include/base_msgs_per/base_msgs_per/msg/detail/local_trajectory__type_support.cpp
[12.296s] -- Installing: /home/abc/perception_with_ros2/install/base_msgs_per/include/base_msgs_per/base_msgs_per/msg/detail/local_speeds_point__type_support.cpp
[12.296s] -- Installing: /home/abc/perception_with_ros2/install/base_msgs_per/include/base_msgs_per/base_msgs_per/msg/detail/local_speeds_point__rosidl_typesupport_introspection_cpp.hpp
[12.296s] -- Installing: /home/abc/perception_with_ros2/install/base_msgs_per/include/base_msgs_per/base_msgs_per/msg/detail/pnc_map__type_support.cpp
[12.297s] -- Installing: /home/abc/perception_with_ros2/install/base_msgs_per/include/base_msgs_per/base_msgs_per/msg/detail/referline__type_support.cpp
[12.297s] -- Installing: /home/abc/perception_with_ros2/install/base_msgs_per/include/base_msgs_per/base_msgs_per/msg/detail/obs_info__rosidl_typesupport_introspection_cpp.hpp
[12.297s] -- Installing: /home/abc/perception_with_ros2/install/base_msgs_per/include/base_msgs_per/base_msgs_per/msg/detail/referline__rosidl_typesupport_introspection_cpp.hpp
[12.297s] -- Installing: /home/abc/perception_with_ros2/install/base_msgs_per/include/base_msgs_per/base_msgs_per/msg/detail/local_speeds__type_support.cpp
[12.297s] -- Installing: /home/abc/perception_with_ros2/install/base_msgs_per/include/base_msgs_per/base_msgs_per/msg/detail/local_trajectory_point__rosidl_typesupport_introspection_cpp.hpp
[12.297s] -- Installing: /home/abc/perception_with_ros2/install/base_msgs_per/include/base_msgs_per/base_msgs_per/msg/detail/plot_info__type_support.cpp
[12.297s] -- Installing: /home/abc/perception_with_ros2/install/base_msgs_per/include/base_msgs_per/base_msgs_per/msg/detail/local_path__rosidl_typesupport_introspection_cpp.hpp
[12.297s] -- Installing: /home/abc/perception_with_ros2/install/base_msgs_per/include/base_msgs_per/base_msgs_per/msg/detail/local_path_point__type_support.cpp
[12.297s] -- Installing: /home/abc/perception_with_ros2/install/base_msgs_per/include/base_msgs_per/base_msgs_per/msg/detail/pnc_map__rosidl_typesupport_introspection_cpp.hpp
[12.297s] -- Installing: /home/abc/perception_with_ros2/install/base_msgs_per/include/base_msgs_per/base_msgs_per/msg/detail/plot_info__rosidl_typesupport_introspection_cpp.hpp
[12.297s] -- Installing: /home/abc/perception_with_ros2/install/base_msgs_per/include/base_msgs_per/base_msgs_per/msg/detail/local_trajectory__rosidl_typesupport_introspection_cpp.hpp
[12.297s] -- Installing: /home/abc/perception_with_ros2/install/base_msgs_per/include/base_msgs_per/base_msgs_per/msg/detail/referline_point__type_support.cpp
[12.297s] -- Installing: /home/abc/perception_with_ros2/install/base_msgs_per/include/base_msgs_per/base_msgs_per/msg/detail/obs_info__type_support.cpp
[12.297s] -- Installing: /home/abc/perception_with_ros2/install/base_msgs_per/include/base_msgs_per/base_msgs_per/msg/detail/referline_point__rosidl_typesupport_introspection_cpp.hpp
[12.297s] -- Installing: /home/abc/perception_with_ros2/install/base_msgs_per/include/base_msgs_per/base_msgs_per/msg/detail/local_speeds__rosidl_typesupport_introspection_cpp.hpp
[12.298s] -- Installing: /home/abc/perception_with_ros2/install/base_msgs_per/include/base_msgs_per/base_msgs_per/msg/detail/local_path__type_support.cpp
[12.298s] -- Installing: /home/abc/perception_with_ros2/install/base_msgs_per/include/base_msgs_per/base_msgs_per/msg/detail/local_trajectory_point__type_support.cpp
[12.298s] -- Installing: /home/abc/perception_with_ros2/install/base_msgs_per/include/base_msgs_per/base_msgs_per/msg/detail/local_path_point__rosidl_typesupport_introspection_cpp.hpp
[12.298s] -- Up-to-date: /home/abc/perception_with_ros2/install/base_msgs_per/include/base_msgs_per/base_msgs_per/srv
[12.298s] -- Up-to-date: /home/abc/perception_with_ros2/install/base_msgs_per/include/base_msgs_per/base_msgs_per/srv/detail
[12.298s] -- Installing: /home/abc/perception_with_ros2/install/base_msgs_per/include/base_msgs_per/base_msgs_per/srv/detail/pnc_map_service__rosidl_typesupport_introspection_cpp.hpp
[12.298s] -- Installing: /home/abc/perception_with_ros2/install/base_msgs_per/include/base_msgs_per/base_msgs_per/srv/detail/pnc_map_service__type_support.cpp
[12.298s] -- Installing: /home/abc/perception_with_ros2/install/base_msgs_per/include/base_msgs_per/base_msgs_per/srv/detail/global_path_service__type_support.cpp
[12.298s] -- Installing: /home/abc/perception_with_ros2/install/base_msgs_per/include/base_msgs_per/base_msgs_per/srv/detail/global_path_service__rosidl_typesupport_introspection_cpp.hpp
[12.298s] -- Installing: /home/abc/perception_with_ros2/install/base_msgs_per/lib/libbase_msgs_per__rosidl_typesupport_introspection_cpp.so
[12.299s] -- Set non-toolchain portion of runtime path of "/home/abc/perception_with_ros2/install/base_msgs_per/lib/libbase_msgs_per__rosidl_typesupport_introspection_cpp.so" to ""
[12.299s] -- Installing: /home/abc/perception_with_ros2/install/base_msgs_per/lib/libbase_msgs_per__rosidl_typesupport_cpp.so
[12.299s] -- Set non-toolchain portion of runtime path of "/home/abc/perception_with_ros2/install/base_msgs_per/lib/libbase_msgs_per__rosidl_typesupport_cpp.so" to ""
[12.299s] -- Installing: /home/abc/perception_with_ros2/install/base_msgs_per/share/base_msgs_per/environment/pythonpath.sh
[12.299s] -- Installing: /home/abc/perception_with_ros2/install/base_msgs_per/share/base_msgs_per/environment/pythonpath.dsv
[12.299s] -- Installing: /home/abc/perception_with_ros2/install/base_msgs_per/local/lib/python3.10/dist-packages/base_msgs_per-0.0.0-py3.10.egg-info
[12.299s] -- Installing: /home/abc/perception_with_ros2/install/base_msgs_per/local/lib/python3.10/dist-packages/base_msgs_per-0.0.0-py3.10.egg-info/dependency_links.txt
[12.300s] -- Installing: /home/abc/perception_with_ros2/install/base_msgs_per/local/lib/python3.10/dist-packages/base_msgs_per-0.0.0-py3.10.egg-info/SOURCES.txt
[12.300s] -- Installing: /home/abc/perception_with_ros2/install/base_msgs_per/local/lib/python3.10/dist-packages/base_msgs_per-0.0.0-py3.10.egg-info/top_level.txt
[12.300s] -- Installing: /home/abc/perception_with_ros2/install/base_msgs_per/local/lib/python3.10/dist-packages/base_msgs_per-0.0.0-py3.10.egg-info/PKG-INFO
[12.300s] -- Installing: /home/abc/perception_with_ros2/install/base_msgs_per/local/lib/python3.10/dist-packages/base_msgs_per
[12.300s] -- Installing: /home/abc/perception_with_ros2/install/base_msgs_per/local/lib/python3.10/dist-packages/base_msgs_per/_base_msgs_per_s.ep.rosidl_typesupport_fastrtps_c.c
[12.300s] -- Installing: /home/abc/perception_with_ros2/install/base_msgs_per/local/lib/python3.10/dist-packages/base_msgs_per/msg
[12.300s] -- Installing: /home/abc/perception_with_ros2/install/base_msgs_per/local/lib/python3.10/dist-packages/base_msgs_per/msg/_obs_info.py
[12.300s] -- Installing: /home/abc/perception_with_ros2/install/base_msgs_per/local/lib/python3.10/dist-packages/base_msgs_per/msg/_referline_s.c
[12.300s] -- Installing: /home/abc/perception_with_ros2/install/base_msgs_per/local/lib/python3.10/dist-packages/base_msgs_per/msg/_local_path_s.c
[12.300s] -- Installing: /home/abc/perception_with_ros2/install/base_msgs_per/local/lib/python3.10/dist-packages/base_msgs_per/msg/_local_speeds.py
[12.300s] -- Installing: /home/abc/perception_with_ros2/install/base_msgs_per/local/lib/python3.10/dist-packages/base_msgs_per/msg/_local_path_point_s.c
[12.301s] -- Installing: /home/abc/perception_with_ros2/install/base_msgs_per/local/lib/python3.10/dist-packages/base_msgs_per/msg/_referline_point_s.c
[12.301s] -- Installing: /home/abc/perception_with_ros2/install/base_msgs_per/local/lib/python3.10/dist-packages/base_msgs_per/msg/_local_path.py
[12.301s] -- Installing: /home/abc/perception_with_ros2/install/base_msgs_per/local/lib/python3.10/dist-packages/base_msgs_per/msg/_local_trajectory_point.py
[12.301s] -- Installing: /home/abc/perception_with_ros2/install/base_msgs_per/local/lib/python3.10/dist-packages/base_msgs_per/msg/_local_speeds_s.c
[12.301s] -- Installing: /home/abc/perception_with_ros2/install/base_msgs_per/local/lib/python3.10/dist-packages/base_msgs_per/msg/_referline.py
[12.301s] -- Installing: /home/abc/perception_with_ros2/install/base_msgs_per/local/lib/python3.10/dist-packages/base_msgs_per/msg/_local_speeds_point.py
[12.301s] -- Installing: /home/abc/perception_with_ros2/install/base_msgs_per/local/lib/python3.10/dist-packages/base_msgs_per/msg/_pnc_map.py
[12.301s] -- Installing: /home/abc/perception_with_ros2/install/base_msgs_per/local/lib/python3.10/dist-packages/base_msgs_per/msg/__init__.py
[12.301s] -- Installing: /home/abc/perception_with_ros2/install/base_msgs_per/local/lib/python3.10/dist-packages/base_msgs_per/msg/_plot_info_s.c
[12.301s] -- Installing: /home/abc/perception_with_ros2/install/base_msgs_per/local/lib/python3.10/dist-packages/base_msgs_per/msg/_local_trajectory_s.c
[12.301s] -- Installing: /home/abc/perception_with_ros2/install/base_msgs_per/local/lib/python3.10/dist-packages/base_msgs_per/msg/_referline_point.py
[12.301s] -- Installing: /home/abc/perception_with_ros2/install/base_msgs_per/local/lib/python3.10/dist-packages/base_msgs_per/msg/_local_speeds_point_s.c
[12.301s] -- Installing: /home/abc/perception_with_ros2/install/base_msgs_per/local/lib/python3.10/dist-packages/base_msgs_per/msg/_local_path_point.py
[12.301s] -- Installing: /home/abc/perception_with_ros2/install/base_msgs_per/local/lib/python3.10/dist-packages/base_msgs_per/msg/_pnc_map_s.c
[12.301s] -- Installing: /home/abc/perception_with_ros2/install/base_msgs_per/local/lib/python3.10/dist-packages/base_msgs_per/msg/_local_trajectory.py
[12.302s] -- Installing: /home/abc/perception_with_ros2/install/base_msgs_per/local/lib/python3.10/dist-packages/base_msgs_per/msg/_local_trajectory_point_s.c
[12.302s] -- Installing: /home/abc/perception_with_ros2/install/base_msgs_per/local/lib/python3.10/dist-packages/base_msgs_per/msg/_plot_info.py
[12.302s] -- Installing: /home/abc/perception_with_ros2/install/base_msgs_per/local/lib/python3.10/dist-packages/base_msgs_per/msg/_obs_info_s.c
[12.302s] -- Installing: /home/abc/perception_with_ros2/install/base_msgs_per/local/lib/python3.10/dist-packages/base_msgs_per/_base_msgs_per_s.ep.rosidl_typesupport_introspection_c.c
[12.302s] -- Installing: /home/abc/perception_with_ros2/install/base_msgs_per/local/lib/python3.10/dist-packages/base_msgs_per/_base_msgs_per_s.ep.rosidl_typesupport_c.c
[12.302s] -- Installing: /home/abc/perception_with_ros2/install/base_msgs_per/local/lib/python3.10/dist-packages/base_msgs_per/__init__.py
[12.302s] -- Installing: /home/abc/perception_with_ros2/install/base_msgs_per/local/lib/python3.10/dist-packages/base_msgs_per/base_msgs_per_s__rosidl_typesupport_c.cpython-310-x86_64-linux-gnu.so
[12.302s] -- Installing: /home/abc/perception_with_ros2/install/base_msgs_per/local/lib/python3.10/dist-packages/base_msgs_per/base_msgs_per_s__rosidl_typesupport_introspection_c.cpython-310-x86_64-linux-gnu.so
[12.302s] -- Installing: /home/abc/perception_with_ros2/install/base_msgs_per/local/lib/python3.10/dist-packages/base_msgs_per/base_msgs_per_s__rosidl_typesupport_fastrtps_c.cpython-310-x86_64-linux-gnu.so
[12.302s] -- Installing: /home/abc/perception_with_ros2/install/base_msgs_per/local/lib/python3.10/dist-packages/base_msgs_per/libbase_msgs_per__rosidl_generator_py.so
[12.302s] -- Installing: /home/abc/perception_with_ros2/install/base_msgs_per/local/lib/python3.10/dist-packages/base_msgs_per/srv
[12.303s] -- Installing: /home/abc/perception_with_ros2/install/base_msgs_per/local/lib/python3.10/dist-packages/base_msgs_per/srv/_pnc_map_service.py
[12.303s] -- Installing: /home/abc/perception_with_ros2/install/base_msgs_per/local/lib/python3.10/dist-packages/base_msgs_per/srv/_global_path_service_s.c
[12.303s] -- Installing: /home/abc/perception_with_ros2/install/base_msgs_per/local/lib/python3.10/dist-packages/base_msgs_per/srv/__init__.py
[12.303s] -- Installing: /home/abc/perception_with_ros2/install/base_msgs_per/local/lib/python3.10/dist-packages/base_msgs_per/srv/_global_path_service.py
[12.303s] -- Installing: /home/abc/perception_with_ros2/install/base_msgs_per/local/lib/python3.10/dist-packages/base_msgs_per/srv/_pnc_map_service_s.c
[12.350s] Listing '/home/abc/perception_with_ros2/install/base_msgs_per/local/lib/python3.10/dist-packages/base_msgs_per'...
[12.351s] Compiling '/home/abc/perception_with_ros2/install/base_msgs_per/local/lib/python3.10/dist-packages/base_msgs_per/__init__.py'...
[12.351s] Listing '/home/abc/perception_with_ros2/install/base_msgs_per/local/lib/python3.10/dist-packages/base_msgs_per/msg'...
[12.351s] Compiling '/home/abc/perception_with_ros2/install/base_msgs_per/local/lib/python3.10/dist-packages/base_msgs_per/msg/__init__.py'...
[12.351s] Compiling '/home/abc/perception_with_ros2/install/base_msgs_per/local/lib/python3.10/dist-packages/base_msgs_per/msg/_local_path.py'...
[12.351s] Compiling '/home/abc/perception_with_ros2/install/base_msgs_per/local/lib/python3.10/dist-packages/base_msgs_per/msg/_local_path_point.py'...
[12.351s] Compiling '/home/abc/perception_with_ros2/install/base_msgs_per/local/lib/python3.10/dist-packages/base_msgs_per/msg/_local_speeds.py'...
[12.351s] Compiling '/home/abc/perception_with_ros2/install/base_msgs_per/local/lib/python3.10/dist-packages/base_msgs_per/msg/_local_speeds_point.py'...
[12.351s] Compiling '/home/abc/perception_with_ros2/install/base_msgs_per/local/lib/python3.10/dist-packages/base_msgs_per/msg/_local_trajectory.py'...
[12.351s] Compiling '/home/abc/perception_with_ros2/install/base_msgs_per/local/lib/python3.10/dist-packages/base_msgs_per/msg/_local_trajectory_point.py'...
[12.351s] Compiling '/home/abc/perception_with_ros2/install/base_msgs_per/local/lib/python3.10/dist-packages/base_msgs_per/msg/_obs_info.py'...
[12.351s] Compiling '/home/abc/perception_with_ros2/install/base_msgs_per/local/lib/python3.10/dist-packages/base_msgs_per/msg/_plot_info.py'...
[12.352s] Compiling '/home/abc/perception_with_ros2/install/base_msgs_per/local/lib/python3.10/dist-packages/base_msgs_per/msg/_pnc_map.py'...
[12.352s] Compiling '/home/abc/perception_with_ros2/install/base_msgs_per/local/lib/python3.10/dist-packages/base_msgs_per/msg/_referline.py'...
[12.352s] Compiling '/home/abc/perception_with_ros2/install/base_msgs_per/local/lib/python3.10/dist-packages/base_msgs_per/msg/_referline_point.py'...
[12.352s] Listing '/home/abc/perception_with_ros2/install/base_msgs_per/local/lib/python3.10/dist-packages/base_msgs_per/srv'...
[12.352s] Compiling '/home/abc/perception_with_ros2/install/base_msgs_per/local/lib/python3.10/dist-packages/base_msgs_per/srv/__init__.py'...
[12.352s] Compiling '/home/abc/perception_with_ros2/install/base_msgs_per/local/lib/python3.10/dist-packages/base_msgs_per/srv/_global_path_service.py'...
[12.352s] Compiling '/home/abc/perception_with_ros2/install/base_msgs_per/local/lib/python3.10/dist-packages/base_msgs_per/srv/_pnc_map_service.py'...
[12.355s] -- Installing: /home/abc/perception_with_ros2/install/base_msgs_per/local/lib/python3.10/dist-packages/base_msgs_per/base_msgs_per_s__rosidl_typesupport_fastrtps_c.cpython-310-x86_64-linux-gnu.so
[12.355s] -- Set non-toolchain portion of runtime path of "/home/abc/perception_with_ros2/install/base_msgs_per/local/lib/python3.10/dist-packages/base_msgs_per/base_msgs_per_s__rosidl_typesupport_fastrtps_c.cpython-310-x86_64-linux-gnu.so" to ""
[12.355s] -- Installing: /home/abc/perception_with_ros2/install/base_msgs_per/local/lib/python3.10/dist-packages/base_msgs_per/base_msgs_per_s__rosidl_typesupport_introspection_c.cpython-310-x86_64-linux-gnu.so
[12.356s] -- Set non-toolchain portion of runtime path of "/home/abc/perception_with_ros2/install/base_msgs_per/local/lib/python3.10/dist-packages/base_msgs_per/base_msgs_per_s__rosidl_typesupport_introspection_c.cpython-310-x86_64-linux-gnu.so" to ""
[12.356s] -- Installing: /home/abc/perception_with_ros2/install/base_msgs_per/local/lib/python3.10/dist-packages/base_msgs_per/base_msgs_per_s__rosidl_typesupport_c.cpython-310-x86_64-linux-gnu.so
[12.356s] -- Set non-toolchain portion of runtime path of "/home/abc/perception_with_ros2/install/base_msgs_per/local/lib/python3.10/dist-packages/base_msgs_per/base_msgs_per_s__rosidl_typesupport_c.cpython-310-x86_64-linux-gnu.so" to ""
[12.356s] -- Installing: /home/abc/perception_with_ros2/install/base_msgs_per/lib/libbase_msgs_per__rosidl_generator_py.so
[12.357s] -- Set non-toolchain portion of runtime path of "/home/abc/perception_with_ros2/install/base_msgs_per/lib/libbase_msgs_per__rosidl_generator_py.so" to ""
[12.357s] -- Installing: /home/abc/perception_with_ros2/install/base_msgs_per/share/base_msgs_per/srv/GlobalPathService.idl
[12.357s] -- Installing: /home/abc/perception_with_ros2/install/base_msgs_per/share/base_msgs_per/srv/PNCMapService.idl
[12.357s] -- Installing: /home/abc/perception_with_ros2/install/base_msgs_per/share/base_msgs_per/msg/PNCMap.idl
[12.357s] -- Installing: /home/abc/perception_with_ros2/install/base_msgs_per/share/base_msgs_per/msg/ReferlinePoint.idl
[12.357s] -- Installing: /home/abc/perception_with_ros2/install/base_msgs_per/share/base_msgs_per/msg/Referline.idl
[12.357s] -- Installing: /home/abc/perception_with_ros2/install/base_msgs_per/share/base_msgs_per/msg/LocalPathPoint.idl
[12.357s] -- Installing: /home/abc/perception_with_ros2/install/base_msgs_per/share/base_msgs_per/msg/LocalPath.idl
[12.357s] -- Installing: /home/abc/perception_with_ros2/install/base_msgs_per/share/base_msgs_per/msg/LocalSpeedsPoint.idl
[12.358s] -- Installing: /home/abc/perception_with_ros2/install/base_msgs_per/share/base_msgs_per/msg/LocalSpeeds.idl
[12.358s] -- Installing: /home/abc/perception_with_ros2/install/base_msgs_per/share/base_msgs_per/msg/LocalTrajectoryPoint.idl
[12.358s] -- Installing: /home/abc/perception_with_ros2/install/base_msgs_per/share/base_msgs_per/msg/LocalTrajectory.idl
[12.358s] -- Installing: /home/abc/perception_with_ros2/install/base_msgs_per/share/base_msgs_per/msg/ObsInfo.idl
[12.358s] -- Installing: /home/abc/perception_with_ros2/install/base_msgs_per/share/base_msgs_per/msg/PlotInfo.idl
[12.358s] -- Installing: /home/abc/perception_with_ros2/install/base_msgs_per/share/base_msgs_per/srv/GlobalPathService.srv
[12.358s] -- Installing: /home/abc/perception_with_ros2/install/base_msgs_per/share/base_msgs_per/srv/GlobalPathService_Request.msg
[12.358s] -- Installing: /home/abc/perception_with_ros2/install/base_msgs_per/share/base_msgs_per/srv/GlobalPathService_Response.msg
[12.359s] -- Installing: /home/abc/perception_with_ros2/install/base_msgs_per/share/base_msgs_per/srv/PNCMapService.srv
[12.359s] -- Installing: /home/abc/perception_with_ros2/install/base_msgs_per/share/base_msgs_per/srv/PNCMapService_Request.msg
[12.359s] -- Installing: /home/abc/perception_with_ros2/install/base_msgs_per/share/base_msgs_per/srv/PNCMapService_Response.msg
[12.359s] -- Installing: /home/abc/perception_with_ros2/install/base_msgs_per/share/base_msgs_per/msg/PNCMap.msg
[12.359s] -- Installing: /home/abc/perception_with_ros2/install/base_msgs_per/share/base_msgs_per/msg/ReferlinePoint.msg
[12.359s] -- Installing: /home/abc/perception_with_ros2/install/base_msgs_per/share/base_msgs_per/msg/Referline.msg
[12.359s] -- Installing: /home/abc/perception_with_ros2/install/base_msgs_per/share/base_msgs_per/msg/LocalPathPoint.msg
[12.359s] -- Installing: /home/abc/perception_with_ros2/install/base_msgs_per/share/base_msgs_per/msg/LocalPath.msg
[12.359s] -- Installing: /home/abc/perception_with_ros2/install/base_msgs_per/share/base_msgs_per/msg/LocalSpeedsPoint.msg
[12.360s] -- Installing: /home/abc/perception_with_ros2/install/base_msgs_per/share/base_msgs_per/msg/LocalSpeeds.msg
[12.360s] -- Installing: /home/abc/perception_with_ros2/install/base_msgs_per/share/base_msgs_per/msg/LocalTrajectoryPoint.msg
[12.360s] -- Installing: /home/abc/perception_with_ros2/install/base_msgs_per/share/base_msgs_per/msg/LocalTrajectory.msg
[12.360s] -- Installing: /home/abc/perception_with_ros2/install/base_msgs_per/share/base_msgs_per/msg/ObsInfo.msg
[12.360s] -- Installing: /home/abc/perception_with_ros2/install/base_msgs_per/share/base_msgs_per/msg/PlotInfo.msg
[12.360s] -- Installing: /home/abc/perception_with_ros2/install/base_msgs_per/share/ament_index/resource_index/package_run_dependencies/base_msgs_per
[12.360s] -- Installing: /home/abc/perception_with_ros2/install/base_msgs_per/share/ament_index/resource_index/parent_prefix_path/base_msgs_per
[12.360s] -- Installing: /home/abc/perception_with_ros2/install/base_msgs_per/share/base_msgs_per/environment/ament_prefix_path.sh
[12.360s] -- Installing: /home/abc/perception_with_ros2/install/base_msgs_per/share/base_msgs_per/environment/ament_prefix_path.dsv
[12.361s] -- Installing: /home/abc/perception_with_ros2/install/base_msgs_per/share/base_msgs_per/environment/path.sh
[12.361s] -- Installing: /home/abc/perception_with_ros2/install/base_msgs_per/share/base_msgs_per/environment/path.dsv
[12.361s] -- Installing: /home/abc/perception_with_ros2/install/base_msgs_per/share/base_msgs_per/local_setup.bash
[12.361s] -- Installing: /home/abc/perception_with_ros2/install/base_msgs_per/share/base_msgs_per/local_setup.sh
[12.361s] -- Installing: /home/abc/perception_with_ros2/install/base_msgs_per/share/base_msgs_per/local_setup.zsh
[12.361s] -- Installing: /home/abc/perception_with_ros2/install/base_msgs_per/share/base_msgs_per/local_setup.dsv
[12.361s] -- Installing: /home/abc/perception_with_ros2/install/base_msgs_per/share/base_msgs_per/package.dsv
[12.361s] -- Installing: /home/abc/perception_with_ros2/install/base_msgs_per/share/ament_index/resource_index/packages/base_msgs_per
[12.362s] -- Installing: /home/abc/perception_with_ros2/install/base_msgs_per/share/base_msgs_per/cmake/export_base_msgs_per__rosidl_generator_cExport.cmake
[12.362s] -- Installing: /home/abc/perception_with_ros2/install/base_msgs_per/share/base_msgs_per/cmake/export_base_msgs_per__rosidl_generator_cExport-noconfig.cmake
[12.362s] -- Installing: /home/abc/perception_with_ros2/install/base_msgs_per/share/base_msgs_per/cmake/export_base_msgs_per__rosidl_typesupport_fastrtps_cExport.cmake
[12.362s] -- Installing: /home/abc/perception_with_ros2/install/base_msgs_per/share/base_msgs_per/cmake/export_base_msgs_per__rosidl_typesupport_fastrtps_cExport-noconfig.cmake
[12.362s] -- Installing: /home/abc/perception_with_ros2/install/base_msgs_per/share/base_msgs_per/cmake/base_msgs_per__rosidl_typesupport_introspection_cExport.cmake
[12.362s] -- Installing: /home/abc/perception_with_ros2/install/base_msgs_per/share/base_msgs_per/cmake/base_msgs_per__rosidl_typesupport_introspection_cExport-noconfig.cmake
[12.362s] -- Installing: /home/abc/perception_with_ros2/install/base_msgs_per/share/base_msgs_per/cmake/base_msgs_per__rosidl_typesupport_cExport.cmake
[12.362s] -- Installing: /home/abc/perception_with_ros2/install/base_msgs_per/share/base_msgs_per/cmake/base_msgs_per__rosidl_typesupport_cExport-noconfig.cmake
[12.363s] -- Installing: /home/abc/perception_with_ros2/install/base_msgs_per/share/base_msgs_per/cmake/export_base_msgs_per__rosidl_generator_cppExport.cmake
[12.363s] -- Installing: /home/abc/perception_with_ros2/install/base_msgs_per/share/base_msgs_per/cmake/export_base_msgs_per__rosidl_typesupport_fastrtps_cppExport.cmake
[12.363s] -- Installing: /home/abc/perception_with_ros2/install/base_msgs_per/share/base_msgs_per/cmake/export_base_msgs_per__rosidl_typesupport_fastrtps_cppExport-noconfig.cmake
[12.363s] -- Installing: /home/abc/perception_with_ros2/install/base_msgs_per/share/base_msgs_per/cmake/base_msgs_per__rosidl_typesupport_introspection_cppExport.cmake
[12.363s] -- Installing: /home/abc/perception_with_ros2/install/base_msgs_per/share/base_msgs_per/cmake/base_msgs_per__rosidl_typesupport_introspection_cppExport-noconfig.cmake
[12.363s] -- Installing: /home/abc/perception_with_ros2/install/base_msgs_per/share/base_msgs_per/cmake/base_msgs_per__rosidl_typesupport_cppExport.cmake
[12.363s] -- Installing: /home/abc/perception_with_ros2/install/base_msgs_per/share/base_msgs_per/cmake/base_msgs_per__rosidl_typesupport_cppExport-noconfig.cmake
[12.363s] -- Installing: /home/abc/perception_with_ros2/install/base_msgs_per/share/base_msgs_per/cmake/export_base_msgs_per__rosidl_generator_pyExport.cmake
[12.364s] -- Installing: /home/abc/perception_with_ros2/install/base_msgs_per/share/base_msgs_per/cmake/export_base_msgs_per__rosidl_generator_pyExport-noconfig.cmake
[12.364s] -- Installing: /home/abc/perception_with_ros2/install/base_msgs_per/share/base_msgs_per/cmake/rosidl_cmake-extras.cmake
[12.364s] -- Installing: /home/abc/perception_with_ros2/install/base_msgs_per/share/base_msgs_per/cmake/ament_cmake_export_dependencies-extras.cmake
[12.364s] -- Installing: /home/abc/perception_with_ros2/install/base_msgs_per/share/base_msgs_per/cmake/ament_cmake_export_include_directories-extras.cmake
[12.364s] -- Installing: /home/abc/perception_with_ros2/install/base_msgs_per/share/base_msgs_per/cmake/ament_cmake_export_libraries-extras.cmake
[12.364s] -- Installing: /home/abc/perception_with_ros2/install/base_msgs_per/share/base_msgs_per/cmake/ament_cmake_export_targets-extras.cmake
[12.364s] -- Installing: /home/abc/perception_with_ros2/install/base_msgs_per/share/base_msgs_per/cmake/rosidl_cmake_export_typesupport_targets-extras.cmake
[12.364s] -- Installing: /home/abc/perception_with_ros2/install/base_msgs_per/share/base_msgs_per/cmake/rosidl_cmake_export_typesupport_libraries-extras.cmake
[12.365s] -- Installing: /home/abc/perception_with_ros2/install/base_msgs_per/share/base_msgs_per/cmake/base_msgs_perConfig.cmake
[12.365s] -- Installing: /home/abc/perception_with_ros2/install/base_msgs_per/share/base_msgs_per/cmake/base_msgs_perConfig-version.cmake
[12.365s] -- Installing: /home/abc/perception_with_ros2/install/base_msgs_per/share/base_msgs_per/package.xml
[12.366s] Invoked command in '/home/abc/perception_with_ros2/build/base_msgs_per' returned '0': CMAKE_PREFIX_PATH=${CMAKE_PREFIX_PATH}:/home/abc/perception_with_ros2/install/data_plot_per:/home/abc/planning_with_ros2/install/data_plot:/opt/ros/humble /usr/local/bin/cmake --install /home/abc/perception_with_ros2/build/base_msgs_per
