[ 10%] Built target osqp_test
[ 10%] Built target newton_test
[ 17%] Built target mathlibs
[ 23%] Built target config_reader
[ 28%] Built target global_planner
[ 38%] Built target pnc_map_creator
[ 43%] Built target vehicle_info
[ 51%] Built target reference_line
[ 61%] Built target global_path_server
[ 61%] Built target pnc_map_server
[ 66%] Built target obs_move_cmd
[ 71%] Built target decision_center
[ 76%] Built target car_move_cmd
[ 92%] Built target local_planner
[100%] Built target perception_process
-- Install configuration: ""
-- Up-to-date: /home/abc/perception_with_ros2/install/perception/lib/libconfig_reader.so
-- Up-to-date: /home/abc/perception_with_ros2/install/perception/lib/libmathlibs.so
-- Up-to-date: /home/abc/perception_with_ros2/install/perception/lib/libdecision_center.so
-- Up-to-date: /home/abc/perception_with_ros2/install/perception/lib/libpnc_map_creator.so
-- Up-to-date: /home/abc/perception_with_ros2/install/perception/lib/perception/pnc_map_server
-- Up-to-date: /home/abc/perception_with_ros2/install/perception/lib/libglobal_planner.so
-- Up-to-date: /home/abc/perception_with_ros2/install/perception/lib/perception/global_path_server
-- Up-to-date: /home/abc/perception_with_ros2/install/perception/lib/liblocal_planner.so
-- Up-to-date: /home/abc/perception_with_ros2/install/perception/lib/libreference_line.so
-- Up-to-date: /home/abc/perception_with_ros2/install/perception/lib/perception/osqp_test
-- Up-to-date: /home/abc/perception_with_ros2/install/perception/lib/perception/newton_test
-- Up-to-date: /home/abc/perception_with_ros2/install/perception/lib/libvehicle_info.so
-- Up-to-date: /home/abc/perception_with_ros2/install/perception/lib/perception/perception_process
-- Up-to-date: /home/abc/perception_with_ros2/install/perception/lib/perception/car_move_cmd
-- Up-to-date: /home/abc/perception_with_ros2/install/perception/lib/perception/obs_move_cmd
-- Up-to-date: /home/abc/perception_with_ros2/install/perception/share/perception/config
-- Up-to-date: /home/abc/perception_with_ros2/install/perception/share/perception/config/perception_static_obs_config.yaml
-- Up-to-date: /home/abc/perception_with_ros2/install/perception/share/perception/config/perception_dynamic_obs_config.yaml
-- Up-to-date: /home/abc/perception_with_ros2/install/perception/share/perception/launch
-- Up-to-date: /home/abc/perception_with_ros2/install/perception/share/perception/launch/perception_launch.py
-- Up-to-date: /home/abc/perception_with_ros2/install/perception/share/perception/launch/move_cmd_launch.py
-- Up-to-date: /home/abc/perception_with_ros2/install/perception/share/perception/urdf
-- Up-to-date: /home/abc/perception_with_ros2/install/perception/share/perception/urdf/main_car
-- Up-to-date: /home/abc/perception_with_ros2/install/perception/share/perception/urdf/main_car/car_camera.xacro
-- Up-to-date: /home/abc/perception_with_ros2/install/perception/share/perception/urdf/main_car/car_base.xacro
-- Up-to-date: /home/abc/perception_with_ros2/install/perception/share/perception/urdf/main_car/car_radar.xacro
-- Up-to-date: /home/abc/perception_with_ros2/install/perception/share/perception/urdf/main_car/car.xacro
-- Up-to-date: /home/abc/perception_with_ros2/install/perception/share/perception/urdf/main_car/car_wheels.xacro
-- Up-to-date: /home/abc/perception_with_ros2/install/perception/share/perception/urdf/obs_car
-- Installing: /home/abc/perception_with_ros2/install/perception/share/perception/urdf/obs_car/obs_car.xacro
-- Up-to-date: /home/abc/perception_with_ros2/install/perception/share/perception/rviz
-- Up-to-date: /home/abc/perception_with_ros2/install/perception/share/perception/rviz/perception.rviz
-- Up-to-date: /home/abc/perception_with_ros2/install/perception/share/ament_index/resource_index/package_run_dependencies/perception
-- Up-to-date: /home/abc/perception_with_ros2/install/perception/share/ament_index/resource_index/parent_prefix_path/perception
-- Up-to-date: /home/abc/perception_with_ros2/install/perception/share/perception/environment/ament_prefix_path.sh
-- Up-to-date: /home/abc/perception_with_ros2/install/perception/share/perception/environment/ament_prefix_path.dsv
-- Up-to-date: /home/abc/perception_with_ros2/install/perception/share/perception/environment/path.sh
-- Up-to-date: /home/abc/perception_with_ros2/install/perception/share/perception/environment/path.dsv
-- Up-to-date: /home/abc/perception_with_ros2/install/perception/share/perception/local_setup.bash
-- Up-to-date: /home/abc/perception_with_ros2/install/perception/share/perception/local_setup.sh
-- Up-to-date: /home/abc/perception_with_ros2/install/perception/share/perception/local_setup.zsh
-- Up-to-date: /home/abc/perception_with_ros2/install/perception/share/perception/local_setup.dsv
-- Installing: /home/abc/perception_with_ros2/install/perception/share/perception/package.dsv
-- Up-to-date: /home/abc/perception_with_ros2/install/perception/share/ament_index/resource_index/packages/perception
-- Up-to-date: /home/abc/perception_with_ros2/install/perception/share/perception/cmake/perceptionConfig.cmake
-- Up-to-date: /home/abc/perception_with_ros2/install/perception/share/perception/cmake/perceptionConfig-version.cmake
-- Up-to-date: /home/abc/perception_with_ros2/install/perception/share/perception/package.xml
