[0.009s] Invoking command in '/home/abc/perception_with_ros2/build/perception': CMAKE_PREFIX_PATH=/home/abc/perception_with_ros2/install/base_msgs_per:/home/abc/perception_with_ros2/install/perception:/home/abc/planning_with_ros2/install/planning:/home/abc/planning_with_ros2/install/base_msgs:/home/abc/perception_with_ros2/install/data_plot_per:/home/abc/planning_with_ros2/install/data_plot:/opt/ros/humble LD_LIBRARY_PATH=/home/abc/perception_with_ros2/install/base_msgs_per/lib:/home/abc/perception_with_ros2/install/perception/lib:/home/abc/perception_with_ros2/install/perception/lib:/home/abc/perception_with_ros2/install/perception/lib:/home/abc/planning_with_ros2/install/planning/lib:/home/abc/planning_with_ros2/install/base_msgs/lib:/usr/lib/x86_64-linux-gnu/gazebo-11/plugins:/opt/ros/humble/opt/rviz_ogre_vendor/lib:/opt/ros/humble/lib/x86_64-linux-gnu:/opt/ros/humble/lib /usr/local/bin/cmake --build /home/abc/perception_with_ros2/build/perception -- -j12 -l12
[0.035s] [ 10%] Built target osqp_test
[0.035s] [ 10%] Built target newton_test
[0.035s] [ 17%] Built target mathlibs
[0.035s] [ 23%] Built target config_reader
[0.047s] [ 28%] Built target global_planner
[0.048s] [ 38%] Built target pnc_map_creator
[0.048s] [ 43%] Built target vehicle_info
[0.051s] [ 51%] Built target reference_line
[0.061s] [ 61%] Built target global_path_server
[0.061s] [ 61%] Built target pnc_map_server
[0.061s] [ 66%] Built target obs_move_cmd
[0.061s] [ 71%] Built target decision_center
[0.062s] [ 76%] Built target car_move_cmd
[0.079s] [ 92%] Built target local_planner
[0.097s] [100%] Built target perception_process
[0.101s] Invoked command in '/home/abc/perception_with_ros2/build/perception' returned '0': CMAKE_PREFIX_PATH=/home/abc/perception_with_ros2/install/base_msgs_per:/home/abc/perception_with_ros2/install/perception:/home/abc/planning_with_ros2/install/planning:/home/abc/planning_with_ros2/install/base_msgs:/home/abc/perception_with_ros2/install/data_plot_per:/home/abc/planning_with_ros2/install/data_plot:/opt/ros/humble LD_LIBRARY_PATH=/home/abc/perception_with_ros2/install/base_msgs_per/lib:/home/abc/perception_with_ros2/install/perception/lib:/home/abc/perception_with_ros2/install/perception/lib:/home/abc/perception_with_ros2/install/perception/lib:/home/abc/planning_with_ros2/install/planning/lib:/home/abc/planning_with_ros2/install/base_msgs/lib:/usr/lib/x86_64-linux-gnu/gazebo-11/plugins:/opt/ros/humble/opt/rviz_ogre_vendor/lib:/opt/ros/humble/lib/x86_64-linux-gnu:/opt/ros/humble/lib /usr/local/bin/cmake --build /home/abc/perception_with_ros2/build/perception -- -j12 -l12
[0.103s] Invoking command in '/home/abc/perception_with_ros2/build/perception': CMAKE_PREFIX_PATH=/home/abc/perception_with_ros2/install/base_msgs_per:/home/abc/perception_with_ros2/install/perception:/home/abc/planning_with_ros2/install/planning:/home/abc/planning_with_ros2/install/base_msgs:/home/abc/perception_with_ros2/install/data_plot_per:/home/abc/planning_with_ros2/install/data_plot:/opt/ros/humble LD_LIBRARY_PATH=/home/abc/perception_with_ros2/install/base_msgs_per/lib:/home/abc/perception_with_ros2/install/perception/lib:/home/abc/perception_with_ros2/install/perception/lib:/home/abc/perception_with_ros2/install/perception/lib:/home/abc/planning_with_ros2/install/planning/lib:/home/abc/planning_with_ros2/install/base_msgs/lib:/usr/lib/x86_64-linux-gnu/gazebo-11/plugins:/opt/ros/humble/opt/rviz_ogre_vendor/lib:/opt/ros/humble/lib/x86_64-linux-gnu:/opt/ros/humble/lib /usr/local/bin/cmake --install /home/abc/perception_with_ros2/build/perception
[0.105s] -- Install configuration: ""
[0.105s] -- Up-to-date: /home/abc/perception_with_ros2/install/perception/lib/libconfig_reader.so
[0.105s] -- Up-to-date: /home/abc/perception_with_ros2/install/perception/lib/libmathlibs.so
[0.105s] -- Up-to-date: /home/abc/perception_with_ros2/install/perception/lib/libdecision_center.so
[0.106s] -- Up-to-date: /home/abc/perception_with_ros2/install/perception/lib/libpnc_map_creator.so
[0.106s] -- Up-to-date: /home/abc/perception_with_ros2/install/perception/lib/perception/pnc_map_server
[0.106s] -- Up-to-date: /home/abc/perception_with_ros2/install/perception/lib/libglobal_planner.so
[0.107s] -- Up-to-date: /home/abc/perception_with_ros2/install/perception/lib/perception/global_path_server
[0.107s] -- Up-to-date: /home/abc/perception_with_ros2/install/perception/lib/liblocal_planner.so
[0.107s] -- Up-to-date: /home/abc/perception_with_ros2/install/perception/lib/libreference_line.so
[0.108s] -- Up-to-date: /home/abc/perception_with_ros2/install/perception/lib/perception/osqp_test
[0.108s] -- Up-to-date: /home/abc/perception_with_ros2/install/perception/lib/perception/newton_test
[0.108s] -- Up-to-date: /home/abc/perception_with_ros2/install/perception/lib/libvehicle_info.so
[0.109s] -- Up-to-date: /home/abc/perception_with_ros2/install/perception/lib/perception/perception_process
[0.109s] -- Up-to-date: /home/abc/perception_with_ros2/install/perception/lib/perception/car_move_cmd
[0.109s] -- Up-to-date: /home/abc/perception_with_ros2/install/perception/lib/perception/obs_move_cmd
[0.110s] -- Up-to-date: /home/abc/perception_with_ros2/install/perception/share/perception/config
[0.110s] -- Up-to-date: /home/abc/perception_with_ros2/install/perception/share/perception/config/perception_static_obs_config.yaml
[0.110s] -- Up-to-date: /home/abc/perception_with_ros2/install/perception/share/perception/config/perception_dynamic_obs_config.yaml
[0.110s] -- Up-to-date: /home/abc/perception_with_ros2/install/perception/share/perception/launch
[0.110s] -- Up-to-date: /home/abc/perception_with_ros2/install/perception/share/perception/launch/perception_launch.py
[0.110s] -- Up-to-date: /home/abc/perception_with_ros2/install/perception/share/perception/launch/move_cmd_launch.py
[0.110s] -- Up-to-date: /home/abc/perception_with_ros2/install/perception/share/perception/urdf
[0.110s] -- Up-to-date: /home/abc/perception_with_ros2/install/perception/share/perception/urdf/main_car
[0.111s] -- Up-to-date: /home/abc/perception_with_ros2/install/perception/share/perception/urdf/main_car/car_camera.xacro
[0.111s] -- Up-to-date: /home/abc/perception_with_ros2/install/perception/share/perception/urdf/main_car/car_base.xacro
[0.111s] -- Up-to-date: /home/abc/perception_with_ros2/install/perception/share/perception/urdf/main_car/car_radar.xacro
[0.111s] -- Up-to-date: /home/abc/perception_with_ros2/install/perception/share/perception/urdf/main_car/car.xacro
[0.111s] -- Up-to-date: /home/abc/perception_with_ros2/install/perception/share/perception/urdf/main_car/car_wheels.xacro
[0.111s] -- Up-to-date: /home/abc/perception_with_ros2/install/perception/share/perception/urdf/obs_car
[0.112s] -- Installing: /home/abc/perception_with_ros2/install/perception/share/perception/urdf/obs_car/obs_car.xacro
[0.112s] -- Up-to-date: /home/abc/perception_with_ros2/install/perception/share/perception/rviz
[0.112s] -- Up-to-date: /home/abc/perception_with_ros2/install/perception/share/perception/rviz/perception.rviz
[0.113s] -- Up-to-date: /home/abc/perception_with_ros2/install/perception/share/ament_index/resource_index/package_run_dependencies/perception
[0.113s] -- Up-to-date: /home/abc/perception_with_ros2/install/perception/share/ament_index/resource_index/parent_prefix_path/perception
[0.113s] -- Up-to-date: /home/abc/perception_with_ros2/install/perception/share/perception/environment/ament_prefix_path.sh
[0.113s] -- Up-to-date: /home/abc/perception_with_ros2/install/perception/share/perception/environment/ament_prefix_path.dsv
[0.113s] -- Up-to-date: /home/abc/perception_with_ros2/install/perception/share/perception/environment/path.sh
[0.113s] -- Up-to-date: /home/abc/perception_with_ros2/install/perception/share/perception/environment/path.dsv
[0.114s] -- Up-to-date: /home/abc/perception_with_ros2/install/perception/share/perception/local_setup.bash
[0.114s] -- Up-to-date: /home/abc/perception_with_ros2/install/perception/share/perception/local_setup.sh
[0.114s] -- Up-to-date: /home/abc/perception_with_ros2/install/perception/share/perception/local_setup.zsh
[0.114s] -- Up-to-date: /home/abc/perception_with_ros2/install/perception/share/perception/local_setup.dsv
[0.114s] -- Installing: /home/abc/perception_with_ros2/install/perception/share/perception/package.dsv
[0.114s] -- Up-to-date: /home/abc/perception_with_ros2/install/perception/share/ament_index/resource_index/packages/perception
[0.114s] -- Up-to-date: /home/abc/perception_with_ros2/install/perception/share/perception/cmake/perceptionConfig.cmake
[0.115s] -- Up-to-date: /home/abc/perception_with_ros2/install/perception/share/perception/cmake/perceptionConfig-version.cmake
[0.115s] -- Up-to-date: /home/abc/perception_with_ros2/install/perception/share/perception/package.xml
[0.115s] Invoked command in '/home/abc/perception_with_ros2/build/perception' returned '0': CMAKE_PREFIX_PATH=/home/abc/perception_with_ros2/install/base_msgs_per:/home/abc/perception_with_ros2/install/perception:/home/abc/planning_with_ros2/install/planning:/home/abc/planning_with_ros2/install/base_msgs:/home/abc/perception_with_ros2/install/data_plot_per:/home/abc/planning_with_ros2/install/data_plot:/opt/ros/humble LD_LIBRARY_PATH=/home/abc/perception_with_ros2/install/base_msgs_per/lib:/home/abc/perception_with_ros2/install/perception/lib:/home/abc/perception_with_ros2/install/perception/lib:/home/abc/perception_with_ros2/install/perception/lib:/home/abc/planning_with_ros2/install/planning/lib:/home/abc/planning_with_ros2/install/base_msgs/lib:/usr/lib/x86_64-linux-gnu/gazebo-11/plugins:/opt/ros/humble/opt/rviz_ogre_vendor/lib:/opt/ros/humble/lib/x86_64-linux-gnu:/opt/ros/humble/lib /usr/local/bin/cmake --install /home/abc/perception_with_ros2/build/perception
