[0.669s] Invoking command in '/home/abc/perception_with_ros2/src/data_plot_per': PYTHONPATH=/home/abc/perception_with_ros2/build/data_plot_per/prefix_override:/usr/lib/python3/dist-packages/colcon_core/task/python/colcon_distutils_commands:/home/abc/perception_with_ros2/install/data_plot_per/lib/python3.10/site-packages:${PYTHONPATH} /usr/bin/python3 -W ignore:setup.py install is deprecated -W ignore:easy_install command is deprecated setup.py egg_info --egg-base ../../build/data_plot_per build --build-base /home/abc/perception_with_ros2/build/data_plot_per/build install --record /home/abc/perception_with_ros2/build/data_plot_per/install.log --single-version-externally-managed install_data
[0.958s] running egg_info
[0.960s] creating ../../build/data_plot_per/data_plot_per.egg-info
[0.960s] writing ../../build/data_plot_per/data_plot_per.egg-info/PKG-INFO
[0.960s] writing dependency_links to ../../build/data_plot_per/data_plot_per.egg-info/dependency_links.txt
[0.960s] writing entry points to ../../build/data_plot_per/data_plot_per.egg-info/entry_points.txt
[0.960s] writing requirements to ../../build/data_plot_per/data_plot_per.egg-info/requires.txt
[0.961s] writing top-level names to ../../build/data_plot_per/data_plot_per.egg-info/top_level.txt
[0.961s] writing manifest file '../../build/data_plot_per/data_plot_per.egg-info/SOURCES.txt'
[0.964s] reading manifest file '../../build/data_plot_per/data_plot_per.egg-info/SOURCES.txt'
[0.964s] writing manifest file '../../build/data_plot_per/data_plot_per.egg-info/SOURCES.txt'
[0.964s] running build
[0.964s] running build_py
[0.965s] creating /home/abc/perception_with_ros2/build/data_plot_per/build
[0.965s] creating /home/abc/perception_with_ros2/build/data_plot_per/build/lib
[0.965s] creating /home/abc/perception_with_ros2/build/data_plot_per/build/lib/data_plot_per
[0.965s] copying data_plot_per/__init__.py -> /home/abc/perception_with_ros2/build/data_plot_per/build/lib/data_plot_per
[0.965s] copying data_plot_per/data_plot_per.py -> /home/abc/perception_with_ros2/build/data_plot_per/build/lib/data_plot_per
[0.965s] running install
[0.965s] running install_lib
[0.966s] creating /home/abc/perception_with_ros2/install/data_plot_per/lib/python3.10/site-packages/data_plot_per
[0.966s] copying /home/abc/perception_with_ros2/build/data_plot_per/build/lib/data_plot_per/__init__.py -> /home/abc/perception_with_ros2/install/data_plot_per/lib/python3.10/site-packages/data_plot_per
[0.966s] copying /home/abc/perception_with_ros2/build/data_plot_per/build/lib/data_plot_per/data_plot_per.py -> /home/abc/perception_with_ros2/install/data_plot_per/lib/python3.10/site-packages/data_plot_per
[0.967s] byte-compiling /home/abc/perception_with_ros2/install/data_plot_per/lib/python3.10/site-packages/data_plot_per/__init__.py to __init__.cpython-310.pyc
[0.967s] byte-compiling /home/abc/perception_with_ros2/install/data_plot_per/lib/python3.10/site-packages/data_plot_per/data_plot_per.py to data_plot_per.cpython-310.pyc
[0.967s] running install_data
[0.967s] creating /home/abc/perception_with_ros2/install/data_plot_per/share/ament_index
[0.967s] creating /home/abc/perception_with_ros2/install/data_plot_per/share/ament_index/resource_index
[0.967s] creating /home/abc/perception_with_ros2/install/data_plot_per/share/ament_index/resource_index/packages
[0.968s] copying resource/data_plot_per -> /home/abc/perception_with_ros2/install/data_plot_per/share/ament_index/resource_index/packages
[0.968s] copying package.xml -> /home/abc/perception_with_ros2/install/data_plot_per/share/data_plot_per
[0.968s] running install_egg_info
[0.970s] Copying ../../build/data_plot_per/data_plot_per.egg-info to /home/abc/perception_with_ros2/install/data_plot_per/lib/python3.10/site-packages/data_plot_per-0.0.0-py3.10.egg-info
[0.971s] running install_scripts
[0.995s] Installing data_plot_per script to /home/abc/perception_with_ros2/install/data_plot_per/lib/data_plot_per
[0.996s] writing list of installed files to '/home/abc/perception_with_ros2/build/data_plot_per/install.log'
[1.032s] Invoked command in '/home/abc/perception_with_ros2/src/data_plot_per' returned '0': PYTHONPATH=/home/abc/perception_with_ros2/build/data_plot_per/prefix_override:/usr/lib/python3/dist-packages/colcon_core/task/python/colcon_distutils_commands:/home/abc/perception_with_ros2/install/data_plot_per/lib/python3.10/site-packages:${PYTHONPATH} /usr/bin/python3 -W ignore:setup.py install is deprecated -W ignore:easy_install command is deprecated setup.py egg_info --egg-base ../../build/data_plot_per build --build-base /home/abc/perception_with_ros2/build/data_plot_per/build install --record /home/abc/perception_with_ros2/build/data_plot_per/install.log --single-version-externally-managed install_data
