[0.172s] DEBUG:colcon:Command line arguments: ['/usr/bin/colcon', 'build']
[0.172s] DEBUG:colcon:Parsed command line arguments: Namespace(log_base=None, log_level=None, verb_name='build', build_base='build', install_base='install', merge_install=False, symlink_install=False, test_result_base=None, continue_on_error=False, executor='parallel', parallel_workers=12, event_handlers=None, ignore_user_meta=False, metas=['./colcon.meta'], base_paths=['.'], packages_ignore=None, packages_ignore_regex=None, paths=None, packages_up_to=None, packages_up_to_regex=None, packages_above=None, packages_above_and_dependencies=None, packages_above_depth=None, packages_select_by_dep=None, packages_skip_by_dep=None, packages_skip_up_to=None, packages_select_build_failed=False, packages_skip_build_finished=False, packages_select_test_failures=False, packages_skip_test_passed=False, packages_select=None, packages_skip=None, packages_select_regex=None, packages_skip_regex=None, packages_start=None, packages_end=None, allow_overriding=[], cmake_args=None, cmake_target=None, cmake_target_skip_unavailable=False, cmake_clean_cache=False, cmake_clean_first=False, cmake_force_configure=False, ament_cmake_args=None, catkin_cmake_args=None, catkin_skip_building_tests=False, verb_parser=<colcon_defaults.argument_parser.defaults.DefaultArgumentsDecorator object at 0x76b5ddb70880>, verb_extension=<colcon_core.verb.build.BuildVerb object at 0x76b5ddcccf10>, main=<bound method BuildVerb.main of <colcon_core.verb.build.BuildVerb object at 0x76b5ddcccf10>>)
[0.349s] Level 1:colcon.colcon_core.package_discovery:discover_packages(colcon_meta) check parameters
[0.349s] Level 1:colcon.colcon_core.package_discovery:discover_packages(recursive) check parameters
[0.349s] Level 1:colcon.colcon_core.package_discovery:discover_packages(ignore) check parameters
[0.349s] Level 1:colcon.colcon_core.package_discovery:discover_packages(path) check parameters
[0.349s] Level 1:colcon.colcon_core.package_discovery:discover_packages(colcon_meta) discover
[0.349s] Level 1:colcon.colcon_core.package_discovery:discover_packages(recursive) discover
[0.349s] INFO:colcon.colcon_core.package_discovery:Crawling recursively for packages in '/home/abc/perception_with_ros2'
[0.349s] Level 1:colcon.colcon_core.package_identification:_identify(.) by extensions ['ignore', 'ignore_ament_install']
[0.350s] Level 1:colcon.colcon_core.package_identification:_identify(.) by extension 'ignore'
[0.350s] Level 1:colcon.colcon_core.package_identification:_identify(.) by extension 'ignore_ament_install'
[0.350s] Level 1:colcon.colcon_core.package_identification:_identify(.) by extensions ['colcon_pkg']
[0.350s] Level 1:colcon.colcon_core.package_identification:_identify(.) by extension 'colcon_pkg'
[0.350s] Level 1:colcon.colcon_core.package_identification:_identify(.) by extensions ['colcon_meta']
[0.350s] Level 1:colcon.colcon_core.package_identification:_identify(.) by extension 'colcon_meta'
[0.350s] Level 1:colcon.colcon_core.package_identification:_identify(.) by extensions ['ros']
[0.350s] Level 1:colcon.colcon_core.package_identification:_identify(.) by extension 'ros'
[0.362s] Level 1:colcon.colcon_core.package_identification:_identify(.) by extensions ['cmake', 'python']
[0.362s] Level 1:colcon.colcon_core.package_identification:_identify(.) by extension 'cmake'
[0.362s] Level 1:colcon.colcon_core.package_identification:_identify(.) by extension 'python'
[0.362s] Level 1:colcon.colcon_core.package_identification:_identify(.) by extensions ['python_setup_py']
[0.362s] Level 1:colcon.colcon_core.package_identification:_identify(.) by extension 'python_setup_py'
[0.362s] Level 1:colcon.colcon_core.package_identification:_identify(build) by extensions ['ignore', 'ignore_ament_install']
[0.363s] Level 1:colcon.colcon_core.package_identification:_identify(build) by extension 'ignore'
[0.363s] Level 1:colcon.colcon_core.package_identification:_identify(build) ignored
[0.363s] Level 1:colcon.colcon_core.package_identification:_identify(install) by extensions ['ignore', 'ignore_ament_install']
[0.363s] Level 1:colcon.colcon_core.package_identification:_identify(install) by extension 'ignore'
[0.363s] Level 1:colcon.colcon_core.package_identification:_identify(install) ignored
[0.363s] Level 1:colcon.colcon_core.package_identification:_identify(log) by extensions ['ignore', 'ignore_ament_install']
[0.363s] Level 1:colcon.colcon_core.package_identification:_identify(log) by extension 'ignore'
[0.363s] Level 1:colcon.colcon_core.package_identification:_identify(log) ignored
[0.363s] Level 1:colcon.colcon_core.package_identification:_identify(src) by extensions ['ignore', 'ignore_ament_install']
[0.363s] Level 1:colcon.colcon_core.package_identification:_identify(src) by extension 'ignore'
[0.363s] Level 1:colcon.colcon_core.package_identification:_identify(src) by extension 'ignore_ament_install'
[0.363s] Level 1:colcon.colcon_core.package_identification:_identify(src) by extensions ['colcon_pkg']
[0.363s] Level 1:colcon.colcon_core.package_identification:_identify(src) by extension 'colcon_pkg'
[0.363s] Level 1:colcon.colcon_core.package_identification:_identify(src) by extensions ['colcon_meta']
[0.363s] Level 1:colcon.colcon_core.package_identification:_identify(src) by extension 'colcon_meta'
[0.363s] Level 1:colcon.colcon_core.package_identification:_identify(src) by extensions ['ros']
[0.364s] Level 1:colcon.colcon_core.package_identification:_identify(src) by extension 'ros'
[0.364s] Level 1:colcon.colcon_core.package_identification:_identify(src) by extensions ['cmake', 'python']
[0.364s] Level 1:colcon.colcon_core.package_identification:_identify(src) by extension 'cmake'
[0.364s] Level 1:colcon.colcon_core.package_identification:_identify(src) by extension 'python'
[0.364s] Level 1:colcon.colcon_core.package_identification:_identify(src) by extensions ['python_setup_py']
[0.364s] Level 1:colcon.colcon_core.package_identification:_identify(src) by extension 'python_setup_py'
[0.364s] Level 1:colcon.colcon_core.package_identification:_identify(src/base_msgs_per) by extensions ['ignore', 'ignore_ament_install']
[0.364s] Level 1:colcon.colcon_core.package_identification:_identify(src/base_msgs_per) by extension 'ignore'
[0.364s] Level 1:colcon.colcon_core.package_identification:_identify(src/base_msgs_per) by extension 'ignore_ament_install'
[0.364s] Level 1:colcon.colcon_core.package_identification:_identify(src/base_msgs_per) by extensions ['colcon_pkg']
[0.364s] Level 1:colcon.colcon_core.package_identification:_identify(src/base_msgs_per) by extension 'colcon_pkg'
[0.364s] Level 1:colcon.colcon_core.package_identification:_identify(src/base_msgs_per) by extensions ['colcon_meta']
[0.364s] Level 1:colcon.colcon_core.package_identification:_identify(src/base_msgs_per) by extension 'colcon_meta'
[0.364s] Level 1:colcon.colcon_core.package_identification:_identify(src/base_msgs_per) by extensions ['ros']
[0.364s] Level 1:colcon.colcon_core.package_identification:_identify(src/base_msgs_per) by extension 'ros'
[0.367s] DEBUG:colcon.colcon_core.package_identification:Package 'src/base_msgs_per' with type 'ros.ament_cmake' and name 'base_msgs_per'
[0.367s] Level 1:colcon.colcon_core.package_identification:_identify(src/data_plot_per) by extensions ['ignore', 'ignore_ament_install']
[0.367s] Level 1:colcon.colcon_core.package_identification:_identify(src/data_plot_per) by extension 'ignore'
[0.367s] Level 1:colcon.colcon_core.package_identification:_identify(src/data_plot_per) by extension 'ignore_ament_install'
[0.367s] Level 1:colcon.colcon_core.package_identification:_identify(src/data_plot_per) by extensions ['colcon_pkg']
[0.367s] Level 1:colcon.colcon_core.package_identification:_identify(src/data_plot_per) by extension 'colcon_pkg'
[0.367s] Level 1:colcon.colcon_core.package_identification:_identify(src/data_plot_per) by extensions ['colcon_meta']
[0.367s] Level 1:colcon.colcon_core.package_identification:_identify(src/data_plot_per) by extension 'colcon_meta'
[0.367s] Level 1:colcon.colcon_core.package_identification:_identify(src/data_plot_per) by extensions ['ros']
[0.367s] Level 1:colcon.colcon_core.package_identification:_identify(src/data_plot_per) by extension 'ros'
[0.368s] DEBUG:colcon.colcon_core.package_identification:Package 'src/data_plot_per' with type 'ros.ament_python' and name 'data_plot_per'
[0.368s] Level 1:colcon.colcon_core.package_identification:_identify(src/perception) by extensions ['ignore', 'ignore_ament_install']
[0.368s] Level 1:colcon.colcon_core.package_identification:_identify(src/perception) by extension 'ignore'
[0.368s] Level 1:colcon.colcon_core.package_identification:_identify(src/perception) by extension 'ignore_ament_install'
[0.368s] Level 1:colcon.colcon_core.package_identification:_identify(src/perception) by extensions ['colcon_pkg']
[0.368s] Level 1:colcon.colcon_core.package_identification:_identify(src/perception) by extension 'colcon_pkg'
[0.368s] Level 1:colcon.colcon_core.package_identification:_identify(src/perception) by extensions ['colcon_meta']
[0.369s] Level 1:colcon.colcon_core.package_identification:_identify(src/perception) by extension 'colcon_meta'
[0.369s] Level 1:colcon.colcon_core.package_identification:_identify(src/perception) by extensions ['ros']
[0.369s] Level 1:colcon.colcon_core.package_identification:_identify(src/perception) by extension 'ros'
[0.370s] DEBUG:colcon.colcon_core.package_identification:Package 'src/perception' with type 'ros.ament_cmake' and name 'perception'
[0.370s] Level 1:colcon.colcon_core.package_discovery:discover_packages(recursive) using defaults
[0.370s] Level 1:colcon.colcon_core.package_discovery:discover_packages(ignore) discover
[0.370s] Level 1:colcon.colcon_core.package_discovery:discover_packages(ignore) using defaults
[0.370s] Level 1:colcon.colcon_core.package_discovery:discover_packages(path) discover
[0.370s] Level 1:colcon.colcon_core.package_discovery:discover_packages(path) using defaults
[0.399s] Level 1:colcon.colcon_core.package_discovery:discover_packages(prefix_path) check parameters
[0.399s] Level 1:colcon.colcon_core.package_discovery:discover_packages(prefix_path) discover
[0.401s] WARNING:colcon.colcon_ros.prefix_path.ament:The path '/home/abc/perception_with_ros2/install/perception' in the environment variable AMENT_PREFIX_PATH doesn't exist
[0.401s] WARNING:colcon.colcon_ros.prefix_path.ament:The path '/home/abc/perception_with_ros2/install/data_plot_per' in the environment variable AMENT_PREFIX_PATH doesn't exist
[0.401s] WARNING:colcon.colcon_ros.prefix_path.ament:The path '/home/abc/perception_with_ros2/install/base_msgs_per' in the environment variable AMENT_PREFIX_PATH doesn't exist
[0.401s] WARNING:colcon.colcon_ros.prefix_path.catkin:The path '/home/abc/perception_with_ros2/install/perception' in the environment variable CMAKE_PREFIX_PATH doesn't exist
[0.401s] WARNING:colcon.colcon_ros.prefix_path.catkin:The path '/home/abc/perception_with_ros2/install/base_msgs_per' in the environment variable CMAKE_PREFIX_PATH doesn't exist
[0.402s] DEBUG:colcon.colcon_installed_package_information.package_discovery:Found 0 installed packages in /home/abc/perception_with_ros2/install
[0.402s] DEBUG:colcon.colcon_installed_package_information.package_discovery:Found 3 installed packages in /home/abc/planning_with_ros2/install
[0.404s] DEBUG:colcon.colcon_installed_package_information.package_discovery:Found 321 installed packages in /opt/ros/humble
[0.405s] Level 1:colcon.colcon_core.package_discovery:discover_packages(prefix_path) using defaults
[0.450s] Level 5:colcon.colcon_core.verb:set package 'base_msgs_per' build argument 'cmake_args' from command line to 'None'
[0.450s] Level 5:colcon.colcon_core.verb:set package 'base_msgs_per' build argument 'cmake_target' from command line to 'None'
[0.450s] Level 5:colcon.colcon_core.verb:set package 'base_msgs_per' build argument 'cmake_target_skip_unavailable' from command line to 'False'
[0.450s] Level 5:colcon.colcon_core.verb:set package 'base_msgs_per' build argument 'cmake_clean_cache' from command line to 'False'
[0.450s] Level 5:colcon.colcon_core.verb:set package 'base_msgs_per' build argument 'cmake_clean_first' from command line to 'False'
[0.450s] Level 5:colcon.colcon_core.verb:set package 'base_msgs_per' build argument 'cmake_force_configure' from command line to 'False'
[0.450s] Level 5:colcon.colcon_core.verb:set package 'base_msgs_per' build argument 'ament_cmake_args' from command line to 'None'
[0.450s] Level 5:colcon.colcon_core.verb:set package 'base_msgs_per' build argument 'catkin_cmake_args' from command line to 'None'
[0.450s] Level 5:colcon.colcon_core.verb:set package 'base_msgs_per' build argument 'catkin_skip_building_tests' from command line to 'False'
[0.450s] DEBUG:colcon.colcon_core.verb:Building package 'base_msgs_per' with the following arguments: {'ament_cmake_args': None, 'build_base': '/home/abc/perception_with_ros2/build/base_msgs_per', 'catkin_cmake_args': None, 'catkin_skip_building_tests': False, 'cmake_args': None, 'cmake_clean_cache': False, 'cmake_clean_first': False, 'cmake_force_configure': False, 'cmake_target': None, 'cmake_target_skip_unavailable': False, 'install_base': '/home/abc/perception_with_ros2/install/base_msgs_per', 'merge_install': False, 'path': '/home/abc/perception_with_ros2/src/base_msgs_per', 'symlink_install': False, 'test_result_base': None}
[0.451s] Level 5:colcon.colcon_core.verb:set package 'data_plot_per' build argument 'cmake_args' from command line to 'None'
[0.451s] Level 5:colcon.colcon_core.verb:set package 'data_plot_per' build argument 'cmake_target' from command line to 'None'
[0.451s] Level 5:colcon.colcon_core.verb:set package 'data_plot_per' build argument 'cmake_target_skip_unavailable' from command line to 'False'
[0.451s] Level 5:colcon.colcon_core.verb:set package 'data_plot_per' build argument 'cmake_clean_cache' from command line to 'False'
[0.451s] Level 5:colcon.colcon_core.verb:set package 'data_plot_per' build argument 'cmake_clean_first' from command line to 'False'
[0.451s] Level 5:colcon.colcon_core.verb:set package 'data_plot_per' build argument 'cmake_force_configure' from command line to 'False'
[0.451s] Level 5:colcon.colcon_core.verb:set package 'data_plot_per' build argument 'ament_cmake_args' from command line to 'None'
[0.451s] Level 5:colcon.colcon_core.verb:set package 'data_plot_per' build argument 'catkin_cmake_args' from command line to 'None'
[0.451s] Level 5:colcon.colcon_core.verb:set package 'data_plot_per' build argument 'catkin_skip_building_tests' from command line to 'False'
[0.451s] DEBUG:colcon.colcon_core.verb:Building package 'data_plot_per' with the following arguments: {'ament_cmake_args': None, 'build_base': '/home/abc/perception_with_ros2/build/data_plot_per', 'catkin_cmake_args': None, 'catkin_skip_building_tests': False, 'cmake_args': None, 'cmake_clean_cache': False, 'cmake_clean_first': False, 'cmake_force_configure': False, 'cmake_target': None, 'cmake_target_skip_unavailable': False, 'install_base': '/home/abc/perception_with_ros2/install/data_plot_per', 'merge_install': False, 'path': '/home/abc/perception_with_ros2/src/data_plot_per', 'symlink_install': False, 'test_result_base': None}
[0.451s] Level 5:colcon.colcon_core.verb:set package 'perception' build argument 'cmake_args' from command line to 'None'
[0.452s] Level 5:colcon.colcon_core.verb:set package 'perception' build argument 'cmake_target' from command line to 'None'
[0.452s] Level 5:colcon.colcon_core.verb:set package 'perception' build argument 'cmake_target_skip_unavailable' from command line to 'False'
[0.452s] Level 5:colcon.colcon_core.verb:set package 'perception' build argument 'cmake_clean_cache' from command line to 'False'
[0.452s] Level 5:colcon.colcon_core.verb:set package 'perception' build argument 'cmake_clean_first' from command line to 'False'
[0.452s] Level 5:colcon.colcon_core.verb:set package 'perception' build argument 'cmake_force_configure' from command line to 'False'
[0.452s] Level 5:colcon.colcon_core.verb:set package 'perception' build argument 'ament_cmake_args' from command line to 'None'
[0.452s] Level 5:colcon.colcon_core.verb:set package 'perception' build argument 'catkin_cmake_args' from command line to 'None'
[0.452s] Level 5:colcon.colcon_core.verb:set package 'perception' build argument 'catkin_skip_building_tests' from command line to 'False'
[0.452s] DEBUG:colcon.colcon_core.verb:Building package 'perception' with the following arguments: {'ament_cmake_args': None, 'build_base': '/home/abc/perception_with_ros2/build/perception', 'catkin_cmake_args': None, 'catkin_skip_building_tests': False, 'cmake_args': None, 'cmake_clean_cache': False, 'cmake_clean_first': False, 'cmake_force_configure': False, 'cmake_target': None, 'cmake_target_skip_unavailable': False, 'install_base': '/home/abc/perception_with_ros2/install/perception', 'merge_install': False, 'path': '/home/abc/perception_with_ros2/src/perception', 'symlink_install': False, 'test_result_base': None}
[0.452s] INFO:colcon.colcon_core.executor:Executing jobs using 'parallel' executor
[0.453s] DEBUG:colcon.colcon_parallel_executor.executor.parallel:run_until_complete
[0.453s] INFO:colcon.colcon_ros.task.ament_cmake.build:Building ROS package in '/home/abc/perception_with_ros2/src/base_msgs_per' with build type 'ament_cmake'
[0.453s] INFO:colcon.colcon_cmake.task.cmake.build:Building CMake package in '/home/abc/perception_with_ros2/src/base_msgs_per'
[0.455s] INFO:colcon.colcon_core.plugin_system:Skipping extension 'colcon_core.shell.bat': Not used on non-Windows systems
[0.455s] INFO:colcon.colcon_core.shell:Skip shell extension 'powershell' for command environment: Not usable outside of PowerShell
[0.455s] DEBUG:colcon.colcon_core.shell:Skip shell extension 'dsv' for command environment
[0.459s] INFO:colcon.colcon_ros.task.ament_python.build:Building ROS package in '/home/abc/perception_with_ros2/src/data_plot_per' with build type 'ament_python'
[0.459s] Level 1:colcon.colcon_core.shell:create_environment_hook('data_plot_per', 'ament_prefix_path')
[0.459s] INFO:colcon.colcon_core.shell:Creating environment hook '/home/abc/perception_with_ros2/install/data_plot_per/share/data_plot_per/hook/ament_prefix_path.ps1'
[0.460s] INFO:colcon.colcon_core.shell:Creating environment descriptor '/home/abc/perception_with_ros2/install/data_plot_per/share/data_plot_per/hook/ament_prefix_path.dsv'
[0.460s] INFO:colcon.colcon_core.shell:Creating environment hook '/home/abc/perception_with_ros2/install/data_plot_per/share/data_plot_per/hook/ament_prefix_path.sh'
[0.461s] INFO:colcon.colcon_core.shell:Skip shell extension 'powershell' for command environment: Not usable outside of PowerShell
[0.461s] DEBUG:colcon.colcon_core.shell:Skip shell extension 'dsv' for command environment
[0.468s] DEBUG:colcon.colcon_core.event_handler.log_command:Invoking command in '/home/abc/perception_with_ros2/build/base_msgs_per': CMAKE_PREFIX_PATH=${CMAKE_PREFIX_PATH}:/home/abc/perception_with_ros2/install/data_plot_per:/home/abc/planning_with_ros2/install/data_plot:/opt/ros/humble /usr/local/bin/cmake /home/abc/perception_with_ros2/src/base_msgs_per -DCMAKE_INSTALL_PREFIX=/home/abc/perception_with_ros2/install/base_msgs_per
[0.749s] INFO:colcon.colcon_core.task.python.build:Building Python package in '/home/abc/perception_with_ros2/src/data_plot_per'
[0.749s] INFO:colcon.colcon_core.shell:Skip shell extension 'powershell' for command environment: Not usable outside of PowerShell
[0.749s] DEBUG:colcon.colcon_core.shell:Skip shell extension 'dsv' for command environment
[1.110s] DEBUG:colcon.colcon_core.event_handler.log_command:Invoking command in '/home/abc/perception_with_ros2/src/data_plot_per': PYTHONPATH=/home/abc/perception_with_ros2/build/data_plot_per/prefix_override:/usr/lib/python3/dist-packages/colcon_core/task/python/colcon_distutils_commands:/home/abc/perception_with_ros2/install/data_plot_per/lib/python3.10/site-packages:${PYTHONPATH} /usr/bin/python3 -W ignore:setup.py install is deprecated -W ignore:easy_install command is deprecated setup.py egg_info --egg-base ../../build/data_plot_per build --build-base /home/abc/perception_with_ros2/build/data_plot_per/build install --record /home/abc/perception_with_ros2/build/data_plot_per/install.log --single-version-externally-managed install_data
[1.396s] DEBUG:colcon.colcon_core.event_handler.log_command:Invoked command in '/home/abc/perception_with_ros2/src/data_plot_per' returned '0': PYTHONPATH=/home/abc/perception_with_ros2/build/data_plot_per/prefix_override:/usr/lib/python3/dist-packages/colcon_core/task/python/colcon_distutils_commands:/home/abc/perception_with_ros2/install/data_plot_per/lib/python3.10/site-packages:${PYTHONPATH} /usr/bin/python3 -W ignore:setup.py install is deprecated -W ignore:easy_install command is deprecated setup.py egg_info --egg-base ../../build/data_plot_per build --build-base /home/abc/perception_with_ros2/build/data_plot_per/build install --record /home/abc/perception_with_ros2/build/data_plot_per/install.log --single-version-externally-managed install_data
[1.398s] Level 1:colcon.colcon_core.environment:checking '/home/abc/perception_with_ros2/install/data_plot_per' for CMake module files
[1.399s] Level 1:colcon.colcon_core.environment:checking '/home/abc/perception_with_ros2/install/data_plot_per' for CMake config files
[1.399s] Level 1:colcon.colcon_core.environment:checking '/home/abc/perception_with_ros2/install/data_plot_per/lib'
[1.400s] Level 1:colcon.colcon_core.environment:checking '/home/abc/perception_with_ros2/install/data_plot_per/bin'
[1.400s] Level 1:colcon.colcon_core.environment:checking '/home/abc/perception_with_ros2/install/data_plot_per/lib/pkgconfig/data_plot_per.pc'
[1.400s] Level 1:colcon.colcon_core.environment:checking '/home/abc/perception_with_ros2/install/data_plot_per/lib/python3.10/site-packages'
[1.400s] Level 1:colcon.colcon_core.shell:create_environment_hook('data_plot_per', 'pythonpath')
[1.400s] INFO:colcon.colcon_core.shell:Creating environment hook '/home/abc/perception_with_ros2/install/data_plot_per/share/data_plot_per/hook/pythonpath.ps1'
[1.400s] INFO:colcon.colcon_core.shell:Creating environment descriptor '/home/abc/perception_with_ros2/install/data_plot_per/share/data_plot_per/hook/pythonpath.dsv'
[1.401s] INFO:colcon.colcon_core.shell:Creating environment hook '/home/abc/perception_with_ros2/install/data_plot_per/share/data_plot_per/hook/pythonpath.sh'
[1.401s] Level 1:colcon.colcon_core.environment:checking '/home/abc/perception_with_ros2/install/data_plot_per/bin'
[1.401s] Level 1:colcon.colcon_core.environment:create_environment_scripts_only(data_plot_per)
[1.402s] INFO:colcon.colcon_core.shell:Creating package script '/home/abc/perception_with_ros2/install/data_plot_per/share/data_plot_per/package.ps1'
[1.403s] INFO:colcon.colcon_core.shell:Creating package descriptor '/home/abc/perception_with_ros2/install/data_plot_per/share/data_plot_per/package.dsv'
[1.403s] INFO:colcon.colcon_core.shell:Creating package script '/home/abc/perception_with_ros2/install/data_plot_per/share/data_plot_per/package.sh'
[1.404s] INFO:colcon.colcon_core.shell:Creating package script '/home/abc/perception_with_ros2/install/data_plot_per/share/data_plot_per/package.bash'
[1.404s] INFO:colcon.colcon_core.shell:Creating package script '/home/abc/perception_with_ros2/install/data_plot_per/share/data_plot_per/package.zsh'
[1.405s] Level 1:colcon.colcon_core.environment:create_file_with_runtime_dependencies(/home/abc/perception_with_ros2/install/data_plot_per/share/colcon-core/packages/data_plot_per)
[3.538s] DEBUG:colcon.colcon_core.event_handler.log_command:Invoked command in '/home/abc/perception_with_ros2/build/base_msgs_per' returned '0': CMAKE_PREFIX_PATH=${CMAKE_PREFIX_PATH}:/home/abc/perception_with_ros2/install/data_plot_per:/home/abc/planning_with_ros2/install/data_plot:/opt/ros/humble /usr/local/bin/cmake /home/abc/perception_with_ros2/src/base_msgs_per -DCMAKE_INSTALL_PREFIX=/home/abc/perception_with_ros2/install/base_msgs_per
[3.540s] DEBUG:colcon.colcon_core.event_handler.log_command:Invoking command in '/home/abc/perception_with_ros2/build/base_msgs_per': CMAKE_PREFIX_PATH=${CMAKE_PREFIX_PATH}:/home/abc/perception_with_ros2/install/data_plot_per:/home/abc/planning_with_ros2/install/data_plot:/opt/ros/humble /usr/local/bin/cmake --build /home/abc/perception_with_ros2/build/base_msgs_per -- -j12 -l12
[12.636s] DEBUG:colcon.colcon_core.event_handler.log_command:Invoked command in '/home/abc/perception_with_ros2/build/base_msgs_per' returned '0': CMAKE_PREFIX_PATH=${CMAKE_PREFIX_PATH}:/home/abc/perception_with_ros2/install/data_plot_per:/home/abc/planning_with_ros2/install/data_plot:/opt/ros/humble /usr/local/bin/cmake --build /home/abc/perception_with_ros2/build/base_msgs_per -- -j12 -l12
[12.639s] DEBUG:colcon.colcon_core.event_handler.log_command:Invoking command in '/home/abc/perception_with_ros2/build/base_msgs_per': CMAKE_PREFIX_PATH=${CMAKE_PREFIX_PATH}:/home/abc/perception_with_ros2/install/data_plot_per:/home/abc/planning_with_ros2/install/data_plot:/opt/ros/humble /usr/local/bin/cmake --install /home/abc/perception_with_ros2/build/base_msgs_per
[12.730s] Level 1:colcon.colcon_core.environment:create_environment_scripts_only(base_msgs_per)
[12.730s] Level 1:colcon.colcon_core.environment:checking '/home/abc/perception_with_ros2/install/base_msgs_per' for CMake module files
[12.730s] DEBUG:colcon.colcon_core.event_handler.log_command:Invoked command in '/home/abc/perception_with_ros2/build/base_msgs_per' returned '0': CMAKE_PREFIX_PATH=${CMAKE_PREFIX_PATH}:/home/abc/perception_with_ros2/install/data_plot_per:/home/abc/planning_with_ros2/install/data_plot:/opt/ros/humble /usr/local/bin/cmake --install /home/abc/perception_with_ros2/build/base_msgs_per
[12.731s] Level 1:colcon.colcon_core.environment:checking '/home/abc/perception_with_ros2/install/base_msgs_per' for CMake config files
[12.731s] Level 1:colcon.colcon_core.shell:create_environment_hook('base_msgs_per', 'cmake_prefix_path')
[12.731s] INFO:colcon.colcon_core.shell:Creating environment hook '/home/abc/perception_with_ros2/install/base_msgs_per/share/base_msgs_per/hook/cmake_prefix_path.ps1'
[12.732s] INFO:colcon.colcon_core.shell:Creating environment descriptor '/home/abc/perception_with_ros2/install/base_msgs_per/share/base_msgs_per/hook/cmake_prefix_path.dsv'
[12.732s] INFO:colcon.colcon_core.shell:Creating environment hook '/home/abc/perception_with_ros2/install/base_msgs_per/share/base_msgs_per/hook/cmake_prefix_path.sh'
[12.732s] Level 1:colcon.colcon_core.environment:checking '/home/abc/perception_with_ros2/install/base_msgs_per/lib'
[12.732s] Level 1:colcon.colcon_core.shell:create_environment_hook('base_msgs_per', 'ld_library_path_lib')
[12.733s] INFO:colcon.colcon_core.shell:Creating environment hook '/home/abc/perception_with_ros2/install/base_msgs_per/share/base_msgs_per/hook/ld_library_path_lib.ps1'
[12.733s] INFO:colcon.colcon_core.shell:Creating environment descriptor '/home/abc/perception_with_ros2/install/base_msgs_per/share/base_msgs_per/hook/ld_library_path_lib.dsv'
[12.733s] INFO:colcon.colcon_core.shell:Creating environment hook '/home/abc/perception_with_ros2/install/base_msgs_per/share/base_msgs_per/hook/ld_library_path_lib.sh'
[12.734s] Level 1:colcon.colcon_core.environment:checking '/home/abc/perception_with_ros2/install/base_msgs_per/bin'
[12.734s] Level 1:colcon.colcon_core.environment:checking '/home/abc/perception_with_ros2/install/base_msgs_per/lib/pkgconfig/base_msgs_per.pc'
[12.734s] Level 1:colcon.colcon_core.environment:checking '/home/abc/perception_with_ros2/install/base_msgs_per/lib/python3.10/site-packages'
[12.734s] Level 1:colcon.colcon_core.environment:checking '/home/abc/perception_with_ros2/install/base_msgs_per/bin'
[12.734s] INFO:colcon.colcon_core.shell:Creating package script '/home/abc/perception_with_ros2/install/base_msgs_per/share/base_msgs_per/package.ps1'
[12.735s] INFO:colcon.colcon_core.shell:Creating package descriptor '/home/abc/perception_with_ros2/install/base_msgs_per/share/base_msgs_per/package.dsv'
[12.735s] INFO:colcon.colcon_core.shell:Creating package script '/home/abc/perception_with_ros2/install/base_msgs_per/share/base_msgs_per/package.sh'
[12.736s] INFO:colcon.colcon_core.shell:Creating package script '/home/abc/perception_with_ros2/install/base_msgs_per/share/base_msgs_per/package.bash'
[12.736s] INFO:colcon.colcon_core.shell:Creating package script '/home/abc/perception_with_ros2/install/base_msgs_per/share/base_msgs_per/package.zsh'
[12.736s] Level 1:colcon.colcon_core.environment:create_file_with_runtime_dependencies(/home/abc/perception_with_ros2/install/base_msgs_per/share/colcon-core/packages/base_msgs_per)
[12.737s] Level 1:colcon.colcon_core.environment:create_environment_scripts_only(base_msgs_per)
[12.737s] Level 1:colcon.colcon_core.environment:checking '/home/abc/perception_with_ros2/install/base_msgs_per' for CMake module files
[12.737s] Level 1:colcon.colcon_core.environment:checking '/home/abc/perception_with_ros2/install/base_msgs_per' for CMake config files
[12.737s] Level 1:colcon.colcon_core.shell:create_environment_hook('base_msgs_per', 'cmake_prefix_path')
[12.738s] INFO:colcon.colcon_core.shell:Creating environment hook '/home/abc/perception_with_ros2/install/base_msgs_per/share/base_msgs_per/hook/cmake_prefix_path.ps1'
[12.738s] INFO:colcon.colcon_core.shell:Creating environment descriptor '/home/abc/perception_with_ros2/install/base_msgs_per/share/base_msgs_per/hook/cmake_prefix_path.dsv'
[12.738s] INFO:colcon.colcon_core.shell:Creating environment hook '/home/abc/perception_with_ros2/install/base_msgs_per/share/base_msgs_per/hook/cmake_prefix_path.sh'
[12.739s] Level 1:colcon.colcon_core.environment:checking '/home/abc/perception_with_ros2/install/base_msgs_per/lib'
[12.739s] Level 1:colcon.colcon_core.shell:create_environment_hook('base_msgs_per', 'ld_library_path_lib')
[12.739s] INFO:colcon.colcon_core.shell:Creating environment hook '/home/abc/perception_with_ros2/install/base_msgs_per/share/base_msgs_per/hook/ld_library_path_lib.ps1'
[12.739s] INFO:colcon.colcon_core.shell:Creating environment descriptor '/home/abc/perception_with_ros2/install/base_msgs_per/share/base_msgs_per/hook/ld_library_path_lib.dsv'
[12.740s] INFO:colcon.colcon_core.shell:Creating environment hook '/home/abc/perception_with_ros2/install/base_msgs_per/share/base_msgs_per/hook/ld_library_path_lib.sh'
[12.740s] Level 1:colcon.colcon_core.environment:checking '/home/abc/perception_with_ros2/install/base_msgs_per/bin'
[12.740s] Level 1:colcon.colcon_core.environment:checking '/home/abc/perception_with_ros2/install/base_msgs_per/lib/pkgconfig/base_msgs_per.pc'
[12.740s] Level 1:colcon.colcon_core.environment:checking '/home/abc/perception_with_ros2/install/base_msgs_per/lib/python3.10/site-packages'
[12.741s] Level 1:colcon.colcon_core.environment:checking '/home/abc/perception_with_ros2/install/base_msgs_per/bin'
[12.741s] INFO:colcon.colcon_core.shell:Creating package script '/home/abc/perception_with_ros2/install/base_msgs_per/share/base_msgs_per/package.ps1'
[12.741s] INFO:colcon.colcon_core.shell:Creating package descriptor '/home/abc/perception_with_ros2/install/base_msgs_per/share/base_msgs_per/package.dsv'
[12.742s] INFO:colcon.colcon_core.shell:Creating package script '/home/abc/perception_with_ros2/install/base_msgs_per/share/base_msgs_per/package.sh'
[12.742s] INFO:colcon.colcon_core.shell:Creating package script '/home/abc/perception_with_ros2/install/base_msgs_per/share/base_msgs_per/package.bash'
[12.743s] INFO:colcon.colcon_core.shell:Creating package script '/home/abc/perception_with_ros2/install/base_msgs_per/share/base_msgs_per/package.zsh'
[12.743s] Level 1:colcon.colcon_core.environment:create_file_with_runtime_dependencies(/home/abc/perception_with_ros2/install/base_msgs_per/share/colcon-core/packages/base_msgs_per)
[12.743s] INFO:colcon.colcon_ros.task.ament_cmake.build:Building ROS package in '/home/abc/perception_with_ros2/src/perception' with build type 'ament_cmake'
[12.743s] INFO:colcon.colcon_cmake.task.cmake.build:Building CMake package in '/home/abc/perception_with_ros2/src/perception'
[12.744s] INFO:colcon.colcon_core.shell:Skip shell extension 'powershell' for command environment: Not usable outside of PowerShell
[12.744s] DEBUG:colcon.colcon_core.shell:Skip shell extension 'dsv' for command environment
[12.752s] DEBUG:colcon.colcon_core.event_handler.log_command:Invoking command in '/home/abc/perception_with_ros2/build/perception': CMAKE_PREFIX_PATH=/home/abc/perception_with_ros2/install/base_msgs_per:/home/abc/perception_with_ros2/install/perception:/home/abc/planning_with_ros2/install/planning:/home/abc/planning_with_ros2/install/base_msgs:/home/abc/perception_with_ros2/install/data_plot_per:/home/abc/planning_with_ros2/install/data_plot:/opt/ros/humble LD_LIBRARY_PATH=/home/abc/perception_with_ros2/install/base_msgs_per/lib:${LD_LIBRARY_PATH} PYTHONPATH=/home/abc/perception_with_ros2/install/base_msgs_per/local/lib/python3.10/dist-packages:${PYTHONPATH} /usr/local/bin/cmake /home/abc/perception_with_ros2/src/perception -DCMAKE_INSTALL_PREFIX=/home/abc/perception_with_ros2/install/perception
[14.217s] DEBUG:colcon.colcon_core.event_handler.log_command:Invoked command in '/home/abc/perception_with_ros2/build/perception' returned '1': CMAKE_PREFIX_PATH=/home/abc/perception_with_ros2/install/base_msgs_per:/home/abc/perception_with_ros2/install/perception:/home/abc/planning_with_ros2/install/planning:/home/abc/planning_with_ros2/install/base_msgs:/home/abc/perception_with_ros2/install/data_plot_per:/home/abc/planning_with_ros2/install/data_plot:/opt/ros/humble LD_LIBRARY_PATH=/home/abc/perception_with_ros2/install/base_msgs_per/lib:${LD_LIBRARY_PATH} PYTHONPATH=/home/abc/perception_with_ros2/install/base_msgs_per/local/lib/python3.10/dist-packages:${PYTHONPATH} /usr/local/bin/cmake /home/abc/perception_with_ros2/src/perception -DCMAKE_INSTALL_PREFIX=/home/abc/perception_with_ros2/install/perception
[14.222s] Level 1:colcon.colcon_core.environment:create_environment_scripts_only(perception)
[14.222s] Level 1:colcon.colcon_core.environment:checking '/home/abc/perception_with_ros2/install/perception' for CMake module files
[14.222s] Level 1:colcon.colcon_core.environment:checking '/home/abc/perception_with_ros2/install/perception' for CMake config files
[14.223s] Level 1:colcon.colcon_core.environment:checking '/home/abc/perception_with_ros2/install/perception/bin'
[14.223s] Level 1:colcon.colcon_core.environment:checking '/home/abc/perception_with_ros2/install/perception/lib/pkgconfig/perception.pc'
[14.223s] Level 1:colcon.colcon_core.environment:checking '/home/abc/perception_with_ros2/install/perception/lib/python3.10/site-packages'
[14.223s] Level 1:colcon.colcon_core.environment:checking '/home/abc/perception_with_ros2/install/perception/bin'
[14.223s] INFO:colcon.colcon_core.shell:Creating package script '/home/abc/perception_with_ros2/install/perception/share/perception/package.ps1'
[14.224s] INFO:colcon.colcon_core.shell:Creating package descriptor '/home/abc/perception_with_ros2/install/perception/share/perception/package.dsv'
[14.224s] INFO:colcon.colcon_core.shell:Creating package script '/home/abc/perception_with_ros2/install/perception/share/perception/package.sh'
[14.224s] INFO:colcon.colcon_core.shell:Creating package script '/home/abc/perception_with_ros2/install/perception/share/perception/package.bash'
[14.225s] INFO:colcon.colcon_core.shell:Creating package script '/home/abc/perception_with_ros2/install/perception/share/perception/package.zsh'
[14.225s] Level 1:colcon.colcon_core.environment:create_file_with_runtime_dependencies(/home/abc/perception_with_ros2/install/perception/share/colcon-core/packages/perception)
[14.235s] DEBUG:colcon.colcon_parallel_executor.executor.parallel:closing loop
[14.235s] DEBUG:colcon.colcon_parallel_executor.executor.parallel:loop closed
[14.236s] DEBUG:colcon.colcon_parallel_executor.executor.parallel:run_until_complete finished with '1'
[14.236s] DEBUG:colcon.colcon_core.event_reactor:joining thread
[14.240s] INFO:colcon.colcon_core.plugin_system:Skipping extension 'colcon_notification.desktop_notification.terminal_notifier': Not used on non-Darwin systems
[14.240s] INFO:colcon.colcon_core.plugin_system:Skipping extension 'colcon_notification.desktop_notification.win32': Not used on non-Windows systems
[14.240s] INFO:colcon.colcon_notification.desktop_notification:Sending desktop notification using 'notify2'
[14.262s] DEBUG:colcon.colcon_core.event_reactor:joined thread
[14.263s] INFO:colcon.colcon_core.shell:Creating prefix script '/home/abc/perception_with_ros2/install/local_setup.ps1'
[14.264s] INFO:colcon.colcon_core.shell:Creating prefix util module '/home/abc/perception_with_ros2/install/_local_setup_util_ps1.py'
[14.267s] INFO:colcon.colcon_core.shell:Creating prefix chain script '/home/abc/perception_with_ros2/install/setup.ps1'
[14.268s] INFO:colcon.colcon_core.shell:Creating prefix script '/home/abc/perception_with_ros2/install/local_setup.sh'
[14.269s] INFO:colcon.colcon_core.shell:Creating prefix util module '/home/abc/perception_with_ros2/install/_local_setup_util_sh.py'
[14.270s] INFO:colcon.colcon_core.shell:Creating prefix chain script '/home/abc/perception_with_ros2/install/setup.sh'
[14.271s] INFO:colcon.colcon_core.shell:Creating prefix script '/home/abc/perception_with_ros2/install/local_setup.bash'
[14.271s] INFO:colcon.colcon_core.shell:Creating prefix chain script '/home/abc/perception_with_ros2/install/setup.bash'
[14.273s] INFO:colcon.colcon_core.shell:Creating prefix script '/home/abc/perception_with_ros2/install/local_setup.zsh'
[14.273s] INFO:colcon.colcon_core.shell:Creating prefix chain script '/home/abc/perception_with_ros2/install/setup.zsh'
