[0.015s] Invoking command in '/home/abc/perception_with_ros2/build/base_msgs_per': CMAKE_PREFIX_PATH=${CMAKE_PREFIX_PATH}:/home/abc/perception_with_ros2/install/data_plot_per:/home/abc/planning_with_ros2/install/data_plot:/opt/ros/humble /usr/local/bin/cmake /home/abc/perception_with_ros2/src/base_msgs_per -DCMAKE_INSTALL_PREFIX=/home/abc/perception_with_ros2/install/base_msgs_per
[0.074s] -- The C compiler identification is GNU 11.4.0
[0.139s] -- The CXX compiler identification is GNU 11.4.0
[0.151s] -- Detecting C compiler ABI info
[0.209s] -- Detecting C compiler ABI info - done
[0.227s] -- Check for working C compiler: /usr/bin/cc - skipped
[0.228s] -- Detecting C compile features
[0.228s] -- Detecting C compile features - done
[0.238s] -- Detecting CXX compiler ABI info
[0.299s] -- Detecting CXX compiler ABI info - done
[0.319s] -- Check for working CXX compiler: /usr/bin/c++ - skipped
[0.320s] -- Detecting CXX compile features
[0.320s] -- Detecting CXX compile features - done
[0.330s] -- Found ament_cmake: 1.3.12 (/opt/ros/humble/share/ament_cmake/cmake)
[0.460s] -- Found Python3: /usr/bin/python3 (found version "3.10.12") found components: Interpreter
[0.553s] -- Found rosidl_default_generators: 1.2.0 (/opt/ros/humble/share/rosidl_default_generators/cmake)
[0.558s] -- Using all available rosidl_typesupport_c: rosidl_typesupport_fastrtps_c;rosidl_typesupport_introspection_c
[0.565s] -- Found rosidl_adapter: 3.1.7 (/opt/ros/humble/share/rosidl_adapter/cmake)
[0.614s] -- Using all available rosidl_typesupport_cpp: rosidl_typesupport_fastrtps_cpp;rosidl_typesupport_introspection_cpp
[0.662s] -- Found visualization_msgs: 4.9.0 (/opt/ros/humble/share/visualization_msgs/cmake)
[0.782s] -- Found nav_msgs: 4.9.0 (/opt/ros/humble/share/nav_msgs/cmake)
[1.399s] -- Found ament_cmake_ros: 0.10.0 (/opt/ros/humble/share/ament_cmake_ros/cmake)
[1.986s] -- Using all available rosidl_typesupport_c: rosidl_typesupport_fastrtps_c;rosidl_typesupport_introspection_c
[2.741s] -- Using all available rosidl_typesupport_cpp: rosidl_typesupport_fastrtps_cpp;rosidl_typesupport_introspection_cpp
[2.796s] -- Found PythonInterp: /usr/bin/python3 (found suitable version "3.10.12", minimum required is "3.6")
[2.798s] -- Found python_cmake_module: 0.10.0 (/opt/ros/humble/share/python_cmake_module/cmake)
[2.829s] -- Found PythonLibs: /usr/lib/x86_64-linux-gnu/libpython3.10.so (found suitable version "3.10.12", minimum required is "3.5")
[2.829s] -- Using PYTHON_EXECUTABLE: /usr/bin/python3
[2.829s] -- Using PYTHON_INCLUDE_DIRS: /usr/include/python3.10
[2.829s] -- Using PYTHON_LIBRARIES: /usr/lib/x86_64-linux-gnu/libpython3.10.so
[2.849s] -- Found PythonExtra: .so
[2.963s] -- Found ament_lint_auto: 0.12.14 (/opt/ros/humble/share/ament_lint_auto/cmake)
[2.985s] -- Added test 'lint_cmake' to check CMake code style
[2.987s] -- Added test 'xmllint' to check XML markup files
[2.990s] -- Configuring done (3.0s)
[3.064s] -- Generating done (0.1s)
[3.076s] -- Build files have been written to: /home/abc/perception_with_ros2/build/base_msgs_per
[3.085s] Invoked command in '/home/abc/perception_with_ros2/build/base_msgs_per' returned '0': CMAKE_PREFIX_PATH=${CMAKE_PREFIX_PATH}:/home/abc/perception_with_ros2/install/data_plot_per:/home/abc/planning_with_ros2/install/data_plot:/opt/ros/humble /usr/local/bin/cmake /home/abc/perception_with_ros2/src/base_msgs_per -DCMAKE_INSTALL_PREFIX=/home/abc/perception_with_ros2/install/base_msgs_per
[3.086s] Invoking command in '/home/abc/perception_with_ros2/build/base_msgs_per': CMAKE_PREFIX_PATH=${CMAKE_PREFIX_PATH}:/home/abc/perception_with_ros2/install/data_plot_per:/home/abc/planning_with_ros2/install/data_plot:/opt/ros/humble /usr/local/bin/cmake --build /home/abc/perception_with_ros2/build/base_msgs_per -- -j12 -l12
[3.103s] [  1%] [34m[1mGenerating C code for ROS interfaces[0m
[3.107s] [  1%] [34m[1mGenerating C++ code for ROS interfaces[0m
[3.107s] [  1%] Built target ament_cmake_python_copy_base_msgs_per
[3.360s] running egg_info
[3.361s] creating base_msgs_per.egg-info
[3.361s] writing base_msgs_per.egg-info/PKG-INFO
[3.361s] writing dependency_links to base_msgs_per.egg-info/dependency_links.txt
[3.361s] writing top-level names to base_msgs_per.egg-info/top_level.txt
[3.361s] writing manifest file 'base_msgs_per.egg-info/SOURCES.txt'
[3.363s] reading manifest file 'base_msgs_per.egg-info/SOURCES.txt'
[3.363s] writing manifest file 'base_msgs_per.egg-info/SOURCES.txt'
[3.380s] [  1%] Built target ament_cmake_python_build_base_msgs_per_egg
[4.619s] [  2%] [32mBuilding C object CMakeFiles/base_msgs_per__rosidl_generator_c.dir/rosidl_generator_c/base_msgs_per/srv/detail/pnc_map_service__functions.c.o[0m
[4.619s] [  3%] [32mBuilding C object CMakeFiles/base_msgs_per__rosidl_generator_c.dir/rosidl_generator_c/base_msgs_per/srv/detail/global_path_service__functions.c.o[0m
[4.619s] [  4%] [32mBuilding C object CMakeFiles/base_msgs_per__rosidl_generator_c.dir/rosidl_generator_c/base_msgs_per/msg/detail/referline_point__functions.c.o[0m
[4.620s] [  4%] [32mBuilding C object CMakeFiles/base_msgs_per__rosidl_generator_c.dir/rosidl_generator_c/base_msgs_per/msg/detail/pnc_map__functions.c.o[0m
[4.620s] [  7%] [32mBuilding C object CMakeFiles/base_msgs_per__rosidl_generator_c.dir/rosidl_generator_c/base_msgs_per/msg/detail/local_speeds_point__functions.c.o[0m
[4.620s] [  7%] Built target base_msgs_per__cpp
[4.620s] [  7%] [32mBuilding C object CMakeFiles/base_msgs_per__rosidl_generator_c.dir/rosidl_generator_c/base_msgs_per/msg/detail/local_path_point__functions.c.o[0m
[4.620s] [  7%] [32mBuilding C object CMakeFiles/base_msgs_per__rosidl_generator_c.dir/rosidl_generator_c/base_msgs_per/msg/detail/local_path__functions.c.o[0m
[4.620s] [  7%] [32mBuilding C object CMakeFiles/base_msgs_per__rosidl_generator_c.dir/rosidl_generator_c/base_msgs_per/msg/detail/referline__functions.c.o[0m
[4.621s] [  8%] [32mBuilding C object CMakeFiles/base_msgs_per__rosidl_generator_c.dir/rosidl_generator_c/base_msgs_per/msg/detail/local_trajectory_point__functions.c.o[0m
[4.621s] [  9%] [32mBuilding C object CMakeFiles/base_msgs_per__rosidl_generator_c.dir/rosidl_generator_c/base_msgs_per/msg/detail/local_speeds__functions.c.o[0m
[4.621s] [ 10%] [32mBuilding C object CMakeFiles/base_msgs_per__rosidl_generator_c.dir/rosidl_generator_c/base_msgs_per/msg/detail/local_trajectory__functions.c.o[0m
[4.628s] [ 10%] [34m[1mGenerating C++ introspection for ROS interfaces[0m
[4.682s] [ 10%] [32mBuilding C object CMakeFiles/base_msgs_per__rosidl_generator_c.dir/rosidl_generator_c/base_msgs_per/msg/detail/obs_info__functions.c.o[0m
[4.682s] [ 11%] [32mBuilding C object CMakeFiles/base_msgs_per__rosidl_generator_c.dir/rosidl_generator_c/base_msgs_per/msg/detail/plot_info__functions.c.o[0m
[4.683s] [ 12%] [34m[1mGenerating C++ type support dispatch for ROS interfaces[0m
[4.684s] [ 13%] [34m[1mGenerating C++ type support for eProsima Fast-RTPS[0m
[4.737s] [ 14%] [32m[1mLinking C shared library libbase_msgs_per__rosidl_generator_c.so[0m
[4.762s] [ 14%] Built target base_msgs_per__rosidl_generator_c
[4.766s] [ 17%] [34m[1mGenerating C type support for eProsima Fast-RTPS[0m
[4.766s] [ 17%] [34m[1mGenerating C type support dispatch for ROS interfaces[0m
[4.766s] [ 17%] [34m[1mGenerating C introspection for ROS interfaces[0m
[5.869s] [ 18%] [32mBuilding CXX object CMakeFiles/base_msgs_per__rosidl_typesupport_cpp.dir/rosidl_typesupport_cpp/base_msgs_per/srv/global_path_service__type_support.cpp.o[0m
[5.869s] [ 19%] [32mBuilding CXX object CMakeFiles/base_msgs_per__rosidl_typesupport_cpp.dir/rosidl_typesupport_cpp/base_msgs_per/srv/pnc_map_service__type_support.cpp.o[0m
[5.869s] [ 19%] [32mBuilding CXX object CMakeFiles/base_msgs_per__rosidl_typesupport_cpp.dir/rosidl_typesupport_cpp/base_msgs_per/msg/pnc_map__type_support.cpp.o[0m
[5.869s] [ 21%] [32mBuilding CXX object CMakeFiles/base_msgs_per__rosidl_typesupport_cpp.dir/rosidl_typesupport_cpp/base_msgs_per/msg/referline_point__type_support.cpp.o[0m
[5.869s] [ 21%] [32mBuilding CXX object CMakeFiles/base_msgs_per__rosidl_typesupport_cpp.dir/rosidl_typesupport_cpp/base_msgs_per/msg/referline__type_support.cpp.o[0m
[5.870s] [ 23%] [32mBuilding CXX object CMakeFiles/base_msgs_per__rosidl_typesupport_cpp.dir/rosidl_typesupport_cpp/base_msgs_per/msg/local_path_point__type_support.cpp.o[0m
[5.870s] [ 23%] [32mBuilding CXX object CMakeFiles/base_msgs_per__rosidl_typesupport_cpp.dir/rosidl_typesupport_cpp/base_msgs_per/msg/local_path__type_support.cpp.o[0m
[6.010s] [ 23%] [32mBuilding CXX object CMakeFiles/base_msgs_per__rosidl_typesupport_c.dir/rosidl_typesupport_c/base_msgs_per/srv/global_path_service__type_support.cpp.o[0m
[6.062s] [ 24%] [32mBuilding CXX object CMakeFiles/base_msgs_per__rosidl_typesupport_c.dir/rosidl_typesupport_c/base_msgs_per/srv/pnc_map_service__type_support.cpp.o[0m
[6.102s] [ 25%] [32mBuilding CXX object CMakeFiles/base_msgs_per__rosidl_typesupport_introspection_cpp.dir/rosidl_typesupport_introspection_cpp/base_msgs_per/srv/detail/global_path_service__type_support.cpp.o[0m
[6.107s] [ 26%] [32mBuilding CXX object CMakeFiles/base_msgs_per__rosidl_typesupport_c.dir/rosidl_typesupport_c/base_msgs_per/msg/pnc_map__type_support.cpp.o[0m
[6.149s] [ 27%] [32mBuilding CXX object CMakeFiles/base_msgs_per__rosidl_typesupport_c.dir/rosidl_typesupport_c/base_msgs_per/msg/referline_point__type_support.cpp.o[0m
[6.185s] [ 28%] [32mBuilding CXX object CMakeFiles/base_msgs_per__rosidl_typesupport_c.dir/rosidl_typesupport_c/base_msgs_per/msg/referline__type_support.cpp.o[0m
[6.221s] [ 28%] [32mBuilding CXX object CMakeFiles/base_msgs_per__rosidl_typesupport_c.dir/rosidl_typesupport_c/base_msgs_per/msg/local_path_point__type_support.cpp.o[0m
[6.264s] [ 29%] [32mBuilding CXX object CMakeFiles/base_msgs_per__rosidl_typesupport_c.dir/rosidl_typesupport_c/base_msgs_per/msg/local_path__type_support.cpp.o[0m
[6.289s] [ 30%] [32mBuilding CXX object CMakeFiles/base_msgs_per__rosidl_typesupport_c.dir/rosidl_typesupport_c/base_msgs_per/msg/local_speeds_point__type_support.cpp.o[0m
[6.294s] [ 31%] [32mBuilding CXX object CMakeFiles/base_msgs_per__rosidl_typesupport_c.dir/rosidl_typesupport_c/base_msgs_per/msg/local_speeds__type_support.cpp.o[0m
[6.300s] [ 32%] [32mBuilding CXX object CMakeFiles/base_msgs_per__rosidl_typesupport_introspection_cpp.dir/rosidl_typesupport_introspection_cpp/base_msgs_per/srv/detail/pnc_map_service__type_support.cpp.o[0m
[6.301s] [ 33%] [32mBuilding CXX object CMakeFiles/base_msgs_per__rosidl_typesupport_introspection_cpp.dir/rosidl_typesupport_introspection_cpp/base_msgs_per/msg/detail/pnc_map__type_support.cpp.o[0m
[6.303s] [ 34%] [32mBuilding CXX object CMakeFiles/base_msgs_per__rosidl_typesupport_c.dir/rosidl_typesupport_c/base_msgs_per/msg/local_trajectory_point__type_support.cpp.o[0m
[6.327s] [ 34%] [32mBuilding CXX object CMakeFiles/base_msgs_per__rosidl_typesupport_c.dir/rosidl_typesupport_c/base_msgs_per/msg/local_trajectory__type_support.cpp.o[0m
[6.332s] [ 35%] [32mBuilding CXX object CMakeFiles/base_msgs_per__rosidl_typesupport_introspection_cpp.dir/rosidl_typesupport_introspection_cpp/base_msgs_per/msg/detail/referline_point__type_support.cpp.o[0m
[6.338s] [ 36%] [32mBuilding CXX object CMakeFiles/base_msgs_per__rosidl_typesupport_c.dir/rosidl_typesupport_c/base_msgs_per/msg/obs_info__type_support.cpp.o[0m
[6.341s] [ 36%] [32mBuilding CXX object CMakeFiles/base_msgs_per__rosidl_typesupport_cpp.dir/rosidl_typesupport_cpp/base_msgs_per/msg/local_speeds_point__type_support.cpp.o[0m
[6.341s] [ 37%] [32mBuilding C object CMakeFiles/base_msgs_per__rosidl_typesupport_introspection_c.dir/rosidl_typesupport_introspection_c/base_msgs_per/srv/detail/global_path_service__type_support.c.o[0m
[6.341s] [ 37%] [32mBuilding CXX object CMakeFiles/base_msgs_per__rosidl_typesupport_introspection_cpp.dir/rosidl_typesupport_introspection_cpp/base_msgs_per/msg/detail/referline__type_support.cpp.o[0m
[6.369s] [ 38%] [32mBuilding C object CMakeFiles/base_msgs_per__rosidl_typesupport_introspection_c.dir/rosidl_typesupport_introspection_c/base_msgs_per/srv/detail/pnc_map_service__type_support.c.o[0m
[6.371s] [ 39%] [32mBuilding CXX object CMakeFiles/base_msgs_per__rosidl_typesupport_c.dir/rosidl_typesupport_c/base_msgs_per/msg/plot_info__type_support.cpp.o[0m
[6.389s] [ 39%] [32mBuilding C object CMakeFiles/base_msgs_per__rosidl_typesupport_introspection_c.dir/rosidl_typesupport_introspection_c/base_msgs_per/msg/detail/pnc_map__type_support.c.o[0m
[6.395s] [ 40%] [32mBuilding CXX object CMakeFiles/base_msgs_per__rosidl_typesupport_introspection_cpp.dir/rosidl_typesupport_introspection_cpp/base_msgs_per/msg/detail/local_path_point__type_support.cpp.o[0m
[6.407s] [ 41%] [32m[1mLinking CXX shared library libbase_msgs_per__rosidl_typesupport_c.so[0m
[6.414s] [ 42%] [32mBuilding CXX object CMakeFiles/base_msgs_per__rosidl_typesupport_introspection_cpp.dir/rosidl_typesupport_introspection_cpp/base_msgs_per/msg/detail/local_path__type_support.cpp.o[0m
[6.437s] [ 43%] [32mBuilding CXX object CMakeFiles/base_msgs_per__rosidl_typesupport_fastrtps_cpp.dir/rosidl_typesupport_fastrtps_cpp/base_msgs_per/srv/detail/dds_fastrtps/global_path_service__type_support.cpp.o[0m
[6.448s] [ 44%] [32mBuilding C object CMakeFiles/base_msgs_per__rosidl_typesupport_introspection_c.dir/rosidl_typesupport_introspection_c/base_msgs_per/msg/detail/referline_point__type_support.c.o[0m
[6.459s] [ 44%] Built target base_msgs_per__rosidl_typesupport_c
[6.464s] [ 45%] [32mBuilding CXX object CMakeFiles/base_msgs_per__rosidl_typesupport_fastrtps_cpp.dir/rosidl_typesupport_fastrtps_cpp/base_msgs_per/srv/detail/dds_fastrtps/pnc_map_service__type_support.cpp.o[0m
[6.489s] [ 46%] [32mBuilding CXX object CMakeFiles/base_msgs_per__rosidl_typesupport_fastrtps_c.dir/rosidl_typesupport_fastrtps_c/base_msgs_per/srv/detail/global_path_service__type_support_c.cpp.o[0m
[6.491s] [ 47%] [32mBuilding C object CMakeFiles/base_msgs_per__rosidl_typesupport_introspection_c.dir/rosidl_typesupport_introspection_c/base_msgs_per/msg/detail/referline__type_support.c.o[0m
[6.544s] [ 48%] [32mBuilding C object CMakeFiles/base_msgs_per__rosidl_typesupport_introspection_c.dir/rosidl_typesupport_introspection_c/base_msgs_per/msg/detail/local_path_point__type_support.c.o[0m
[6.595s] [ 49%] [32mBuilding C object CMakeFiles/base_msgs_per__rosidl_typesupport_introspection_c.dir/rosidl_typesupport_introspection_c/base_msgs_per/msg/detail/local_path__type_support.c.o[0m
[6.645s] [ 49%] [32mBuilding C object CMakeFiles/base_msgs_per__rosidl_typesupport_introspection_c.dir/rosidl_typesupport_introspection_c/base_msgs_per/msg/detail/local_speeds_point__type_support.c.o[0m
[6.706s] [ 50%] [32mBuilding C object CMakeFiles/base_msgs_per__rosidl_typesupport_introspection_c.dir/rosidl_typesupport_introspection_c/base_msgs_per/msg/detail/local_speeds__type_support.c.o[0m
[6.757s] [ 51%] [32mBuilding C object CMakeFiles/base_msgs_per__rosidl_typesupport_introspection_c.dir/rosidl_typesupport_introspection_c/base_msgs_per/msg/detail/local_trajectory_point__type_support.c.o[0m
[6.790s] [ 52%] [32mBuilding CXX object CMakeFiles/base_msgs_per__rosidl_typesupport_cpp.dir/rosidl_typesupport_cpp/base_msgs_per/msg/local_speeds__type_support.cpp.o[0m
[6.804s] [ 53%] [32mBuilding C object CMakeFiles/base_msgs_per__rosidl_typesupport_introspection_c.dir/rosidl_typesupport_introspection_c/base_msgs_per/msg/detail/local_trajectory__type_support.c.o[0m
[6.853s] [ 53%] [32mBuilding CXX object CMakeFiles/base_msgs_per__rosidl_typesupport_fastrtps_c.dir/rosidl_typesupport_fastrtps_c/base_msgs_per/srv/detail/pnc_map_service__type_support_c.cpp.o[0m
[6.867s] [ 54%] [32mBuilding C object CMakeFiles/base_msgs_per__rosidl_typesupport_introspection_c.dir/rosidl_typesupport_introspection_c/base_msgs_per/msg/detail/obs_info__type_support.c.o[0m
[6.908s] [ 54%] [32mBuilding C object CMakeFiles/base_msgs_per__rosidl_typesupport_introspection_c.dir/rosidl_typesupport_introspection_c/base_msgs_per/msg/detail/plot_info__type_support.c.o[0m
[6.962s] [ 55%] [32mBuilding CXX object CMakeFiles/base_msgs_per__rosidl_typesupport_fastrtps_cpp.dir/rosidl_typesupport_fastrtps_cpp/base_msgs_per/msg/detail/dds_fastrtps/pnc_map__type_support.cpp.o[0m
[6.968s] [ 56%] [32m[1mLinking C shared library libbase_msgs_per__rosidl_typesupport_introspection_c.so[0m
[7.001s] [ 56%] Built target base_msgs_per__rosidl_typesupport_introspection_c
[7.005s] [ 57%] [32mBuilding CXX object CMakeFiles/base_msgs_per__rosidl_typesupport_fastrtps_c.dir/rosidl_typesupport_fastrtps_c/base_msgs_per/msg/detail/pnc_map__type_support_c.cpp.o[0m
[7.022s] [ 58%] [32mBuilding CXX object CMakeFiles/base_msgs_per__rosidl_typesupport_cpp.dir/rosidl_typesupport_cpp/base_msgs_per/msg/local_trajectory_point__type_support.cpp.o[0m
[7.043s] [ 59%] [32mBuilding CXX object CMakeFiles/base_msgs_per__rosidl_typesupport_fastrtps_c.dir/rosidl_typesupport_fastrtps_c/base_msgs_per/msg/detail/referline_point__type_support_c.cpp.o[0m
[7.051s] [ 60%] [32mBuilding CXX object CMakeFiles/base_msgs_per__rosidl_typesupport_fastrtps_c.dir/rosidl_typesupport_fastrtps_c/base_msgs_per/msg/detail/referline__type_support_c.cpp.o[0m
[7.062s] [ 60%] [32mBuilding CXX object CMakeFiles/base_msgs_per__rosidl_typesupport_fastrtps_cpp.dir/rosidl_typesupport_fastrtps_cpp/base_msgs_per/msg/detail/dds_fastrtps/referline_point__type_support.cpp.o[0m
[7.102s] [ 61%] [32mBuilding CXX object CMakeFiles/base_msgs_per__rosidl_typesupport_cpp.dir/rosidl_typesupport_cpp/base_msgs_per/msg/local_trajectory__type_support.cpp.o[0m
[7.153s] [ 62%] [32mBuilding CXX object CMakeFiles/base_msgs_per__rosidl_typesupport_fastrtps_c.dir/rosidl_typesupport_fastrtps_c/base_msgs_per/msg/detail/local_path_point__type_support_c.cpp.o[0m
[7.222s] [ 63%] [32mBuilding CXX object CMakeFiles/base_msgs_per__rosidl_typesupport_introspection_cpp.dir/rosidl_typesupport_introspection_cpp/base_msgs_per/msg/detail/local_speeds_point__type_support.cpp.o[0m
[7.226s] [ 64%] [32mBuilding CXX object CMakeFiles/base_msgs_per__rosidl_typesupport_fastrtps_cpp.dir/rosidl_typesupport_fastrtps_cpp/base_msgs_per/msg/detail/dds_fastrtps/referline__type_support.cpp.o[0m
[7.237s] [ 65%] [32mBuilding CXX object CMakeFiles/base_msgs_per__rosidl_typesupport_fastrtps_cpp.dir/rosidl_typesupport_fastrtps_cpp/base_msgs_per/msg/detail/dds_fastrtps/local_path_point__type_support.cpp.o[0m
[7.416s] [ 66%] [32mBuilding CXX object CMakeFiles/base_msgs_per__rosidl_typesupport_introspection_cpp.dir/rosidl_typesupport_introspection_cpp/base_msgs_per/msg/detail/local_speeds__type_support.cpp.o[0m
[7.453s] [ 66%] [32mBuilding CXX object CMakeFiles/base_msgs_per__rosidl_typesupport_fastrtps_c.dir/rosidl_typesupport_fastrtps_c/base_msgs_per/msg/detail/local_path__type_support_c.cpp.o[0m
[7.547s] [ 67%] [32mBuilding CXX object CMakeFiles/base_msgs_per__rosidl_typesupport_cpp.dir/rosidl_typesupport_cpp/base_msgs_per/msg/obs_info__type_support.cpp.o[0m
[7.605s] [ 68%] [32mBuilding CXX object CMakeFiles/base_msgs_per__rosidl_typesupport_fastrtps_cpp.dir/rosidl_typesupport_fastrtps_cpp/base_msgs_per/msg/detail/dds_fastrtps/local_path__type_support.cpp.o[0m
[7.619s] [ 68%] [32mBuilding CXX object CMakeFiles/base_msgs_per__rosidl_typesupport_introspection_cpp.dir/rosidl_typesupport_introspection_cpp/base_msgs_per/msg/detail/local_trajectory_point__type_support.cpp.o[0m
[7.652s] [ 69%] [32mBuilding CXX object CMakeFiles/base_msgs_per__rosidl_typesupport_introspection_cpp.dir/rosidl_typesupport_introspection_cpp/base_msgs_per/msg/detail/local_trajectory__type_support.cpp.o[0m
[7.666s] [ 70%] [32mBuilding CXX object CMakeFiles/base_msgs_per__rosidl_typesupport_introspection_cpp.dir/rosidl_typesupport_introspection_cpp/base_msgs_per/msg/detail/obs_info__type_support.cpp.o[0m
[7.686s] [ 70%] [32mBuilding CXX object CMakeFiles/base_msgs_per__rosidl_typesupport_cpp.dir/rosidl_typesupport_cpp/base_msgs_per/msg/plot_info__type_support.cpp.o[0m
[7.742s] [ 71%] [32mBuilding CXX object CMakeFiles/base_msgs_per__rosidl_typesupport_fastrtps_c.dir/rosidl_typesupport_fastrtps_c/base_msgs_per/msg/detail/local_speeds_point__type_support_c.cpp.o[0m
[7.821s] [ 72%] [32mBuilding CXX object CMakeFiles/base_msgs_per__rosidl_typesupport_fastrtps_c.dir/rosidl_typesupport_fastrtps_c/base_msgs_per/msg/detail/local_speeds__type_support_c.cpp.o[0m
[7.911s] [ 73%] [32mBuilding CXX object CMakeFiles/base_msgs_per__rosidl_typesupport_fastrtps_c.dir/rosidl_typesupport_fastrtps_c/base_msgs_per/msg/detail/local_trajectory_point__type_support_c.cpp.o[0m
[7.936s] [ 74%] [32mBuilding CXX object CMakeFiles/base_msgs_per__rosidl_typesupport_introspection_cpp.dir/rosidl_typesupport_introspection_cpp/base_msgs_per/msg/detail/plot_info__type_support.cpp.o[0m
[7.986s] [ 75%] [32mBuilding CXX object CMakeFiles/base_msgs_per__rosidl_typesupport_fastrtps_cpp.dir/rosidl_typesupport_fastrtps_cpp/base_msgs_per/msg/detail/dds_fastrtps/local_speeds_point__type_support.cpp.o[0m
[8.006s] [ 75%] [32mBuilding CXX object CMakeFiles/base_msgs_per__rosidl_typesupport_fastrtps_cpp.dir/rosidl_typesupport_fastrtps_cpp/base_msgs_per/msg/detail/dds_fastrtps/local_speeds__type_support.cpp.o[0m
[8.093s] [ 76%] [32mBuilding CXX object CMakeFiles/base_msgs_per__rosidl_typesupport_fastrtps_c.dir/rosidl_typesupport_fastrtps_c/base_msgs_per/msg/detail/local_trajectory__type_support_c.cpp.o[0m
[8.177s] [ 77%] [32m[1mLinking CXX shared library libbase_msgs_per__rosidl_typesupport_cpp.so[0m
[8.253s] [ 78%] [32mBuilding CXX object CMakeFiles/base_msgs_per__rosidl_typesupport_fastrtps_cpp.dir/rosidl_typesupport_fastrtps_cpp/base_msgs_per/msg/detail/dds_fastrtps/local_trajectory_point__type_support.cpp.o[0m
[8.259s] [ 78%] Built target base_msgs_per__rosidl_typesupport_cpp
[8.264s] [ 78%] [32mBuilding CXX object CMakeFiles/base_msgs_per__rosidl_typesupport_fastrtps_c.dir/rosidl_typesupport_fastrtps_c/base_msgs_per/msg/detail/obs_info__type_support_c.cpp.o[0m
[8.292s] [ 79%] [32mBuilding CXX object CMakeFiles/base_msgs_per__rosidl_typesupport_fastrtps_c.dir/rosidl_typesupport_fastrtps_c/base_msgs_per/msg/detail/plot_info__type_support_c.cpp.o[0m
[8.311s] [ 80%] [32mBuilding CXX object CMakeFiles/base_msgs_per__rosidl_typesupport_fastrtps_cpp.dir/rosidl_typesupport_fastrtps_cpp/base_msgs_per/msg/detail/dds_fastrtps/local_trajectory__type_support.cpp.o[0m
[8.361s] [ 81%] [32mBuilding CXX object CMakeFiles/base_msgs_per__rosidl_typesupport_fastrtps_cpp.dir/rosidl_typesupport_fastrtps_cpp/base_msgs_per/msg/detail/dds_fastrtps/obs_info__type_support.cpp.o[0m
[8.405s] [ 82%] [32mBuilding CXX object CMakeFiles/base_msgs_per__rosidl_typesupport_fastrtps_cpp.dir/rosidl_typesupport_fastrtps_cpp/base_msgs_per/msg/detail/dds_fastrtps/plot_info__type_support.cpp.o[0m
[8.691s] [ 83%] [32m[1mLinking CXX shared library libbase_msgs_per__rosidl_typesupport_introspection_cpp.so[0m
[8.769s] [ 84%] [32m[1mLinking CXX shared library libbase_msgs_per__rosidl_typesupport_fastrtps_c.so[0m
[8.792s] [ 84%] Built target base_msgs_per__rosidl_typesupport_introspection_cpp
[8.848s] [ 84%] Built target base_msgs_per__rosidl_typesupport_fastrtps_c
[8.968s] [ 84%] [32m[1mLinking CXX shared library libbase_msgs_per__rosidl_typesupport_fastrtps_cpp.so[0m
[9.028s] [ 84%] Built target base_msgs_per__rosidl_typesupport_fastrtps_cpp
[9.035s] [ 84%] Built target base_msgs_per
[9.045s] [ 85%] [34m[1mGenerating Python code for ROS interfaces[0m
[11.727s] [ 85%] Built target base_msgs_per__py
[11.735s] [ 86%] [32mBuilding C object CMakeFiles/base_msgs_per__rosidl_generator_py.dir/rosidl_generator_py/base_msgs_per/srv/_global_path_service_s.c.o[0m
[11.735s] [ 86%] [32mBuilding C object CMakeFiles/base_msgs_per__rosidl_generator_py.dir/rosidl_generator_py/base_msgs_per/srv/_pnc_map_service_s.c.o[0m
[11.735s] [ 87%] [32mBuilding C object CMakeFiles/base_msgs_per__rosidl_generator_py.dir/rosidl_generator_py/base_msgs_per/msg/_pnc_map_s.c.o[0m
[11.735s] [ 88%] [32mBuilding C object CMakeFiles/base_msgs_per__rosidl_generator_py.dir/rosidl_generator_py/base_msgs_per/msg/_referline_point_s.c.o[0m
[11.736s] [ 89%] [32mBuilding C object CMakeFiles/base_msgs_per__rosidl_generator_py.dir/rosidl_generator_py/base_msgs_per/msg/_referline_s.c.o[0m
[11.736s] [ 90%] [32mBuilding C object CMakeFiles/base_msgs_per__rosidl_generator_py.dir/rosidl_generator_py/base_msgs_per/msg/_local_path_point_s.c.o[0m
[11.736s] [ 90%] [32mBuilding C object CMakeFiles/base_msgs_per__rosidl_generator_py.dir/rosidl_generator_py/base_msgs_per/msg/_local_path_s.c.o[0m
[11.736s] [ 91%] [32mBuilding C object CMakeFiles/base_msgs_per__rosidl_generator_py.dir/rosidl_generator_py/base_msgs_per/msg/_local_speeds_point_s.c.o[0m
[11.736s] [ 92%] [32mBuilding C object CMakeFiles/base_msgs_per__rosidl_generator_py.dir/rosidl_generator_py/base_msgs_per/msg/_local_speeds_s.c.o[0m
[11.737s] [ 93%] [32mBuilding C object CMakeFiles/base_msgs_per__rosidl_generator_py.dir/rosidl_generator_py/base_msgs_per/msg/_local_trajectory_point_s.c.o[0m
[11.741s] [ 94%] [32mBuilding C object CMakeFiles/base_msgs_per__rosidl_generator_py.dir/rosidl_generator_py/base_msgs_per/msg/_local_trajectory_s.c.o[0m
[11.741s] [ 94%] [32mBuilding C object CMakeFiles/base_msgs_per__rosidl_generator_py.dir/rosidl_generator_py/base_msgs_per/msg/_obs_info_s.c.o[0m
[11.889s] [ 95%] [32mBuilding C object CMakeFiles/base_msgs_per__rosidl_generator_py.dir/rosidl_generator_py/base_msgs_per/msg/_plot_info_s.c.o[0m
[11.980s] [ 96%] [32m[1mLinking C shared library rosidl_generator_py/base_msgs_per/libbase_msgs_per__rosidl_generator_py.so[0m
[12.012s] [ 96%] Built target base_msgs_per__rosidl_generator_py
[12.018s] [ 98%] [32mBuilding C object CMakeFiles/base_msgs_per__rosidl_typesupport_introspection_c__pyext.dir/rosidl_generator_py/base_msgs_per/_base_msgs_per_s.ep.rosidl_typesupport_introspection_c.c.o[0m
[12.018s] [ 98%] [32mBuilding C object CMakeFiles/base_msgs_per__rosidl_typesupport_fastrtps_c__pyext.dir/rosidl_generator_py/base_msgs_per/_base_msgs_per_s.ep.rosidl_typesupport_fastrtps_c.c.o[0m
[12.019s] [ 99%] [32mBuilding C object CMakeFiles/base_msgs_per__rosidl_typesupport_c__pyext.dir/rosidl_generator_py/base_msgs_per/_base_msgs_per_s.ep.rosidl_typesupport_c.c.o[0m
[12.147s] [ 99%] [32m[1mLinking C shared library rosidl_generator_py/base_msgs_per/base_msgs_per_s__rosidl_typesupport_c.cpython-310-x86_64-linux-gnu.so[0m
[12.147s] [100%] [32m[1mLinking C shared library rosidl_generator_py/base_msgs_per/base_msgs_per_s__rosidl_typesupport_fastrtps_c.cpython-310-x86_64-linux-gnu.so[0m
[12.147s] [100%] [32m[1mLinking C shared library rosidl_generator_py/base_msgs_per/base_msgs_per_s__rosidl_typesupport_introspection_c.cpython-310-x86_64-linux-gnu.so[0m
[12.178s] [100%] Built target base_msgs_per__rosidl_typesupport_c__pyext
[12.178s] [100%] Built target base_msgs_per__rosidl_typesupport_introspection_c__pyext
[12.178s] [100%] Built target base_msgs_per__rosidl_typesupport_fastrtps_c__pyext
[12.183s] Invoked command in '/home/abc/perception_with_ros2/build/base_msgs_per' returned '0': CMAKE_PREFIX_PATH=${CMAKE_PREFIX_PATH}:/home/abc/perception_with_ros2/install/data_plot_per:/home/abc/planning_with_ros2/install/data_plot:/opt/ros/humble /usr/local/bin/cmake --build /home/abc/perception_with_ros2/build/base_msgs_per -- -j12 -l12
[12.186s] Invoking command in '/home/abc/perception_with_ros2/build/base_msgs_per': CMAKE_PREFIX_PATH=${CMAKE_PREFIX_PATH}:/home/abc/perception_with_ros2/install/data_plot_per:/home/abc/planning_with_ros2/install/data_plot:/opt/ros/humble /usr/local/bin/cmake --install /home/abc/perception_with_ros2/build/base_msgs_per
[12.188s] -- Install configuration: ""
[12.188s] -- Installing: /home/abc/perception_with_ros2/install/base_msgs_per/share/ament_index/resource_index/rosidl_interfaces/base_msgs_per
[12.188s] -- Installing: /home/abc/perception_with_ros2/install/base_msgs_per/include/base_msgs_per/base_msgs_per
[12.188s] -- Installing: /home/abc/perception_with_ros2/install/base_msgs_per/include/base_msgs_per/base_msgs_per/msg
[12.188s] -- Installing: /home/abc/perception_with_ros2/install/base_msgs_per/include/base_msgs_per/base_msgs_per/msg/pnc_map.h
[12.188s] -- Installing: /home/abc/perception_with_ros2/install/base_msgs_per/include/base_msgs_per/base_msgs_per/msg/local_trajectory_point.h
[12.189s] -- Installing: /home/abc/perception_with_ros2/install/base_msgs_per/include/base_msgs_per/base_msgs_per/msg/plot_info.h
[12.189s] -- Installing: /home/abc/perception_with_ros2/install/base_msgs_per/include/base_msgs_per/base_msgs_per/msg/rosidl_generator_c__visibility_control.h
[12.189s] -- Installing: /home/abc/perception_with_ros2/install/base_msgs_per/include/base_msgs_per/base_msgs_per/msg/local_path.h
[12.189s] -- Installing: /home/abc/perception_with_ros2/install/base_msgs_per/include/base_msgs_per/base_msgs_per/msg/detail
[12.189s] -- Installing: /home/abc/perception_with_ros2/install/base_msgs_per/include/base_msgs_per/base_msgs_per/msg/detail/obs_info__type_support.h
[12.189s] -- Installing: /home/abc/perception_with_ros2/install/base_msgs_per/include/base_msgs_per/base_msgs_per/msg/detail/local_speeds__functions.c
[12.189s] -- Installing: /home/abc/perception_with_ros2/install/base_msgs_per/include/base_msgs_per/base_msgs_per/msg/detail/local_speeds_point__struct.h
[12.189s] -- Installing: /home/abc/perception_with_ros2/install/base_msgs_per/include/base_msgs_per/base_msgs_per/msg/detail/referline_point__type_support.h
[12.189s] -- Installing: /home/abc/perception_with_ros2/install/base_msgs_per/include/base_msgs_per/base_msgs_per/msg/detail/obs_info__struct.h
[12.189s] -- Installing: /home/abc/perception_with_ros2/install/base_msgs_per/include/base_msgs_per/base_msgs_per/msg/detail/referline__struct.h
[12.189s] -- Installing: /home/abc/perception_with_ros2/install/base_msgs_per/include/base_msgs_per/base_msgs_per/msg/detail/local_speeds__functions.h
[12.190s] -- Installing: /home/abc/perception_with_ros2/install/base_msgs_per/include/base_msgs_per/base_msgs_per/msg/detail/local_path_point__functions.h
[12.190s] -- Installing: /home/abc/perception_with_ros2/install/base_msgs_per/include/base_msgs_per/base_msgs_per/msg/detail/pnc_map__struct.h
[12.190s] -- Installing: /home/abc/perception_with_ros2/install/base_msgs_per/include/base_msgs_per/base_msgs_per/msg/detail/plot_info__struct.h
[12.190s] -- Installing: /home/abc/perception_with_ros2/install/base_msgs_per/include/base_msgs_per/base_msgs_per/msg/detail/local_path_point__struct.h
[12.190s] -- Installing: /home/abc/perception_with_ros2/install/base_msgs_per/include/base_msgs_per/base_msgs_per/msg/detail/local_path__struct.h
[12.190s] -- Installing: /home/abc/perception_with_ros2/install/base_msgs_per/include/base_msgs_per/base_msgs_per/msg/detail/obs_info__functions.h
[12.190s] -- Installing: /home/abc/perception_with_ros2/install/base_msgs_per/include/base_msgs_per/base_msgs_per/msg/detail/obs_info__functions.c
[12.190s] -- Installing: /home/abc/perception_with_ros2/install/base_msgs_per/include/base_msgs_per/base_msgs_per/msg/detail/local_speeds__struct.h
[12.190s] -- Installing: /home/abc/perception_with_ros2/install/base_msgs_per/include/base_msgs_per/base_msgs_per/msg/detail/referline__functions.h
[12.190s] -- Installing: /home/abc/perception_with_ros2/install/base_msgs_per/include/base_msgs_per/base_msgs_per/msg/detail/local_trajectory__type_support.h
[12.190s] -- Installing: /home/abc/perception_with_ros2/install/base_msgs_per/include/base_msgs_per/base_msgs_per/msg/detail/local_trajectory__functions.h
[12.191s] -- Installing: /home/abc/perception_with_ros2/install/base_msgs_per/include/base_msgs_per/base_msgs_per/msg/detail/local_path_point__type_support.h
[12.191s] -- Installing: /home/abc/perception_with_ros2/install/base_msgs_per/include/base_msgs_per/base_msgs_per/msg/detail/local_path_point__functions.c
[12.191s] -- Installing: /home/abc/perception_with_ros2/install/base_msgs_per/include/base_msgs_per/base_msgs_per/msg/detail/referline__type_support.h
[12.191s] -- Installing: /home/abc/perception_with_ros2/install/base_msgs_per/include/base_msgs_per/base_msgs_per/msg/detail/local_trajectory_point__functions.c
[12.191s] -- Installing: /home/abc/perception_with_ros2/install/base_msgs_per/include/base_msgs_per/base_msgs_per/msg/detail/local_trajectory_point__functions.h
[12.191s] -- Installing: /home/abc/perception_with_ros2/install/base_msgs_per/include/base_msgs_per/base_msgs_per/msg/detail/local_path__functions.h
[12.191s] -- Installing: /home/abc/perception_with_ros2/install/base_msgs_per/include/base_msgs_per/base_msgs_per/msg/detail/pnc_map__functions.c
[12.191s] -- Installing: /home/abc/perception_with_ros2/install/base_msgs_per/include/base_msgs_per/base_msgs_per/msg/detail/referline__functions.c
[12.191s] -- Installing: /home/abc/perception_with_ros2/install/base_msgs_per/include/base_msgs_per/base_msgs_per/msg/detail/referline_point__struct.h
[12.191s] -- Installing: /home/abc/perception_with_ros2/install/base_msgs_per/include/base_msgs_per/base_msgs_per/msg/detail/local_trajectory__struct.h
[12.191s] -- Installing: /home/abc/perception_with_ros2/install/base_msgs_per/include/base_msgs_per/base_msgs_per/msg/detail/local_speeds_point__type_support.h
[12.191s] -- Installing: /home/abc/perception_with_ros2/install/base_msgs_per/include/base_msgs_per/base_msgs_per/msg/detail/local_speeds_point__functions.h
[12.192s] -- Installing: /home/abc/perception_with_ros2/install/base_msgs_per/include/base_msgs_per/base_msgs_per/msg/detail/local_trajectory_point__struct.h
[12.192s] -- Installing: /home/abc/perception_with_ros2/install/base_msgs_per/include/base_msgs_per/base_msgs_per/msg/detail/local_path__functions.c
[12.192s] -- Installing: /home/abc/perception_with_ros2/install/base_msgs_per/include/base_msgs_per/base_msgs_per/msg/detail/plot_info__functions.c
[12.192s] -- Installing: /home/abc/perception_with_ros2/install/base_msgs_per/include/base_msgs_per/base_msgs_per/msg/detail/local_trajectory__functions.c
[12.192s] -- Installing: /home/abc/perception_with_ros2/install/base_msgs_per/include/base_msgs_per/base_msgs_per/msg/detail/local_speeds__type_support.h
[12.192s] -- Installing: /home/abc/perception_with_ros2/install/base_msgs_per/include/base_msgs_per/base_msgs_per/msg/detail/plot_info__type_support.h
[12.192s] -- Installing: /home/abc/perception_with_ros2/install/base_msgs_per/include/base_msgs_per/base_msgs_per/msg/detail/referline_point__functions.c
[12.192s] -- Installing: /home/abc/perception_with_ros2/install/base_msgs_per/include/base_msgs_per/base_msgs_per/msg/detail/local_path__type_support.h
[12.192s] -- Installing: /home/abc/perception_with_ros2/install/base_msgs_per/include/base_msgs_per/base_msgs_per/msg/detail/plot_info__functions.h
[12.192s] -- Installing: /home/abc/perception_with_ros2/install/base_msgs_per/include/base_msgs_per/base_msgs_per/msg/detail/pnc_map__type_support.h
[12.192s] -- Installing: /home/abc/perception_with_ros2/install/base_msgs_per/include/base_msgs_per/base_msgs_per/msg/detail/pnc_map__functions.h
[12.192s] -- Installing: /home/abc/perception_with_ros2/install/base_msgs_per/include/base_msgs_per/base_msgs_per/msg/detail/local_trajectory_point__type_support.h
[12.193s] -- Installing: /home/abc/perception_with_ros2/install/base_msgs_per/include/base_msgs_per/base_msgs_per/msg/detail/local_speeds_point__functions.c
[12.193s] -- Installing: /home/abc/perception_with_ros2/install/base_msgs_per/include/base_msgs_per/base_msgs_per/msg/detail/referline_point__functions.h
[12.193s] -- Installing: /home/abc/perception_with_ros2/install/base_msgs_per/include/base_msgs_per/base_msgs_per/msg/referline_point.h
[12.193s] -- Installing: /home/abc/perception_with_ros2/install/base_msgs_per/include/base_msgs_per/base_msgs_per/msg/obs_info.h
[12.193s] -- Installing: /home/abc/perception_with_ros2/install/base_msgs_per/include/base_msgs_per/base_msgs_per/msg/referline.h
[12.193s] -- Installing: /home/abc/perception_with_ros2/install/base_msgs_per/include/base_msgs_per/base_msgs_per/msg/local_speeds_point.h
[12.193s] -- Installing: /home/abc/perception_with_ros2/install/base_msgs_per/include/base_msgs_per/base_msgs_per/msg/local_speeds.h
[12.193s] -- Installing: /home/abc/perception_with_ros2/install/base_msgs_per/include/base_msgs_per/base_msgs_per/msg/local_trajectory.h
[12.193s] -- Installing: /home/abc/perception_with_ros2/install/base_msgs_per/include/base_msgs_per/base_msgs_per/msg/local_path_point.h
[12.193s] -- Installing: /home/abc/perception_with_ros2/install/base_msgs_per/include/base_msgs_per/base_msgs_per/srv
[12.193s] -- Installing: /home/abc/perception_with_ros2/install/base_msgs_per/include/base_msgs_per/base_msgs_per/srv/detail
[12.193s] -- Installing: /home/abc/perception_with_ros2/install/base_msgs_per/include/base_msgs_per/base_msgs_per/srv/detail/global_path_service__functions.h
[12.194s] -- Installing: /home/abc/perception_with_ros2/install/base_msgs_per/include/base_msgs_per/base_msgs_per/srv/detail/pnc_map_service__struct.h
[12.194s] -- Installing: /home/abc/perception_with_ros2/install/base_msgs_per/include/base_msgs_per/base_msgs_per/srv/detail/pnc_map_service__functions.c
[12.194s] -- Installing: /home/abc/perception_with_ros2/install/base_msgs_per/include/base_msgs_per/base_msgs_per/srv/detail/global_path_service__type_support.h
[12.194s] -- Installing: /home/abc/perception_with_ros2/install/base_msgs_per/include/base_msgs_per/base_msgs_per/srv/detail/global_path_service__struct.h
[12.194s] -- Installing: /home/abc/perception_with_ros2/install/base_msgs_per/include/base_msgs_per/base_msgs_per/srv/detail/pnc_map_service__type_support.h
[12.194s] -- Installing: /home/abc/perception_with_ros2/install/base_msgs_per/include/base_msgs_per/base_msgs_per/srv/detail/global_path_service__functions.c
[12.194s] -- Installing: /home/abc/perception_with_ros2/install/base_msgs_per/include/base_msgs_per/base_msgs_per/srv/detail/pnc_map_service__functions.h
[12.194s] -- Installing: /home/abc/perception_with_ros2/install/base_msgs_per/include/base_msgs_per/base_msgs_per/srv/pnc_map_service.h
[12.194s] -- Installing: /home/abc/perception_with_ros2/install/base_msgs_per/include/base_msgs_per/base_msgs_per/srv/global_path_service.h
[12.194s] -- Installing: /home/abc/perception_with_ros2/install/base_msgs_per/share/base_msgs_per/environment/library_path.sh
[12.194s] -- Installing: /home/abc/perception_with_ros2/install/base_msgs_per/share/base_msgs_per/environment/library_path.dsv
[12.194s] -- Installing: /home/abc/perception_with_ros2/install/base_msgs_per/lib/libbase_msgs_per__rosidl_generator_c.so
[12.194s] -- Set non-toolchain portion of runtime path of "/home/abc/perception_with_ros2/install/base_msgs_per/lib/libbase_msgs_per__rosidl_generator_c.so" to ""
[12.195s] -- Up-to-date: /home/abc/perception_with_ros2/install/base_msgs_per/include/base_msgs_per/base_msgs_per
[12.195s] -- Up-to-date: /home/abc/perception_with_ros2/install/base_msgs_per/include/base_msgs_per/base_msgs_per/msg
[12.195s] -- Installing: /home/abc/perception_with_ros2/install/base_msgs_per/include/base_msgs_per/base_msgs_per/msg/rosidl_typesupport_fastrtps_c__visibility_control.h
[12.195s] -- Up-to-date: /home/abc/perception_with_ros2/install/base_msgs_per/include/base_msgs_per/base_msgs_per/msg/detail
[12.195s] -- Installing: /home/abc/perception_with_ros2/install/base_msgs_per/include/base_msgs_per/base_msgs_per/msg/detail/obs_info__rosidl_typesupport_fastrtps_c.h
[12.195s] -- Installing: /home/abc/perception_with_ros2/install/base_msgs_per/include/base_msgs_per/base_msgs_per/msg/detail/local_trajectory_point__rosidl_typesupport_fastrtps_c.h
[12.195s] -- Installing: /home/abc/perception_with_ros2/install/base_msgs_per/include/base_msgs_per/base_msgs_per/msg/detail/local_speeds__rosidl_typesupport_fastrtps_c.h
[12.195s] -- Installing: /home/abc/perception_with_ros2/install/base_msgs_per/include/base_msgs_per/base_msgs_per/msg/detail/local_speeds_point__rosidl_typesupport_fastrtps_c.h
[12.195s] -- Installing: /home/abc/perception_with_ros2/install/base_msgs_per/include/base_msgs_per/base_msgs_per/msg/detail/plot_info__rosidl_typesupport_fastrtps_c.h
[12.195s] -- Installing: /home/abc/perception_with_ros2/install/base_msgs_per/include/base_msgs_per/base_msgs_per/msg/detail/local_trajectory__rosidl_typesupport_fastrtps_c.h
[12.195s] -- Installing: /home/abc/perception_with_ros2/install/base_msgs_per/include/base_msgs_per/base_msgs_per/msg/detail/local_path_point__rosidl_typesupport_fastrtps_c.h
[12.195s] -- Installing: /home/abc/perception_with_ros2/install/base_msgs_per/include/base_msgs_per/base_msgs_per/msg/detail/referline_point__rosidl_typesupport_fastrtps_c.h
[12.196s] -- Installing: /home/abc/perception_with_ros2/install/base_msgs_per/include/base_msgs_per/base_msgs_per/msg/detail/pnc_map__rosidl_typesupport_fastrtps_c.h
[12.196s] -- Installing: /home/abc/perception_with_ros2/install/base_msgs_per/include/base_msgs_per/base_msgs_per/msg/detail/referline__rosidl_typesupport_fastrtps_c.h
[12.196s] -- Installing: /home/abc/perception_with_ros2/install/base_msgs_per/include/base_msgs_per/base_msgs_per/msg/detail/local_path__rosidl_typesupport_fastrtps_c.h
[12.196s] -- Up-to-date: /home/abc/perception_with_ros2/install/base_msgs_per/include/base_msgs_per/base_msgs_per/srv
[12.196s] -- Up-to-date: /home/abc/perception_with_ros2/install/base_msgs_per/include/base_msgs_per/base_msgs_per/srv/detail
[12.196s] -- Installing: /home/abc/perception_with_ros2/install/base_msgs_per/include/base_msgs_per/base_msgs_per/srv/detail/pnc_map_service__rosidl_typesupport_fastrtps_c.h
[12.196s] -- Installing: /home/abc/perception_with_ros2/install/base_msgs_per/include/base_msgs_per/base_msgs_per/srv/detail/global_path_service__rosidl_typesupport_fastrtps_c.h
[12.196s] -- Installing: /home/abc/perception_with_ros2/install/base_msgs_per/lib/libbase_msgs_per__rosidl_typesupport_fastrtps_c.so
[12.196s] -- Set non-toolchain portion of runtime path of "/home/abc/perception_with_ros2/install/base_msgs_per/lib/libbase_msgs_per__rosidl_typesupport_fastrtps_c.so" to ""
[12.196s] -- Up-to-date: /home/abc/perception_with_ros2/install/base_msgs_per/include/base_msgs_per/base_msgs_per
[12.196s] -- Up-to-date: /home/abc/perception_with_ros2/install/base_msgs_per/include/base_msgs_per/base_msgs_per/msg
[12.196s] -- Installing: /home/abc/perception_with_ros2/install/base_msgs_per/include/base_msgs_per/base_msgs_per/msg/rosidl_typesupport_introspection_c__visibility_control.h
[12.196s] -- Up-to-date: /home/abc/perception_with_ros2/install/base_msgs_per/include/base_msgs_per/base_msgs_per/msg/detail
[12.196s] -- Installing: /home/abc/perception_with_ros2/install/base_msgs_per/include/base_msgs_per/base_msgs_per/msg/detail/local_trajectory__type_support.c
[12.197s] -- Installing: /home/abc/perception_with_ros2/install/base_msgs_per/include/base_msgs_per/base_msgs_per/msg/detail/local_path_point__rosidl_typesupport_introspection_c.h
[12.197s] -- Installing: /home/abc/perception_with_ros2/install/base_msgs_per/include/base_msgs_per/base_msgs_per/msg/detail/local_speeds_point__type_support.c
[12.197s] -- Installing: /home/abc/perception_with_ros2/install/base_msgs_per/include/base_msgs_per/base_msgs_per/msg/detail/referline__type_support.c
[12.197s] -- Installing: /home/abc/perception_with_ros2/install/base_msgs_per/include/base_msgs_per/base_msgs_per/msg/detail/pnc_map__rosidl_typesupport_introspection_c.h
[12.197s] -- Installing: /home/abc/perception_with_ros2/install/base_msgs_per/include/base_msgs_per/base_msgs_per/msg/detail/local_speeds_point__rosidl_typesupport_introspection_c.h
[12.197s] -- Installing: /home/abc/perception_with_ros2/install/base_msgs_per/include/base_msgs_per/base_msgs_per/msg/detail/local_trajectory__rosidl_typesupport_introspection_c.h
[12.197s] -- Installing: /home/abc/perception_with_ros2/install/base_msgs_per/include/base_msgs_per/base_msgs_per/msg/detail/local_speeds__type_support.c
[12.197s] -- Installing: /home/abc/perception_with_ros2/install/base_msgs_per/include/base_msgs_per/base_msgs_per/msg/detail/referline_point__type_support.c
[12.197s] -- Installing: /home/abc/perception_with_ros2/install/base_msgs_per/include/base_msgs_per/base_msgs_per/msg/detail/referline_point__rosidl_typesupport_introspection_c.h
[12.197s] -- Installing: /home/abc/perception_with_ros2/install/base_msgs_per/include/base_msgs_per/base_msgs_per/msg/detail/pnc_map__type_support.c
[12.197s] -- Installing: /home/abc/perception_with_ros2/install/base_msgs_per/include/base_msgs_per/base_msgs_per/msg/detail/referline__rosidl_typesupport_introspection_c.h
[12.198s] -- Installing: /home/abc/perception_with_ros2/install/base_msgs_per/include/base_msgs_per/base_msgs_per/msg/detail/local_trajectory_point__rosidl_typesupport_introspection_c.h
[12.198s] -- Installing: /home/abc/perception_with_ros2/install/base_msgs_per/include/base_msgs_per/base_msgs_per/msg/detail/obs_info__rosidl_typesupport_introspection_c.h
[12.198s] -- Installing: /home/abc/perception_with_ros2/install/base_msgs_per/include/base_msgs_per/base_msgs_per/msg/detail/obs_info__type_support.c
[12.198s] -- Installing: /home/abc/perception_with_ros2/install/base_msgs_per/include/base_msgs_per/base_msgs_per/msg/detail/local_path__type_support.c
[12.198s] -- Installing: /home/abc/perception_with_ros2/install/base_msgs_per/include/base_msgs_per/base_msgs_per/msg/detail/local_path_point__type_support.c
[12.198s] -- Installing: /home/abc/perception_with_ros2/install/base_msgs_per/include/base_msgs_per/base_msgs_per/msg/detail/local_trajectory_point__type_support.c
[12.198s] -- Installing: /home/abc/perception_with_ros2/install/base_msgs_per/include/base_msgs_per/base_msgs_per/msg/detail/plot_info__type_support.c
[12.198s] -- Installing: /home/abc/perception_with_ros2/install/base_msgs_per/include/base_msgs_per/base_msgs_per/msg/detail/local_speeds__rosidl_typesupport_introspection_c.h
[12.198s] -- Installing: /home/abc/perception_with_ros2/install/base_msgs_per/include/base_msgs_per/base_msgs_per/msg/detail/local_path__rosidl_typesupport_introspection_c.h
[12.198s] -- Installing: /home/abc/perception_with_ros2/install/base_msgs_per/include/base_msgs_per/base_msgs_per/msg/detail/plot_info__rosidl_typesupport_introspection_c.h
[12.198s] -- Up-to-date: /home/abc/perception_with_ros2/install/base_msgs_per/include/base_msgs_per/base_msgs_per/srv
[12.198s] -- Up-to-date: /home/abc/perception_with_ros2/install/base_msgs_per/include/base_msgs_per/base_msgs_per/srv/detail
[12.199s] -- Installing: /home/abc/perception_with_ros2/install/base_msgs_per/include/base_msgs_per/base_msgs_per/srv/detail/global_path_service__type_support.c
[12.199s] -- Installing: /home/abc/perception_with_ros2/install/base_msgs_per/include/base_msgs_per/base_msgs_per/srv/detail/global_path_service__rosidl_typesupport_introspection_c.h
[12.199s] -- Installing: /home/abc/perception_with_ros2/install/base_msgs_per/include/base_msgs_per/base_msgs_per/srv/detail/pnc_map_service__rosidl_typesupport_introspection_c.h
[12.199s] -- Installing: /home/abc/perception_with_ros2/install/base_msgs_per/include/base_msgs_per/base_msgs_per/srv/detail/pnc_map_service__type_support.c
[12.199s] -- Installing: /home/abc/perception_with_ros2/install/base_msgs_per/lib/libbase_msgs_per__rosidl_typesupport_introspection_c.so
[12.199s] -- Set non-toolchain portion of runtime path of "/home/abc/perception_with_ros2/install/base_msgs_per/lib/libbase_msgs_per__rosidl_typesupport_introspection_c.so" to ""
[12.199s] -- Installing: /home/abc/perception_with_ros2/install/base_msgs_per/lib/libbase_msgs_per__rosidl_typesupport_c.so
[12.199s] -- Set non-toolchain portion of runtime path of "/home/abc/perception_with_ros2/install/base_msgs_per/lib/libbase_msgs_per__rosidl_typesupport_c.so" to ""
[12.199s] -- Up-to-date: /home/abc/perception_with_ros2/install/base_msgs_per/include/base_msgs_per/base_msgs_per
[12.199s] -- Up-to-date: /home/abc/perception_with_ros2/install/base_msgs_per/include/base_msgs_per/base_msgs_per/msg
[12.199s] -- Installing: /home/abc/perception_with_ros2/install/base_msgs_per/include/base_msgs_per/base_msgs_per/msg/local_speeds.hpp
[12.199s] -- Installing: /home/abc/perception_with_ros2/install/base_msgs_per/include/base_msgs_per/base_msgs_per/msg/local_path_point.hpp
[12.200s] -- Up-to-date: /home/abc/perception_with_ros2/install/base_msgs_per/include/base_msgs_per/base_msgs_per/msg/detail
[12.200s] -- Installing: /home/abc/perception_with_ros2/install/base_msgs_per/include/base_msgs_per/base_msgs_per/msg/detail/pnc_map__traits.hpp
[12.200s] -- Installing: /home/abc/perception_with_ros2/install/base_msgs_per/include/base_msgs_per/base_msgs_per/msg/detail/local_trajectory_point__type_support.hpp
[12.200s] -- Installing: /home/abc/perception_with_ros2/install/base_msgs_per/include/base_msgs_per/base_msgs_per/msg/detail/obs_info__builder.hpp
[12.200s] -- Installing: /home/abc/perception_with_ros2/install/base_msgs_per/include/base_msgs_per/base_msgs_per/msg/detail/referline_point__type_support.hpp
[12.200s] -- Installing: /home/abc/perception_with_ros2/install/base_msgs_per/include/base_msgs_per/base_msgs_per/msg/detail/local_path__struct.hpp
[12.200s] -- Installing: /home/abc/perception_with_ros2/install/base_msgs_per/include/base_msgs_per/base_msgs_per/msg/detail/plot_info__struct.hpp
[12.200s] -- Installing: /home/abc/perception_with_ros2/install/base_msgs_per/include/base_msgs_per/base_msgs_per/msg/detail/pnc_map__builder.hpp
[12.200s] -- Installing: /home/abc/perception_with_ros2/install/base_msgs_per/include/base_msgs_per/base_msgs_per/msg/detail/plot_info__builder.hpp
[12.200s] -- Installing: /home/abc/perception_with_ros2/install/base_msgs_per/include/base_msgs_per/base_msgs_per/msg/detail/referline__traits.hpp
[12.200s] -- Installing: /home/abc/perception_with_ros2/install/base_msgs_per/include/base_msgs_per/base_msgs_per/msg/detail/local_speeds_point__struct.hpp
[12.201s] -- Installing: /home/abc/perception_with_ros2/install/base_msgs_per/include/base_msgs_per/base_msgs_per/msg/detail/local_trajectory__type_support.hpp
[12.201s] -- Installing: /home/abc/perception_with_ros2/install/base_msgs_per/include/base_msgs_per/base_msgs_per/msg/detail/local_path_point__struct.hpp
[12.201s] -- Installing: /home/abc/perception_with_ros2/install/base_msgs_per/include/base_msgs_per/base_msgs_per/msg/detail/local_speeds__builder.hpp
[12.201s] -- Installing: /home/abc/perception_with_ros2/install/base_msgs_per/include/base_msgs_per/base_msgs_per/msg/detail/local_path__traits.hpp
[12.201s] -- Installing: /home/abc/perception_with_ros2/install/base_msgs_per/include/base_msgs_per/base_msgs_per/msg/detail/local_trajectory__struct.hpp
[12.201s] -- Installing: /home/abc/perception_with_ros2/install/base_msgs_per/include/base_msgs_per/base_msgs_per/msg/detail/local_speeds_point__traits.hpp
[12.201s] -- Installing: /home/abc/perception_with_ros2/install/base_msgs_per/include/base_msgs_per/base_msgs_per/msg/detail/local_speeds_point__type_support.hpp
[12.201s] -- Installing: /home/abc/perception_with_ros2/install/base_msgs_per/include/base_msgs_per/base_msgs_per/msg/detail/local_path__builder.hpp
[12.201s] -- Installing: /home/abc/perception_with_ros2/install/base_msgs_per/include/base_msgs_per/base_msgs_per/msg/detail/plot_info__type_support.hpp
[12.201s] -- Installing: /home/abc/perception_with_ros2/install/base_msgs_per/include/base_msgs_per/base_msgs_per/msg/detail/referline_point__builder.hpp
[12.201s] -- Installing: /home/abc/perception_with_ros2/install/base_msgs_per/include/base_msgs_per/base_msgs_per/msg/detail/obs_info__type_support.hpp
[12.201s] -- Installing: /home/abc/perception_with_ros2/install/base_msgs_per/include/base_msgs_per/base_msgs_per/msg/detail/referline__builder.hpp
[12.202s] -- Installing: /home/abc/perception_with_ros2/install/base_msgs_per/include/base_msgs_per/base_msgs_per/msg/detail/pnc_map__struct.hpp
[12.202s] -- Installing: /home/abc/perception_with_ros2/install/base_msgs_per/include/base_msgs_per/base_msgs_per/msg/detail/local_path_point__traits.hpp
[12.202s] -- Installing: /home/abc/perception_with_ros2/install/base_msgs_per/include/base_msgs_per/base_msgs_per/msg/detail/local_speeds__type_support.hpp
[12.202s] -- Installing: /home/abc/perception_with_ros2/install/base_msgs_per/include/base_msgs_per/base_msgs_per/msg/detail/obs_info__traits.hpp
[12.202s] -- Installing: /home/abc/perception_with_ros2/install/base_msgs_per/include/base_msgs_per/base_msgs_per/msg/detail/local_trajectory__builder.hpp
[12.202s] -- Installing: /home/abc/perception_with_ros2/install/base_msgs_per/include/base_msgs_per/base_msgs_per/msg/detail/local_trajectory__traits.hpp
[12.202s] -- Installing: /home/abc/perception_with_ros2/install/base_msgs_per/include/base_msgs_per/base_msgs_per/msg/detail/referline__struct.hpp
[12.202s] -- Installing: /home/abc/perception_with_ros2/install/base_msgs_per/include/base_msgs_per/base_msgs_per/msg/detail/referline__type_support.hpp
[12.202s] -- Installing: /home/abc/perception_with_ros2/install/base_msgs_per/include/base_msgs_per/base_msgs_per/msg/detail/referline_point__struct.hpp
[12.202s] -- Installing: /home/abc/perception_with_ros2/install/base_msgs_per/include/base_msgs_per/base_msgs_per/msg/detail/plot_info__traits.hpp
[12.202s] -- Installing: /home/abc/perception_with_ros2/install/base_msgs_per/include/base_msgs_per/base_msgs_per/msg/detail/local_trajectory_point__builder.hpp
[12.202s] -- Installing: /home/abc/perception_with_ros2/install/base_msgs_per/include/base_msgs_per/base_msgs_per/msg/detail/local_speeds__traits.hpp
[12.203s] -- Installing: /home/abc/perception_with_ros2/install/base_msgs_per/include/base_msgs_per/base_msgs_per/msg/detail/local_trajectory_point__traits.hpp
[12.203s] -- Installing: /home/abc/perception_with_ros2/install/base_msgs_per/include/base_msgs_per/base_msgs_per/msg/detail/local_path__type_support.hpp
[12.203s] -- Installing: /home/abc/perception_with_ros2/install/base_msgs_per/include/base_msgs_per/base_msgs_per/msg/detail/local_path_point__type_support.hpp
[12.203s] -- Installing: /home/abc/perception_with_ros2/install/base_msgs_per/include/base_msgs_per/base_msgs_per/msg/detail/local_trajectory_point__struct.hpp
[12.203s] -- Installing: /home/abc/perception_with_ros2/install/base_msgs_per/include/base_msgs_per/base_msgs_per/msg/detail/obs_info__struct.hpp
[12.203s] -- Installing: /home/abc/perception_with_ros2/install/base_msgs_per/include/base_msgs_per/base_msgs_per/msg/detail/referline_point__traits.hpp
[12.203s] -- Installing: /home/abc/perception_with_ros2/install/base_msgs_per/include/base_msgs_per/base_msgs_per/msg/detail/local_speeds_point__builder.hpp
[12.203s] -- Installing: /home/abc/perception_with_ros2/install/base_msgs_per/include/base_msgs_per/base_msgs_per/msg/detail/pnc_map__type_support.hpp
[12.203s] -- Installing: /home/abc/perception_with_ros2/install/base_msgs_per/include/base_msgs_per/base_msgs_per/msg/detail/local_speeds__struct.hpp
[12.203s] -- Installing: /home/abc/perception_with_ros2/install/base_msgs_per/include/base_msgs_per/base_msgs_per/msg/detail/local_path_point__builder.hpp
[12.203s] -- Installing: /home/abc/perception_with_ros2/install/base_msgs_per/include/base_msgs_per/base_msgs_per/msg/local_path.hpp
[12.203s] -- Installing: /home/abc/perception_with_ros2/install/base_msgs_per/include/base_msgs_per/base_msgs_per/msg/rosidl_generator_cpp__visibility_control.hpp
[12.204s] -- Installing: /home/abc/perception_with_ros2/install/base_msgs_per/include/base_msgs_per/base_msgs_per/msg/referline.hpp
[12.204s] -- Installing: /home/abc/perception_with_ros2/install/base_msgs_per/include/base_msgs_per/base_msgs_per/msg/local_trajectory_point.hpp
[12.204s] -- Installing: /home/abc/perception_with_ros2/install/base_msgs_per/include/base_msgs_per/base_msgs_per/msg/obs_info.hpp
[12.204s] -- Installing: /home/abc/perception_with_ros2/install/base_msgs_per/include/base_msgs_per/base_msgs_per/msg/plot_info.hpp
[12.204s] -- Installing: /home/abc/perception_with_ros2/install/base_msgs_per/include/base_msgs_per/base_msgs_per/msg/local_trajectory.hpp
[12.204s] -- Installing: /home/abc/perception_with_ros2/install/base_msgs_per/include/base_msgs_per/base_msgs_per/msg/local_speeds_point.hpp
[12.204s] -- Installing: /home/abc/perception_with_ros2/install/base_msgs_per/include/base_msgs_per/base_msgs_per/msg/pnc_map.hpp
[12.204s] -- Installing: /home/abc/perception_with_ros2/install/base_msgs_per/include/base_msgs_per/base_msgs_per/msg/referline_point.hpp
[12.204s] -- Up-to-date: /home/abc/perception_with_ros2/install/base_msgs_per/include/base_msgs_per/base_msgs_per/srv
[12.204s] -- Installing: /home/abc/perception_with_ros2/install/base_msgs_per/include/base_msgs_per/base_msgs_per/srv/pnc_map_service.hpp
[12.204s] -- Up-to-date: /home/abc/perception_with_ros2/install/base_msgs_per/include/base_msgs_per/base_msgs_per/srv/detail
[12.205s] -- Installing: /home/abc/perception_with_ros2/install/base_msgs_per/include/base_msgs_per/base_msgs_per/srv/detail/global_path_service__builder.hpp
[12.205s] -- Installing: /home/abc/perception_with_ros2/install/base_msgs_per/include/base_msgs_per/base_msgs_per/srv/detail/pnc_map_service__traits.hpp
[12.205s] -- Installing: /home/abc/perception_with_ros2/install/base_msgs_per/include/base_msgs_per/base_msgs_per/srv/detail/pnc_map_service__type_support.hpp
[12.205s] -- Installing: /home/abc/perception_with_ros2/install/base_msgs_per/include/base_msgs_per/base_msgs_per/srv/detail/global_path_service__struct.hpp
[12.205s] -- Installing: /home/abc/perception_with_ros2/install/base_msgs_per/include/base_msgs_per/base_msgs_per/srv/detail/pnc_map_service__builder.hpp
[12.205s] -- Installing: /home/abc/perception_with_ros2/install/base_msgs_per/include/base_msgs_per/base_msgs_per/srv/detail/global_path_service__type_support.hpp
[12.205s] -- Installing: /home/abc/perception_with_ros2/install/base_msgs_per/include/base_msgs_per/base_msgs_per/srv/detail/global_path_service__traits.hpp
[12.205s] -- Installing: /home/abc/perception_with_ros2/install/base_msgs_per/include/base_msgs_per/base_msgs_per/srv/detail/pnc_map_service__struct.hpp
[12.205s] -- Installing: /home/abc/perception_with_ros2/install/base_msgs_per/include/base_msgs_per/base_msgs_per/srv/global_path_service.hpp
[12.205s] -- Up-to-date: /home/abc/perception_with_ros2/install/base_msgs_per/include/base_msgs_per/base_msgs_per
[12.205s] -- Up-to-date: /home/abc/perception_with_ros2/install/base_msgs_per/include/base_msgs_per/base_msgs_per/msg
[12.205s] -- Up-to-date: /home/abc/perception_with_ros2/install/base_msgs_per/include/base_msgs_per/base_msgs_per/msg/detail
[12.205s] -- Installing: /home/abc/perception_with_ros2/install/base_msgs_per/include/base_msgs_per/base_msgs_per/msg/detail/local_path__rosidl_typesupport_fastrtps_cpp.hpp
[12.206s] -- Installing: /home/abc/perception_with_ros2/install/base_msgs_per/include/base_msgs_per/base_msgs_per/msg/detail/referline__rosidl_typesupport_fastrtps_cpp.hpp
[12.206s] -- Installing: /home/abc/perception_with_ros2/install/base_msgs_per/include/base_msgs_per/base_msgs_per/msg/detail/local_trajectory__rosidl_typesupport_fastrtps_cpp.hpp
[12.206s] -- Installing: /home/abc/perception_with_ros2/install/base_msgs_per/include/base_msgs_per/base_msgs_per/msg/detail/local_trajectory_point__rosidl_typesupport_fastrtps_cpp.hpp
[12.206s] -- Installing: /home/abc/perception_with_ros2/install/base_msgs_per/include/base_msgs_per/base_msgs_per/msg/detail/obs_info__rosidl_typesupport_fastrtps_cpp.hpp
[12.206s] -- Installing: /home/abc/perception_with_ros2/install/base_msgs_per/include/base_msgs_per/base_msgs_per/msg/detail/local_path_point__rosidl_typesupport_fastrtps_cpp.hpp
[12.206s] -- Installing: /home/abc/perception_with_ros2/install/base_msgs_per/include/base_msgs_per/base_msgs_per/msg/detail/referline_point__rosidl_typesupport_fastrtps_cpp.hpp
[12.206s] -- Installing: /home/abc/perception_with_ros2/install/base_msgs_per/include/base_msgs_per/base_msgs_per/msg/detail/pnc_map__rosidl_typesupport_fastrtps_cpp.hpp
[12.206s] -- Installing: /home/abc/perception_with_ros2/install/base_msgs_per/include/base_msgs_per/base_msgs_per/msg/detail/local_speeds__rosidl_typesupport_fastrtps_cpp.hpp
[12.206s] -- Installing: /home/abc/perception_with_ros2/install/base_msgs_per/include/base_msgs_per/base_msgs_per/msg/detail/dds_fastrtps
[12.206s] -- Installing: /home/abc/perception_with_ros2/install/base_msgs_per/include/base_msgs_per/base_msgs_per/msg/detail/local_speeds_point__rosidl_typesupport_fastrtps_cpp.hpp
[12.206s] -- Installing: /home/abc/perception_with_ros2/install/base_msgs_per/include/base_msgs_per/base_msgs_per/msg/detail/plot_info__rosidl_typesupport_fastrtps_cpp.hpp
[12.206s] -- Installing: /home/abc/perception_with_ros2/install/base_msgs_per/include/base_msgs_per/base_msgs_per/msg/rosidl_typesupport_fastrtps_cpp__visibility_control.h
[12.207s] -- Up-to-date: /home/abc/perception_with_ros2/install/base_msgs_per/include/base_msgs_per/base_msgs_per/srv
[12.207s] -- Up-to-date: /home/abc/perception_with_ros2/install/base_msgs_per/include/base_msgs_per/base_msgs_per/srv/detail
[12.207s] -- Installing: /home/abc/perception_with_ros2/install/base_msgs_per/include/base_msgs_per/base_msgs_per/srv/detail/global_path_service__rosidl_typesupport_fastrtps_cpp.hpp
[12.207s] -- Installing: /home/abc/perception_with_ros2/install/base_msgs_per/include/base_msgs_per/base_msgs_per/srv/detail/pnc_map_service__rosidl_typesupport_fastrtps_cpp.hpp
[12.207s] -- Installing: /home/abc/perception_with_ros2/install/base_msgs_per/include/base_msgs_per/base_msgs_per/srv/detail/dds_fastrtps
[12.207s] -- Installing: /home/abc/perception_with_ros2/install/base_msgs_per/lib/libbase_msgs_per__rosidl_typesupport_fastrtps_cpp.so
[12.207s] -- Set non-toolchain portion of runtime path of "/home/abc/perception_with_ros2/install/base_msgs_per/lib/libbase_msgs_per__rosidl_typesupport_fastrtps_cpp.so" to ""
[12.207s] -- Up-to-date: /home/abc/perception_with_ros2/install/base_msgs_per/include/base_msgs_per/base_msgs_per
[12.207s] -- Up-to-date: /home/abc/perception_with_ros2/install/base_msgs_per/include/base_msgs_per/base_msgs_per/msg
[12.207s] -- Up-to-date: /home/abc/perception_with_ros2/install/base_msgs_per/include/base_msgs_per/base_msgs_per/msg/detail
[12.207s] -- Installing: /home/abc/perception_with_ros2/install/base_msgs_per/include/base_msgs_per/base_msgs_per/msg/detail/local_trajectory__type_support.cpp
[12.207s] -- Installing: /home/abc/perception_with_ros2/install/base_msgs_per/include/base_msgs_per/base_msgs_per/msg/detail/local_speeds_point__type_support.cpp
[12.207s] -- Installing: /home/abc/perception_with_ros2/install/base_msgs_per/include/base_msgs_per/base_msgs_per/msg/detail/local_speeds_point__rosidl_typesupport_introspection_cpp.hpp
[12.208s] -- Installing: /home/abc/perception_with_ros2/install/base_msgs_per/include/base_msgs_per/base_msgs_per/msg/detail/pnc_map__type_support.cpp
[12.208s] -- Installing: /home/abc/perception_with_ros2/install/base_msgs_per/include/base_msgs_per/base_msgs_per/msg/detail/referline__type_support.cpp
[12.208s] -- Installing: /home/abc/perception_with_ros2/install/base_msgs_per/include/base_msgs_per/base_msgs_per/msg/detail/obs_info__rosidl_typesupport_introspection_cpp.hpp
[12.208s] -- Installing: /home/abc/perception_with_ros2/install/base_msgs_per/include/base_msgs_per/base_msgs_per/msg/detail/referline__rosidl_typesupport_introspection_cpp.hpp
[12.208s] -- Installing: /home/abc/perception_with_ros2/install/base_msgs_per/include/base_msgs_per/base_msgs_per/msg/detail/local_speeds__type_support.cpp
[12.208s] -- Installing: /home/abc/perception_with_ros2/install/base_msgs_per/include/base_msgs_per/base_msgs_per/msg/detail/local_trajectory_point__rosidl_typesupport_introspection_cpp.hpp
[12.208s] -- Installing: /home/abc/perception_with_ros2/install/base_msgs_per/include/base_msgs_per/base_msgs_per/msg/detail/plot_info__type_support.cpp
[12.208s] -- Installing: /home/abc/perception_with_ros2/install/base_msgs_per/include/base_msgs_per/base_msgs_per/msg/detail/local_path__rosidl_typesupport_introspection_cpp.hpp
[12.208s] -- Installing: /home/abc/perception_with_ros2/install/base_msgs_per/include/base_msgs_per/base_msgs_per/msg/detail/local_path_point__type_support.cpp
[12.208s] -- Installing: /home/abc/perception_with_ros2/install/base_msgs_per/include/base_msgs_per/base_msgs_per/msg/detail/pnc_map__rosidl_typesupport_introspection_cpp.hpp
[12.208s] -- Installing: /home/abc/perception_with_ros2/install/base_msgs_per/include/base_msgs_per/base_msgs_per/msg/detail/plot_info__rosidl_typesupport_introspection_cpp.hpp
[12.208s] -- Installing: /home/abc/perception_with_ros2/install/base_msgs_per/include/base_msgs_per/base_msgs_per/msg/detail/local_trajectory__rosidl_typesupport_introspection_cpp.hpp
[12.209s] -- Installing: /home/abc/perception_with_ros2/install/base_msgs_per/include/base_msgs_per/base_msgs_per/msg/detail/referline_point__type_support.cpp
[12.209s] -- Installing: /home/abc/perception_with_ros2/install/base_msgs_per/include/base_msgs_per/base_msgs_per/msg/detail/obs_info__type_support.cpp
[12.209s] -- Installing: /home/abc/perception_with_ros2/install/base_msgs_per/include/base_msgs_per/base_msgs_per/msg/detail/referline_point__rosidl_typesupport_introspection_cpp.hpp
[12.209s] -- Installing: /home/abc/perception_with_ros2/install/base_msgs_per/include/base_msgs_per/base_msgs_per/msg/detail/local_speeds__rosidl_typesupport_introspection_cpp.hpp
[12.209s] -- Installing: /home/abc/perception_with_ros2/install/base_msgs_per/include/base_msgs_per/base_msgs_per/msg/detail/local_path__type_support.cpp
[12.209s] -- Installing: /home/abc/perception_with_ros2/install/base_msgs_per/include/base_msgs_per/base_msgs_per/msg/detail/local_trajectory_point__type_support.cpp
[12.209s] -- Installing: /home/abc/perception_with_ros2/install/base_msgs_per/include/base_msgs_per/base_msgs_per/msg/detail/local_path_point__rosidl_typesupport_introspection_cpp.hpp
[12.209s] -- Up-to-date: /home/abc/perception_with_ros2/install/base_msgs_per/include/base_msgs_per/base_msgs_per/srv
[12.209s] -- Up-to-date: /home/abc/perception_with_ros2/install/base_msgs_per/include/base_msgs_per/base_msgs_per/srv/detail
[12.209s] -- Installing: /home/abc/perception_with_ros2/install/base_msgs_per/include/base_msgs_per/base_msgs_per/srv/detail/pnc_map_service__rosidl_typesupport_introspection_cpp.hpp
[12.209s] -- Installing: /home/abc/perception_with_ros2/install/base_msgs_per/include/base_msgs_per/base_msgs_per/srv/detail/pnc_map_service__type_support.cpp
[12.209s] -- Installing: /home/abc/perception_with_ros2/install/base_msgs_per/include/base_msgs_per/base_msgs_per/srv/detail/global_path_service__type_support.cpp
[12.210s] -- Installing: /home/abc/perception_with_ros2/install/base_msgs_per/include/base_msgs_per/base_msgs_per/srv/detail/global_path_service__rosidl_typesupport_introspection_cpp.hpp
[12.210s] -- Installing: /home/abc/perception_with_ros2/install/base_msgs_per/lib/libbase_msgs_per__rosidl_typesupport_introspection_cpp.so
[12.210s] -- Set non-toolchain portion of runtime path of "/home/abc/perception_with_ros2/install/base_msgs_per/lib/libbase_msgs_per__rosidl_typesupport_introspection_cpp.so" to ""
[12.210s] -- Installing: /home/abc/perception_with_ros2/install/base_msgs_per/lib/libbase_msgs_per__rosidl_typesupport_cpp.so
[12.210s] -- Set non-toolchain portion of runtime path of "/home/abc/perception_with_ros2/install/base_msgs_per/lib/libbase_msgs_per__rosidl_typesupport_cpp.so" to ""
[12.210s] -- Installing: /home/abc/perception_with_ros2/install/base_msgs_per/share/base_msgs_per/environment/pythonpath.sh
[12.210s] -- Installing: /home/abc/perception_with_ros2/install/base_msgs_per/share/base_msgs_per/environment/pythonpath.dsv
[12.210s] -- Installing: /home/abc/perception_with_ros2/install/base_msgs_per/local/lib/python3.10/dist-packages/base_msgs_per-0.0.0-py3.10.egg-info
[12.210s] -- Installing: /home/abc/perception_with_ros2/install/base_msgs_per/local/lib/python3.10/dist-packages/base_msgs_per-0.0.0-py3.10.egg-info/dependency_links.txt
[12.210s] -- Installing: /home/abc/perception_with_ros2/install/base_msgs_per/local/lib/python3.10/dist-packages/base_msgs_per-0.0.0-py3.10.egg-info/SOURCES.txt
[12.211s] -- Installing: /home/abc/perception_with_ros2/install/base_msgs_per/local/lib/python3.10/dist-packages/base_msgs_per-0.0.0-py3.10.egg-info/top_level.txt
[12.211s] -- Installing: /home/abc/perception_with_ros2/install/base_msgs_per/local/lib/python3.10/dist-packages/base_msgs_per-0.0.0-py3.10.egg-info/PKG-INFO
[12.211s] -- Installing: /home/abc/perception_with_ros2/install/base_msgs_per/local/lib/python3.10/dist-packages/base_msgs_per
[12.211s] -- Installing: /home/abc/perception_with_ros2/install/base_msgs_per/local/lib/python3.10/dist-packages/base_msgs_per/_base_msgs_per_s.ep.rosidl_typesupport_fastrtps_c.c
[12.211s] -- Installing: /home/abc/perception_with_ros2/install/base_msgs_per/local/lib/python3.10/dist-packages/base_msgs_per/msg
[12.211s] -- Installing: /home/abc/perception_with_ros2/install/base_msgs_per/local/lib/python3.10/dist-packages/base_msgs_per/msg/_obs_info.py
[12.211s] -- Installing: /home/abc/perception_with_ros2/install/base_msgs_per/local/lib/python3.10/dist-packages/base_msgs_per/msg/_referline_s.c
[12.211s] -- Installing: /home/abc/perception_with_ros2/install/base_msgs_per/local/lib/python3.10/dist-packages/base_msgs_per/msg/_local_path_s.c
[12.211s] -- Installing: /home/abc/perception_with_ros2/install/base_msgs_per/local/lib/python3.10/dist-packages/base_msgs_per/msg/_local_speeds.py
[12.211s] -- Installing: /home/abc/perception_with_ros2/install/base_msgs_per/local/lib/python3.10/dist-packages/base_msgs_per/msg/_local_path_point_s.c
[12.212s] -- Installing: /home/abc/perception_with_ros2/install/base_msgs_per/local/lib/python3.10/dist-packages/base_msgs_per/msg/_referline_point_s.c
[12.212s] -- Installing: /home/abc/perception_with_ros2/install/base_msgs_per/local/lib/python3.10/dist-packages/base_msgs_per/msg/_local_path.py
[12.212s] -- Installing: /home/abc/perception_with_ros2/install/base_msgs_per/local/lib/python3.10/dist-packages/base_msgs_per/msg/_local_trajectory_point.py
[12.212s] -- Installing: /home/abc/perception_with_ros2/install/base_msgs_per/local/lib/python3.10/dist-packages/base_msgs_per/msg/_local_speeds_s.c
[12.212s] -- Installing: /home/abc/perception_with_ros2/install/base_msgs_per/local/lib/python3.10/dist-packages/base_msgs_per/msg/_referline.py
[12.212s] -- Installing: /home/abc/perception_with_ros2/install/base_msgs_per/local/lib/python3.10/dist-packages/base_msgs_per/msg/_local_speeds_point.py
[12.212s] -- Installing: /home/abc/perception_with_ros2/install/base_msgs_per/local/lib/python3.10/dist-packages/base_msgs_per/msg/_pnc_map.py
[12.212s] -- Installing: /home/abc/perception_with_ros2/install/base_msgs_per/local/lib/python3.10/dist-packages/base_msgs_per/msg/__init__.py
[12.212s] -- Installing: /home/abc/perception_with_ros2/install/base_msgs_per/local/lib/python3.10/dist-packages/base_msgs_per/msg/_plot_info_s.c
[12.212s] -- Installing: /home/abc/perception_with_ros2/install/base_msgs_per/local/lib/python3.10/dist-packages/base_msgs_per/msg/_local_trajectory_s.c
[12.212s] -- Installing: /home/abc/perception_with_ros2/install/base_msgs_per/local/lib/python3.10/dist-packages/base_msgs_per/msg/_referline_point.py
[12.212s] -- Installing: /home/abc/perception_with_ros2/install/base_msgs_per/local/lib/python3.10/dist-packages/base_msgs_per/msg/_local_speeds_point_s.c
[12.213s] -- Installing: /home/abc/perception_with_ros2/install/base_msgs_per/local/lib/python3.10/dist-packages/base_msgs_per/msg/_local_path_point.py
[12.213s] -- Installing: /home/abc/perception_with_ros2/install/base_msgs_per/local/lib/python3.10/dist-packages/base_msgs_per/msg/_pnc_map_s.c
[12.213s] -- Installing: /home/abc/perception_with_ros2/install/base_msgs_per/local/lib/python3.10/dist-packages/base_msgs_per/msg/_local_trajectory.py
[12.213s] -- Installing: /home/abc/perception_with_ros2/install/base_msgs_per/local/lib/python3.10/dist-packages/base_msgs_per/msg/_local_trajectory_point_s.c
[12.213s] -- Installing: /home/abc/perception_with_ros2/install/base_msgs_per/local/lib/python3.10/dist-packages/base_msgs_per/msg/_plot_info.py
[12.213s] -- Installing: /home/abc/perception_with_ros2/install/base_msgs_per/local/lib/python3.10/dist-packages/base_msgs_per/msg/_obs_info_s.c
[12.213s] -- Installing: /home/abc/perception_with_ros2/install/base_msgs_per/local/lib/python3.10/dist-packages/base_msgs_per/_base_msgs_per_s.ep.rosidl_typesupport_introspection_c.c
[12.213s] -- Installing: /home/abc/perception_with_ros2/install/base_msgs_per/local/lib/python3.10/dist-packages/base_msgs_per/_base_msgs_per_s.ep.rosidl_typesupport_c.c
[12.213s] -- Installing: /home/abc/perception_with_ros2/install/base_msgs_per/local/lib/python3.10/dist-packages/base_msgs_per/__init__.py
[12.213s] -- Installing: /home/abc/perception_with_ros2/install/base_msgs_per/local/lib/python3.10/dist-packages/base_msgs_per/base_msgs_per_s__rosidl_typesupport_c.cpython-310-x86_64-linux-gnu.so
[12.213s] -- Installing: /home/abc/perception_with_ros2/install/base_msgs_per/local/lib/python3.10/dist-packages/base_msgs_per/base_msgs_per_s__rosidl_typesupport_introspection_c.cpython-310-x86_64-linux-gnu.so
[12.214s] -- Installing: /home/abc/perception_with_ros2/install/base_msgs_per/local/lib/python3.10/dist-packages/base_msgs_per/base_msgs_per_s__rosidl_typesupport_fastrtps_c.cpython-310-x86_64-linux-gnu.so
[12.214s] -- Installing: /home/abc/perception_with_ros2/install/base_msgs_per/local/lib/python3.10/dist-packages/base_msgs_per/libbase_msgs_per__rosidl_generator_py.so
[12.214s] -- Installing: /home/abc/perception_with_ros2/install/base_msgs_per/local/lib/python3.10/dist-packages/base_msgs_per/srv
[12.214s] -- Installing: /home/abc/perception_with_ros2/install/base_msgs_per/local/lib/python3.10/dist-packages/base_msgs_per/srv/_pnc_map_service.py
[12.214s] -- Installing: /home/abc/perception_with_ros2/install/base_msgs_per/local/lib/python3.10/dist-packages/base_msgs_per/srv/_global_path_service_s.c
[12.214s] -- Installing: /home/abc/perception_with_ros2/install/base_msgs_per/local/lib/python3.10/dist-packages/base_msgs_per/srv/__init__.py
[12.214s] -- Installing: /home/abc/perception_with_ros2/install/base_msgs_per/local/lib/python3.10/dist-packages/base_msgs_per/srv/_global_path_service.py
[12.214s] -- Installing: /home/abc/perception_with_ros2/install/base_msgs_per/local/lib/python3.10/dist-packages/base_msgs_per/srv/_pnc_map_service_s.c
[12.261s] Listing '/home/abc/perception_with_ros2/install/base_msgs_per/local/lib/python3.10/dist-packages/base_msgs_per'...
[12.261s] Compiling '/home/abc/perception_with_ros2/install/base_msgs_per/local/lib/python3.10/dist-packages/base_msgs_per/__init__.py'...
[12.261s] Listing '/home/abc/perception_with_ros2/install/base_msgs_per/local/lib/python3.10/dist-packages/base_msgs_per/msg'...
[12.261s] Compiling '/home/abc/perception_with_ros2/install/base_msgs_per/local/lib/python3.10/dist-packages/base_msgs_per/msg/__init__.py'...
[12.261s] Compiling '/home/abc/perception_with_ros2/install/base_msgs_per/local/lib/python3.10/dist-packages/base_msgs_per/msg/_local_path.py'...
[12.261s] Compiling '/home/abc/perception_with_ros2/install/base_msgs_per/local/lib/python3.10/dist-packages/base_msgs_per/msg/_local_path_point.py'...
[12.261s] Compiling '/home/abc/perception_with_ros2/install/base_msgs_per/local/lib/python3.10/dist-packages/base_msgs_per/msg/_local_speeds.py'...
[12.261s] Compiling '/home/abc/perception_with_ros2/install/base_msgs_per/local/lib/python3.10/dist-packages/base_msgs_per/msg/_local_speeds_point.py'...
[12.261s] Compiling '/home/abc/perception_with_ros2/install/base_msgs_per/local/lib/python3.10/dist-packages/base_msgs_per/msg/_local_trajectory.py'...
[12.261s] Compiling '/home/abc/perception_with_ros2/install/base_msgs_per/local/lib/python3.10/dist-packages/base_msgs_per/msg/_local_trajectory_point.py'...
[12.262s] Compiling '/home/abc/perception_with_ros2/install/base_msgs_per/local/lib/python3.10/dist-packages/base_msgs_per/msg/_obs_info.py'...
[12.262s] Compiling '/home/abc/perception_with_ros2/install/base_msgs_per/local/lib/python3.10/dist-packages/base_msgs_per/msg/_plot_info.py'...
[12.262s] Compiling '/home/abc/perception_with_ros2/install/base_msgs_per/local/lib/python3.10/dist-packages/base_msgs_per/msg/_pnc_map.py'...
[12.262s] Compiling '/home/abc/perception_with_ros2/install/base_msgs_per/local/lib/python3.10/dist-packages/base_msgs_per/msg/_referline.py'...
[12.262s] Compiling '/home/abc/perception_with_ros2/install/base_msgs_per/local/lib/python3.10/dist-packages/base_msgs_per/msg/_referline_point.py'...
[12.262s] Listing '/home/abc/perception_with_ros2/install/base_msgs_per/local/lib/python3.10/dist-packages/base_msgs_per/srv'...
[12.262s] Compiling '/home/abc/perception_with_ros2/install/base_msgs_per/local/lib/python3.10/dist-packages/base_msgs_per/srv/__init__.py'...
[12.262s] Compiling '/home/abc/perception_with_ros2/install/base_msgs_per/local/lib/python3.10/dist-packages/base_msgs_per/srv/_global_path_service.py'...
[12.262s] Compiling '/home/abc/perception_with_ros2/install/base_msgs_per/local/lib/python3.10/dist-packages/base_msgs_per/srv/_pnc_map_service.py'...
[12.266s] -- Installing: /home/abc/perception_with_ros2/install/base_msgs_per/local/lib/python3.10/dist-packages/base_msgs_per/base_msgs_per_s__rosidl_typesupport_fastrtps_c.cpython-310-x86_64-linux-gnu.so
[12.266s] -- Set non-toolchain portion of runtime path of "/home/abc/perception_with_ros2/install/base_msgs_per/local/lib/python3.10/dist-packages/base_msgs_per/base_msgs_per_s__rosidl_typesupport_fastrtps_c.cpython-310-x86_64-linux-gnu.so" to ""
[12.266s] -- Installing: /home/abc/perception_with_ros2/install/base_msgs_per/local/lib/python3.10/dist-packages/base_msgs_per/base_msgs_per_s__rosidl_typesupport_introspection_c.cpython-310-x86_64-linux-gnu.so
[12.266s] -- Set non-toolchain portion of runtime path of "/home/abc/perception_with_ros2/install/base_msgs_per/local/lib/python3.10/dist-packages/base_msgs_per/base_msgs_per_s__rosidl_typesupport_introspection_c.cpython-310-x86_64-linux-gnu.so" to ""
[12.266s] -- Installing: /home/abc/perception_with_ros2/install/base_msgs_per/local/lib/python3.10/dist-packages/base_msgs_per/base_msgs_per_s__rosidl_typesupport_c.cpython-310-x86_64-linux-gnu.so
[12.267s] -- Set non-toolchain portion of runtime path of "/home/abc/perception_with_ros2/install/base_msgs_per/local/lib/python3.10/dist-packages/base_msgs_per/base_msgs_per_s__rosidl_typesupport_c.cpython-310-x86_64-linux-gnu.so" to ""
[12.267s] -- Installing: /home/abc/perception_with_ros2/install/base_msgs_per/lib/libbase_msgs_per__rosidl_generator_py.so
[12.267s] -- Set non-toolchain portion of runtime path of "/home/abc/perception_with_ros2/install/base_msgs_per/lib/libbase_msgs_per__rosidl_generator_py.so" to ""
[12.267s] -- Installing: /home/abc/perception_with_ros2/install/base_msgs_per/share/base_msgs_per/srv/GlobalPathService.idl
[12.267s] -- Installing: /home/abc/perception_with_ros2/install/base_msgs_per/share/base_msgs_per/srv/PNCMapService.idl
[12.267s] -- Installing: /home/abc/perception_with_ros2/install/base_msgs_per/share/base_msgs_per/msg/PNCMap.idl
[12.267s] -- Installing: /home/abc/perception_with_ros2/install/base_msgs_per/share/base_msgs_per/msg/ReferlinePoint.idl
[12.268s] -- Installing: /home/abc/perception_with_ros2/install/base_msgs_per/share/base_msgs_per/msg/Referline.idl
[12.268s] -- Installing: /home/abc/perception_with_ros2/install/base_msgs_per/share/base_msgs_per/msg/LocalPathPoint.idl
[12.268s] -- Installing: /home/abc/perception_with_ros2/install/base_msgs_per/share/base_msgs_per/msg/LocalPath.idl
[12.268s] -- Installing: /home/abc/perception_with_ros2/install/base_msgs_per/share/base_msgs_per/msg/LocalSpeedsPoint.idl
[12.268s] -- Installing: /home/abc/perception_with_ros2/install/base_msgs_per/share/base_msgs_per/msg/LocalSpeeds.idl
[12.268s] -- Installing: /home/abc/perception_with_ros2/install/base_msgs_per/share/base_msgs_per/msg/LocalTrajectoryPoint.idl
[12.268s] -- Installing: /home/abc/perception_with_ros2/install/base_msgs_per/share/base_msgs_per/msg/LocalTrajectory.idl
[12.268s] -- Installing: /home/abc/perception_with_ros2/install/base_msgs_per/share/base_msgs_per/msg/ObsInfo.idl
[12.268s] -- Installing: /home/abc/perception_with_ros2/install/base_msgs_per/share/base_msgs_per/msg/PlotInfo.idl
[12.269s] -- Installing: /home/abc/perception_with_ros2/install/base_msgs_per/share/base_msgs_per/srv/GlobalPathService.srv
[12.269s] -- Installing: /home/abc/perception_with_ros2/install/base_msgs_per/share/base_msgs_per/srv/GlobalPathService_Request.msg
[12.269s] -- Installing: /home/abc/perception_with_ros2/install/base_msgs_per/share/base_msgs_per/srv/GlobalPathService_Response.msg
[12.269s] -- Installing: /home/abc/perception_with_ros2/install/base_msgs_per/share/base_msgs_per/srv/PNCMapService.srv
[12.269s] -- Installing: /home/abc/perception_with_ros2/install/base_msgs_per/share/base_msgs_per/srv/PNCMapService_Request.msg
[12.269s] -- Installing: /home/abc/perception_with_ros2/install/base_msgs_per/share/base_msgs_per/srv/PNCMapService_Response.msg
[12.269s] -- Installing: /home/abc/perception_with_ros2/install/base_msgs_per/share/base_msgs_per/msg/PNCMap.msg
[12.269s] -- Installing: /home/abc/perception_with_ros2/install/base_msgs_per/share/base_msgs_per/msg/ReferlinePoint.msg
[12.270s] -- Installing: /home/abc/perception_with_ros2/install/base_msgs_per/share/base_msgs_per/msg/Referline.msg
[12.270s] -- Installing: /home/abc/perception_with_ros2/install/base_msgs_per/share/base_msgs_per/msg/LocalPathPoint.msg
[12.270s] -- Installing: /home/abc/perception_with_ros2/install/base_msgs_per/share/base_msgs_per/msg/LocalPath.msg
[12.270s] -- Installing: /home/abc/perception_with_ros2/install/base_msgs_per/share/base_msgs_per/msg/LocalSpeedsPoint.msg
[12.270s] -- Installing: /home/abc/perception_with_ros2/install/base_msgs_per/share/base_msgs_per/msg/LocalSpeeds.msg
[12.270s] -- Installing: /home/abc/perception_with_ros2/install/base_msgs_per/share/base_msgs_per/msg/LocalTrajectoryPoint.msg
[12.270s] -- Installing: /home/abc/perception_with_ros2/install/base_msgs_per/share/base_msgs_per/msg/LocalTrajectory.msg
[12.270s] -- Installing: /home/abc/perception_with_ros2/install/base_msgs_per/share/base_msgs_per/msg/ObsInfo.msg
[12.270s] -- Installing: /home/abc/perception_with_ros2/install/base_msgs_per/share/base_msgs_per/msg/PlotInfo.msg
[12.271s] -- Installing: /home/abc/perception_with_ros2/install/base_msgs_per/share/ament_index/resource_index/package_run_dependencies/base_msgs_per
[12.271s] -- Installing: /home/abc/perception_with_ros2/install/base_msgs_per/share/ament_index/resource_index/parent_prefix_path/base_msgs_per
[12.271s] -- Installing: /home/abc/perception_with_ros2/install/base_msgs_per/share/base_msgs_per/environment/ament_prefix_path.sh
[12.271s] -- Installing: /home/abc/perception_with_ros2/install/base_msgs_per/share/base_msgs_per/environment/ament_prefix_path.dsv
[12.271s] -- Installing: /home/abc/perception_with_ros2/install/base_msgs_per/share/base_msgs_per/environment/path.sh
[12.271s] -- Installing: /home/abc/perception_with_ros2/install/base_msgs_per/share/base_msgs_per/environment/path.dsv
[12.271s] -- Installing: /home/abc/perception_with_ros2/install/base_msgs_per/share/base_msgs_per/local_setup.bash
[12.271s] -- Installing: /home/abc/perception_with_ros2/install/base_msgs_per/share/base_msgs_per/local_setup.sh
[12.272s] -- Installing: /home/abc/perception_with_ros2/install/base_msgs_per/share/base_msgs_per/local_setup.zsh
[12.272s] -- Installing: /home/abc/perception_with_ros2/install/base_msgs_per/share/base_msgs_per/local_setup.dsv
[12.272s] -- Installing: /home/abc/perception_with_ros2/install/base_msgs_per/share/base_msgs_per/package.dsv
[12.272s] -- Installing: /home/abc/perception_with_ros2/install/base_msgs_per/share/ament_index/resource_index/packages/base_msgs_per
[12.272s] -- Installing: /home/abc/perception_with_ros2/install/base_msgs_per/share/base_msgs_per/cmake/export_base_msgs_per__rosidl_generator_cExport.cmake
[12.272s] -- Installing: /home/abc/perception_with_ros2/install/base_msgs_per/share/base_msgs_per/cmake/export_base_msgs_per__rosidl_generator_cExport-noconfig.cmake
[12.272s] -- Installing: /home/abc/perception_with_ros2/install/base_msgs_per/share/base_msgs_per/cmake/export_base_msgs_per__rosidl_typesupport_fastrtps_cExport.cmake
[12.272s] -- Installing: /home/abc/perception_with_ros2/install/base_msgs_per/share/base_msgs_per/cmake/export_base_msgs_per__rosidl_typesupport_fastrtps_cExport-noconfig.cmake
[12.273s] -- Installing: /home/abc/perception_with_ros2/install/base_msgs_per/share/base_msgs_per/cmake/base_msgs_per__rosidl_typesupport_introspection_cExport.cmake
[12.273s] -- Installing: /home/abc/perception_with_ros2/install/base_msgs_per/share/base_msgs_per/cmake/base_msgs_per__rosidl_typesupport_introspection_cExport-noconfig.cmake
[12.273s] -- Installing: /home/abc/perception_with_ros2/install/base_msgs_per/share/base_msgs_per/cmake/base_msgs_per__rosidl_typesupport_cExport.cmake
[12.273s] -- Installing: /home/abc/perception_with_ros2/install/base_msgs_per/share/base_msgs_per/cmake/base_msgs_per__rosidl_typesupport_cExport-noconfig.cmake
[12.273s] -- Installing: /home/abc/perception_with_ros2/install/base_msgs_per/share/base_msgs_per/cmake/export_base_msgs_per__rosidl_generator_cppExport.cmake
[12.273s] -- Installing: /home/abc/perception_with_ros2/install/base_msgs_per/share/base_msgs_per/cmake/export_base_msgs_per__rosidl_typesupport_fastrtps_cppExport.cmake
[12.273s] -- Installing: /home/abc/perception_with_ros2/install/base_msgs_per/share/base_msgs_per/cmake/export_base_msgs_per__rosidl_typesupport_fastrtps_cppExport-noconfig.cmake
[12.273s] -- Installing: /home/abc/perception_with_ros2/install/base_msgs_per/share/base_msgs_per/cmake/base_msgs_per__rosidl_typesupport_introspection_cppExport.cmake
[12.274s] -- Installing: /home/abc/perception_with_ros2/install/base_msgs_per/share/base_msgs_per/cmake/base_msgs_per__rosidl_typesupport_introspection_cppExport-noconfig.cmake
[12.274s] -- Installing: /home/abc/perception_with_ros2/install/base_msgs_per/share/base_msgs_per/cmake/base_msgs_per__rosidl_typesupport_cppExport.cmake
[12.274s] -- Installing: /home/abc/perception_with_ros2/install/base_msgs_per/share/base_msgs_per/cmake/base_msgs_per__rosidl_typesupport_cppExport-noconfig.cmake
[12.274s] -- Installing: /home/abc/perception_with_ros2/install/base_msgs_per/share/base_msgs_per/cmake/export_base_msgs_per__rosidl_generator_pyExport.cmake
[12.274s] -- Installing: /home/abc/perception_with_ros2/install/base_msgs_per/share/base_msgs_per/cmake/export_base_msgs_per__rosidl_generator_pyExport-noconfig.cmake
[12.274s] -- Installing: /home/abc/perception_with_ros2/install/base_msgs_per/share/base_msgs_per/cmake/rosidl_cmake-extras.cmake
[12.274s] -- Installing: /home/abc/perception_with_ros2/install/base_msgs_per/share/base_msgs_per/cmake/ament_cmake_export_dependencies-extras.cmake
[12.274s] -- Installing: /home/abc/perception_with_ros2/install/base_msgs_per/share/base_msgs_per/cmake/ament_cmake_export_include_directories-extras.cmake
[12.275s] -- Installing: /home/abc/perception_with_ros2/install/base_msgs_per/share/base_msgs_per/cmake/ament_cmake_export_libraries-extras.cmake
[12.275s] -- Installing: /home/abc/perception_with_ros2/install/base_msgs_per/share/base_msgs_per/cmake/ament_cmake_export_targets-extras.cmake
[12.275s] -- Installing: /home/abc/perception_with_ros2/install/base_msgs_per/share/base_msgs_per/cmake/rosidl_cmake_export_typesupport_targets-extras.cmake
[12.275s] -- Installing: /home/abc/perception_with_ros2/install/base_msgs_per/share/base_msgs_per/cmake/rosidl_cmake_export_typesupport_libraries-extras.cmake
[12.275s] -- Installing: /home/abc/perception_with_ros2/install/base_msgs_per/share/base_msgs_per/cmake/base_msgs_perConfig.cmake
[12.275s] -- Installing: /home/abc/perception_with_ros2/install/base_msgs_per/share/base_msgs_per/cmake/base_msgs_perConfig-version.cmake
[12.275s] -- Installing: /home/abc/perception_with_ros2/install/base_msgs_per/share/base_msgs_per/package.xml
[12.277s] Invoked command in '/home/abc/perception_with_ros2/build/base_msgs_per' returned '0': CMAKE_PREFIX_PATH=${CMAKE_PREFIX_PATH}:/home/abc/perception_with_ros2/install/data_plot_per:/home/abc/planning_with_ros2/install/data_plot:/opt/ros/humble /usr/local/bin/cmake --install /home/abc/perception_with_ros2/build/base_msgs_per
