[  5%] Built target osqp_test
[ 10%] Built target newton_test
[ 17%] Built target mathlibs
[ 23%] Built target config_reader
[ 33%] Built target global_planner
[ 35%] Built target pnc_map_creator
[ 38%] [32mBuilding CXX object src/vehicle_info/CMakeFiles/vehicle_info.dir/main_car/main_car_info.cpp.o[0m
[ 41%] [32mBuilding CXX object src/vehicle_info/CMakeFiles/vehicle_info.dir/obs_car/obs_car_info.cpp.o[0m
[ 48%] Built target reference_line
[ 53%] Built target global_path_server
[ 58%] Built target pnc_map_server
[ 61%] [32m[1mLinking CXX shared library libvehicle_info.so[0m
[ 61%] Built target vehicle_info
[ 69%] [32mBuilding CXX object src/decision_center/CMakeFiles/decision_center.dir/decision_center.cpp.o[0m
[ 69%] [32mBuilding CXX object src/move_cmd/CMakeFiles/obs_move_cmd.dir/obs_move_cmd.cpp.o[0m
[ 69%] [32mBuilding CXX object src/move_cmd/CMakeFiles/car_move_cmd.dir/car_move_cmd.cpp.o[0m
[ 71%] [32m[1mLinking CXX shared library libdecision_center.so[0m
[ 71%] Built target decision_center
[ 74%] [32mBuilding CXX object src/local_planner/CMakeFiles/local_planner.dir/local_path/local_path_planner.cpp.o[0m
[ 76%] [32mBuilding CXX object src/local_planner/CMakeFiles/local_planner.dir/local_speeds/local_speeds_planner.cpp.o[0m
[ 79%] [32m[1mLinking CXX executable obs_move_cmd[0m
[ 79%] Built target obs_move_cmd
[ 82%] [32m[1mLinking CXX shared library liblocal_planner.so[0m
[ 89%] Built target local_planner
[ 92%] [32mBuilding CXX object src/perception_process/CMakeFiles/perception_process.dir/perception_process_main.cpp.o[0m
[ 94%] [32mBuilding CXX object src/perception_process/CMakeFiles/perception_process.dir/perception_process.cpp.o[0m
[ 97%] [32m[1mLinking CXX executable car_move_cmd[0m
[ 97%] Built target car_move_cmd
[100%] [32m[1mLinking CXX executable perception_process[0m
[100%] Built target perception_process
-- Install configuration: ""
-- Up-to-date: /home/abc/perception_with_ros2/install/perception/lib/libconfig_reader.so
-- Up-to-date: /home/abc/perception_with_ros2/install/perception/lib/libmathlibs.so
-- Installing: /home/abc/perception_with_ros2/install/perception/lib/libdecision_center.so
-- Set non-toolchain portion of runtime path of "/home/abc/perception_with_ros2/install/perception/lib/libdecision_center.so" to ""
-- Up-to-date: /home/abc/perception_with_ros2/install/perception/lib/libpnc_map_creator.so
-- Up-to-date: /home/abc/perception_with_ros2/install/perception/lib/perception/pnc_map_server
-- Up-to-date: /home/abc/perception_with_ros2/install/perception/lib/libglobal_planner.so
-- Up-to-date: /home/abc/perception_with_ros2/install/perception/lib/perception/global_path_server
-- Installing: /home/abc/perception_with_ros2/install/perception/lib/liblocal_planner.so
-- Set non-toolchain portion of runtime path of "/home/abc/perception_with_ros2/install/perception/lib/liblocal_planner.so" to ""
-- Up-to-date: /home/abc/perception_with_ros2/install/perception/lib/libreference_line.so
-- Up-to-date: /home/abc/perception_with_ros2/install/perception/lib/perception/osqp_test
-- Up-to-date: /home/abc/perception_with_ros2/install/perception/lib/perception/newton_test
-- Installing: /home/abc/perception_with_ros2/install/perception/lib/libvehicle_info.so
-- Set non-toolchain portion of runtime path of "/home/abc/perception_with_ros2/install/perception/lib/libvehicle_info.so" to ""
-- Installing: /home/abc/perception_with_ros2/install/perception/lib/perception/perception_process
-- Set non-toolchain portion of runtime path of "/home/abc/perception_with_ros2/install/perception/lib/perception/perception_process" to ""
-- Installing: /home/abc/perception_with_ros2/install/perception/lib/perception/car_move_cmd
-- Set non-toolchain portion of runtime path of "/home/abc/perception_with_ros2/install/perception/lib/perception/car_move_cmd" to ""
-- Installing: /home/abc/perception_with_ros2/install/perception/lib/perception/obs_move_cmd
-- Set non-toolchain portion of runtime path of "/home/abc/perception_with_ros2/install/perception/lib/perception/obs_move_cmd" to ""
-- Up-to-date: /home/abc/perception_with_ros2/install/perception/share/perception/config
-- Up-to-date: /home/abc/perception_with_ros2/install/perception/share/perception/config/perception_static_obs_config.yaml
-- Up-to-date: /home/abc/perception_with_ros2/install/perception/share/perception/config/perception_dynamic_obs_config.yaml
-- Up-to-date: /home/abc/perception_with_ros2/install/perception/share/perception/launch
-- Up-to-date: /home/abc/perception_with_ros2/install/perception/share/perception/launch/perception_launch.py
-- Up-to-date: /home/abc/perception_with_ros2/install/perception/share/perception/launch/move_cmd_launch.py
-- Up-to-date: /home/abc/perception_with_ros2/install/perception/share/perception/urdf
-- Up-to-date: /home/abc/perception_with_ros2/install/perception/share/perception/urdf/main_car
-- Up-to-date: /home/abc/perception_with_ros2/install/perception/share/perception/urdf/main_car/car_camera.xacro
-- Up-to-date: /home/abc/perception_with_ros2/install/perception/share/perception/urdf/main_car/car_base.xacro
-- Up-to-date: /home/abc/perception_with_ros2/install/perception/share/perception/urdf/main_car/car_radar.xacro
-- Up-to-date: /home/abc/perception_with_ros2/install/perception/share/perception/urdf/main_car/car.xacro
-- Up-to-date: /home/abc/perception_with_ros2/install/perception/share/perception/urdf/main_car/car_wheels.xacro
-- Up-to-date: /home/abc/perception_with_ros2/install/perception/share/perception/urdf/obs_car
-- Up-to-date: /home/abc/perception_with_ros2/install/perception/share/perception/urdf/obs_car/obs_car.xacro
-- Up-to-date: /home/abc/perception_with_ros2/install/perception/share/perception/rviz
-- Up-to-date: /home/abc/perception_with_ros2/install/perception/share/perception/rviz/perception.rviz
-- Up-to-date: /home/abc/perception_with_ros2/install/perception/share/ament_index/resource_index/package_run_dependencies/perception
-- Up-to-date: /home/abc/perception_with_ros2/install/perception/share/ament_index/resource_index/parent_prefix_path/perception
-- Up-to-date: /home/abc/perception_with_ros2/install/perception/share/perception/environment/ament_prefix_path.sh
-- Up-to-date: /home/abc/perception_with_ros2/install/perception/share/perception/environment/ament_prefix_path.dsv
-- Up-to-date: /home/abc/perception_with_ros2/install/perception/share/perception/environment/path.sh
-- Up-to-date: /home/abc/perception_with_ros2/install/perception/share/perception/environment/path.dsv
-- Up-to-date: /home/abc/perception_with_ros2/install/perception/share/perception/local_setup.bash
-- Up-to-date: /home/abc/perception_with_ros2/install/perception/share/perception/local_setup.sh
-- Up-to-date: /home/abc/perception_with_ros2/install/perception/share/perception/local_setup.zsh
-- Up-to-date: /home/abc/perception_with_ros2/install/perception/share/perception/local_setup.dsv
-- Installing: /home/abc/perception_with_ros2/install/perception/share/perception/package.dsv
-- Up-to-date: /home/abc/perception_with_ros2/install/perception/share/ament_index/resource_index/packages/perception
-- Up-to-date: /home/abc/perception_with_ros2/install/perception/share/perception/cmake/perceptionConfig.cmake
-- Up-to-date: /home/abc/perception_with_ros2/install/perception/share/perception/cmake/perceptionConfig-version.cmake
-- Up-to-date: /home/abc/perception_with_ros2/install/perception/share/perception/package.xml
