[0.008s] Invoking command in '/home/abc/perception_with_ros2/build/perception': CMAKE_PREFIX_PATH=/home/abc/perception_with_ros2/install/base_msgs_per:/home/abc/perception_with_ros2/install/perception:/home/abc/planning_with_ros2/install/planning:/home/abc/planning_with_ros2/install/base_msgs:/home/abc/perception_with_ros2/install/data_plot_per:/home/abc/planning_with_ros2/install/data_plot:/opt/ros/humble LD_LIBRARY_PATH=/home/abc/perception_with_ros2/install/base_msgs_per/lib:${LD_LIBRARY_PATH} PYTHONPATH=/home/abc/perception_with_ros2/install/base_msgs_per/local/lib/python3.10/dist-packages:${PYTHONPATH} /usr/local/bin/cmake /home/abc/perception_with_ros2/src/perception -DCMAKE_INSTALL_PREFIX=/home/abc/perception_with_ros2/install/perception
[0.050s] -- The C compiler identification is GNU 11.4.0
[0.100s] -- The CXX compiler identification is GNU 11.4.0
[0.107s] -- Detecting C compiler ABI info
[0.219s] -- Detecting C compiler ABI info - done
[0.254s] -- Check for working C compiler: /usr/bin/cc - skipped
[0.254s] -- Detecting C compile features
[0.254s] -- Detecting C compile features - done
[0.265s] -- Detecting CXX compiler ABI info
[0.320s] -- Detecting CXX compiler ABI info - done
[0.338s] -- Check for working CXX compiler: /usr/bin/c++ - skipped
[0.338s] -- Detecting CXX compile features
[0.339s] -- Detecting CXX compile features - done
[0.345s] -- Found ament_cmake: 1.3.12 (/opt/ros/humble/share/ament_cmake/cmake)
[0.467s] -- Found Python3: /usr/bin/python3 (found version "3.10.12") found components: Interpreter
[0.550s] -- Found rclcpp: 16.0.16 (/opt/ros/humble/share/rclcpp/cmake)
[0.605s] -- Found rosidl_generator_c: 3.1.7 (/opt/ros/humble/share/rosidl_generator_c/cmake)
[0.610s] -- Found rosidl_adapter: 3.1.7 (/opt/ros/humble/share/rosidl_adapter/cmake)
[0.620s] -- Found rosidl_generator_cpp: 3.1.7 (/opt/ros/humble/share/rosidl_generator_cpp/cmake)
[0.635s] -- Using all available rosidl_typesupport_c: rosidl_typesupport_fastrtps_c;rosidl_typesupport_introspection_c
[0.656s] -- Using all available rosidl_typesupport_cpp: rosidl_typesupport_fastrtps_cpp;rosidl_typesupport_introspection_cpp
[0.712s] -- Found rmw_implementation_cmake: 6.1.2 (/opt/ros/humble/share/rmw_implementation_cmake/cmake)
[0.715s] -- Found rmw_fastrtps_cpp: 6.2.9 (/opt/ros/humble/share/rmw_fastrtps_cpp/cmake)
[0.792s] -- Found OpenSSL: /usr/lib/x86_64-linux-gnu/libcrypto.so (found version "3.0.2")
[0.819s] -- Found FastRTPS: /opt/ros/humble/include
[0.870s] -- Using RMW implementation 'rmw_fastrtps_cpp' as default
[0.893s] -- Performing Test CMAKE_HAVE_LIBC_PTHREAD
[0.959s] -- Performing Test CMAKE_HAVE_LIBC_PTHREAD - Success
[0.960s] -- Found Threads: TRUE
[1.033s] -- Found tf2: 0.25.17 (/opt/ros/humble/share/tf2/cmake)
[1.065s] -- Found tf2_ros: 0.25.17 (/opt/ros/humble/share/tf2_ros/cmake)
[1.191s] -- Found nav_msgs: 4.9.0 (/opt/ros/humble/share/nav_msgs/cmake)
[1.217s] -- Found visualization_msgs: 4.9.0 (/opt/ros/humble/share/visualization_msgs/cmake)
[1.277s] -- Found base_msgs_per: 0.0.0 (/home/abc/perception_with_ros2/install/base_msgs_per/share/base_msgs_per/cmake)
[1.362s] [31mCMake Error at CMakeLists.txt:65 (add_subdirectory):
[1.362s]   add_subdirectory given source "src/perception_process" which is not an
[1.362s]   existing directory.
[1.362s] 
[1.362s] [0m
[1.370s] -- Found ament_lint_auto: 0.12.14 (/opt/ros/humble/share/ament_lint_auto/cmake)
[1.447s] -- Added test 'cppcheck' to perform static code analysis on C / C++ code
[1.448s] -- Configured cppcheck include dirs: /home/abc/perception_with_ros2/src/perception/src/common/config_reader;/home/abc/perception_with_ros2/src/perception/src/common/math;/home/abc/perception_with_ros2/src/perception/src/decision_center;/home/abc/perception_with_ros2/src/perception/src/pnc_map_creator;/home/abc/perception_with_ros2/src/perception/src/pnc_map_creator/pnc_map_straight;/home/abc/perception_with_ros2/src/perception/src/pnc_map_creator/pnc_map_sturn;/home/abc/perception_with_ros2/src/perception/src/global_planner;/home/abc/perception_with_ros2/src/perception/src/global_planner/global_planner_normal;/home/abc/perception_with_ros2/src/perception/src/local_planner;/home/abc/perception_with_ros2/src/perception/src/local_planner/local_path;/home/abc/perception_with_ros2/src/perception/src/local_planner/local_speeds;/home/abc/perception_with_ros2/src/perception/src/reference_line;/home/abc/perception_with_ros2/src/perception/src/test/osqp_test;/home/abc/perception_with_ros2/src/perception/src/vehicle_info;/home/abc/perception_with_ros2/src/perception/src/vehicle_info/main_car;/home/abc/perception_with_ros2/src/perception/src/vehicle_info/obs_car;/home/abc/perception_with_ros2/src/perception/src/perception_process;/home/abc/perception_with_ros2/src/perception/src/move_cmd
[1.448s] -- Configured cppcheck exclude dirs and/or files: 
[1.449s] -- Added test 'flake8' to check Python code syntax and style conventions
[1.451s] -- Added test 'lint_cmake' to check CMake code style
[1.452s] -- Added test 'pep257' to check Python code against some of the docstring style conventions in PEP 257
[1.456s] -- Added test 'uncrustify' to check C / C++ code style
[1.456s] -- Configured uncrustify additional arguments: 
[1.457s] -- Added test 'xmllint' to check XML markup files
[1.459s] -- Configuring incomplete, errors occurred!
[1.473s] Invoked command in '/home/abc/perception_with_ros2/build/perception' returned '1': CMAKE_PREFIX_PATH=/home/abc/perception_with_ros2/install/base_msgs_per:/home/abc/perception_with_ros2/install/perception:/home/abc/planning_with_ros2/install/planning:/home/abc/planning_with_ros2/install/base_msgs:/home/abc/perception_with_ros2/install/data_plot_per:/home/abc/planning_with_ros2/install/data_plot:/opt/ros/humble LD_LIBRARY_PATH=/home/abc/perception_with_ros2/install/base_msgs_per/lib:${LD_LIBRARY_PATH} PYTHONPATH=/home/abc/perception_with_ros2/install/base_msgs_per/local/lib/python3.10/dist-packages:${PYTHONPATH} /usr/local/bin/cmake /home/abc/perception_with_ros2/src/perception -DCMAKE_INSTALL_PREFIX=/home/abc/perception_with_ros2/install/perception
