-- The C compiler identification is GNU 11.4.0
-- The CXX compiler identification is GNU 11.4.0
-- Detecting C compiler ABI info
-- Detecting C compiler ABI info - done
-- Check for working C compiler: /usr/bin/cc - skipped
-- Detecting C compile features
-- Detecting C compile features - done
-- Detecting CXX compiler ABI info
-- Detecting CXX compiler ABI info - done
-- Check for working CXX compiler: /usr/bin/c++ - skipped
-- Detecting CXX compile features
-- Detecting CXX compile features - done
-- Found ament_cmake: 1.3.12 (/opt/ros/humble/share/ament_cmake/cmake)
-- Found Python3: /usr/bin/python3 (found version "3.10.12") found components: Interpreter
-- Found rclcpp: 16.0.16 (/opt/ros/humble/share/rclcpp/cmake)
-- Found rosidl_generator_c: 3.1.7 (/opt/ros/humble/share/rosidl_generator_c/cmake)
-- Found rosidl_adapter: 3.1.7 (/opt/ros/humble/share/rosidl_adapter/cmake)
-- Found rosidl_generator_cpp: 3.1.7 (/opt/ros/humble/share/rosidl_generator_cpp/cmake)
-- Using all available rosidl_typesupport_c: rosidl_typesupport_fastrtps_c;rosidl_typesupport_introspection_c
-- Using all available rosidl_typesupport_cpp: rosidl_typesupport_fastrtps_cpp;rosidl_typesupport_introspection_cpp
-- Found rmw_implementation_cmake: 6.1.2 (/opt/ros/humble/share/rmw_implementation_cmake/cmake)
-- Found rmw_fastrtps_cpp: 6.2.9 (/opt/ros/humble/share/rmw_fastrtps_cpp/cmake)
-- Found OpenSSL: /usr/lib/x86_64-linux-gnu/libcrypto.so (found version "3.0.2")
-- Found FastRTPS: /opt/ros/humble/include
-- Using RMW implementation 'rmw_fastrtps_cpp' as default
-- Performing Test CMAKE_HAVE_LIBC_PTHREAD
-- Performing Test CMAKE_HAVE_LIBC_PTHREAD - Success
-- Found Threads: TRUE
-- Found tf2: 0.25.17 (/opt/ros/humble/share/tf2/cmake)
-- Found tf2_ros: 0.25.17 (/opt/ros/humble/share/tf2_ros/cmake)
-- Found nav_msgs: 4.9.0 (/opt/ros/humble/share/nav_msgs/cmake)
-- Found visualization_msgs: 4.9.0 (/opt/ros/humble/share/visualization_msgs/cmake)
-- Found base_msgs_per: 0.0.0 (/home/abc/perception_with_ros2/install/base_msgs_per/share/base_msgs_per/cmake)
-- Found ament_lint_auto: 0.12.14 (/opt/ros/humble/share/ament_lint_auto/cmake)
-- Added test 'cppcheck' to perform static code analysis on C / C++ code
-- Configured cppcheck include dirs: /home/abc/perception_with_ros2/src/perception/src/common/config_reader;/home/abc/perception_with_ros2/src/perception/src/common/math;/home/abc/perception_with_ros2/src/perception/src/decision_center;/home/abc/perception_with_ros2/src/perception/src/pnc_map_creator;/home/abc/perception_with_ros2/src/perception/src/pnc_map_creator/pnc_map_straight;/home/abc/perception_with_ros2/src/perception/src/pnc_map_creator/pnc_map_sturn;/home/abc/perception_with_ros2/src/perception/src/global_planner;/home/abc/perception_with_ros2/src/perception/src/global_planner/global_planner_normal;/home/abc/perception_with_ros2/src/perception/src/local_planner;/home/abc/perception_with_ros2/src/perception/src/local_planner/local_path;/home/abc/perception_with_ros2/src/perception/src/local_planner/local_speeds;/home/abc/perception_with_ros2/src/perception/src/reference_line;/home/abc/perception_with_ros2/src/perception/src/test/osqp_test;/home/abc/perception_with_ros2/src/perception/src/vehicle_info;/home/abc/perception_with_ros2/src/perception/src/vehicle_info/main_car;/home/abc/perception_with_ros2/src/perception/src/vehicle_info/obs_car;/home/abc/perception_with_ros2/src/perception/src/perception_process;/home/abc/perception_with_ros2/src/perception/src/move_cmd
-- Configured cppcheck exclude dirs and/or files: 
-- Added test 'flake8' to check Python code syntax and style conventions
-- Added test 'lint_cmake' to check CMake code style
-- Added test 'pep257' to check Python code against some of the docstring style conventions in PEP 257
-- Added test 'uncrustify' to check C / C++ code style
-- Configured uncrustify additional arguments: 
-- Added test 'xmllint' to check XML markup files
-- Configuring done (1.4s)
-- Generating done (0.1s)
-- Build files have been written to: /home/abc/perception_with_ros2/build/perception
[  2%] [32mBuilding CXX object src/common/CMakeFiles/config_reader.dir/config_reader/config_reader.cpp.o[0m
[  5%] [32mBuilding CXX object src/common/CMakeFiles/mathlibs.dir/math/curve.cpp.o[0m
[  7%] [32mBuilding CXX object src/test/CMakeFiles/osqp_test.dir/osqp_test/osqp_test.cpp.o[0m
[ 10%] [32mBuilding CXX object src/test/CMakeFiles/newton_test.dir/newton_test/newton_test.cpp.o[0m
[ 12%] [32mBuilding CXX object src/common/CMakeFiles/mathlibs.dir/math/polynomial_curve.cpp.o[0m
[ 15%] [32m[1mLinking CXX shared library libconfig_reader.so[0m
[ 15%] Built target config_reader
[ 17%] [32mBuilding CXX object src/pnc_map_creator/CMakeFiles/pnc_map_creator.dir/pnc_map_straight/pnc_map_creator_straight.cpp.o[0m
[ 23%] [32mBuilding CXX object src/pnc_map_creator/CMakeFiles/pnc_map_creator.dir/pnc_map_sturn/pnc_map_creator_sturn.cpp.o[0m
[ 23%] [32mBuilding CXX object src/global_planner/CMakeFiles/global_planner.dir/global_planner_normal/global_planner_normal.cpp.o[0m
[ 25%] [32m[1mLinking CXX executable newton_test[0m
[ 25%] Built target newton_test
[ 28%] [32m[1mLinking CXX executable osqp_test[0m
[ 28%] Built target osqp_test
[ 30%] [32m[1mLinking CXX shared library libglobal_planner.so[0m
[ 30%] Built target global_planner
[ 33%] [32mBuilding CXX object src/global_planner/CMakeFiles/global_path_server.dir/global_path_server.cpp.o[0m
[ 35%] [32m[1mLinking CXX shared library libpnc_map_creator.so[0m
[ 35%] Built target pnc_map_creator
[ 38%] [32mBuilding CXX object src/pnc_map_creator/CMakeFiles/pnc_map_server.dir/pnc_map_server.cpp.o[0m
[ 41%] [32m[1mLinking CXX shared library libmathlibs.so[0m
[ 43%] [32m[1mLinking CXX executable global_path_server[0m
[ 43%] Built target global_path_server
[ 43%] Built target mathlibs
[ 48%] [32mBuilding CXX object src/vehicle_info/CMakeFiles/vehicle_info.dir/main_car/main_car_info.cpp.o[0m
[ 48%] [32mBuilding CXX object src/reference_line/CMakeFiles/reference_line.dir/reference_line_creator.cpp.o[0m
[ 51%] [32mBuilding CXX object src/vehicle_info/CMakeFiles/vehicle_info.dir/obs_car/obs_car_info.cpp.o[0m
[ 53%] [32mBuilding CXX object src/reference_line/CMakeFiles/reference_line.dir/reference_line_smoother.cpp.o[0m
[ 56%] [32m[1mLinking CXX executable pnc_map_server[0m
[ 56%] Built target pnc_map_server
[ 58%] [32m[1mLinking CXX shared library libvehicle_info.so[0m
[ 58%] Built target vehicle_info
[ 64%] [32mBuilding CXX object src/move_cmd/CMakeFiles/car_move_cmd.dir/car_move_cmd.cpp.o[0m
[ 64%] [32mBuilding CXX object src/decision_center/CMakeFiles/decision_center.dir/decision_center.cpp.o[0m
[ 66%] [32mBuilding CXX object src/move_cmd/CMakeFiles/obs_move_cmd.dir/obs_move_cmd.cpp.o[0m
[ 69%] [32m[1mLinking CXX shared library libreference_line.so[0m
[ 69%] Built target reference_line
[ 71%] [32m[1mLinking CXX shared library libdecision_center.so[0m
[ 71%] Built target decision_center
[ 74%] [32mBuilding CXX object src/local_planner/CMakeFiles/local_planner.dir/local_path/local_path_planner.cpp.o[0m
[ 76%] [32mBuilding CXX object src/local_planner/CMakeFiles/local_planner.dir/local_trajectory_combiner.cpp.o[0m
[ 79%] [32mBuilding CXX object src/local_planner/CMakeFiles/local_planner.dir/local_path/local_path_smoother.cpp.o[0m
[ 82%] [32mBuilding CXX object src/local_planner/CMakeFiles/local_planner.dir/local_speeds/local_speeds_planner.cpp.o[0m
[ 84%] [32mBuilding CXX object src/local_planner/CMakeFiles/local_planner.dir/local_speeds/local_speeds_smoother.cpp.o[0m
[ 87%] [32m[1mLinking CXX executable obs_move_cmd[0m
[ 87%] Built target obs_move_cmd
[ 89%] [32m[1mLinking CXX shared library liblocal_planner.so[0m
[ 89%] Built target local_planner
[ 92%] [32mBuilding CXX object src/perception_process/CMakeFiles/perception_process.dir/perception_process_main.cpp.o[0m
[ 94%] [32mBuilding CXX object src/perception_process/CMakeFiles/perception_process.dir/perception_process.cpp.o[0m
[ 97%] [32m[1mLinking CXX executable car_move_cmd[0m
[ 97%] Built target car_move_cmd
[100%] [32m[1mLinking CXX executable perception_process[0m
[100%] Built target perception_process
-- Install configuration: ""
-- Installing: /home/abc/perception_with_ros2/install/perception/lib/libconfig_reader.so
-- Set non-toolchain portion of runtime path of "/home/abc/perception_with_ros2/install/perception/lib/libconfig_reader.so" to ""
-- Installing: /home/abc/perception_with_ros2/install/perception/lib/libmathlibs.so
-- Set non-toolchain portion of runtime path of "/home/abc/perception_with_ros2/install/perception/lib/libmathlibs.so" to ""
-- Installing: /home/abc/perception_with_ros2/install/perception/lib/libdecision_center.so
-- Set non-toolchain portion of runtime path of "/home/abc/perception_with_ros2/install/perception/lib/libdecision_center.so" to ""
-- Installing: /home/abc/perception_with_ros2/install/perception/lib/libpnc_map_creator.so
-- Set non-toolchain portion of runtime path of "/home/abc/perception_with_ros2/install/perception/lib/libpnc_map_creator.so" to ""
-- Installing: /home/abc/perception_with_ros2/install/perception/lib/perception/pnc_map_server
-- Set non-toolchain portion of runtime path of "/home/abc/perception_with_ros2/install/perception/lib/perception/pnc_map_server" to ""
-- Installing: /home/abc/perception_with_ros2/install/perception/lib/libglobal_planner.so
-- Set non-toolchain portion of runtime path of "/home/abc/perception_with_ros2/install/perception/lib/libglobal_planner.so" to ""
-- Installing: /home/abc/perception_with_ros2/install/perception/lib/perception/global_path_server
-- Set non-toolchain portion of runtime path of "/home/abc/perception_with_ros2/install/perception/lib/perception/global_path_server" to ""
-- Installing: /home/abc/perception_with_ros2/install/perception/lib/liblocal_planner.so
-- Set non-toolchain portion of runtime path of "/home/abc/perception_with_ros2/install/perception/lib/liblocal_planner.so" to ""
-- Installing: /home/abc/perception_with_ros2/install/perception/lib/libreference_line.so
-- Set non-toolchain portion of runtime path of "/home/abc/perception_with_ros2/install/perception/lib/libreference_line.so" to ""
-- Installing: /home/abc/perception_with_ros2/install/perception/lib/perception/osqp_test
-- Set non-toolchain portion of runtime path of "/home/abc/perception_with_ros2/install/perception/lib/perception/osqp_test" to ""
-- Installing: /home/abc/perception_with_ros2/install/perception/lib/perception/newton_test
-- Set non-toolchain portion of runtime path of "/home/abc/perception_with_ros2/install/perception/lib/perception/newton_test" to ""
-- Installing: /home/abc/perception_with_ros2/install/perception/lib/libvehicle_info.so
-- Set non-toolchain portion of runtime path of "/home/abc/perception_with_ros2/install/perception/lib/libvehicle_info.so" to ""
-- Installing: /home/abc/perception_with_ros2/install/perception/lib/perception/perception_process
-- Set non-toolchain portion of runtime path of "/home/abc/perception_with_ros2/install/perception/lib/perception/perception_process" to ""
-- Installing: /home/abc/perception_with_ros2/install/perception/lib/perception/car_move_cmd
-- Set non-toolchain portion of runtime path of "/home/abc/perception_with_ros2/install/perception/lib/perception/car_move_cmd" to ""
-- Installing: /home/abc/perception_with_ros2/install/perception/lib/perception/obs_move_cmd
-- Set non-toolchain portion of runtime path of "/home/abc/perception_with_ros2/install/perception/lib/perception/obs_move_cmd" to ""
-- Installing: /home/abc/perception_with_ros2/install/perception/share/perception/config
-- Installing: /home/abc/perception_with_ros2/install/perception/share/perception/config/perception_static_obs_config.yaml
-- Installing: /home/abc/perception_with_ros2/install/perception/share/perception/config/perception_dynamic_obs_config.yaml
-- Installing: /home/abc/perception_with_ros2/install/perception/share/perception/launch
-- Installing: /home/abc/perception_with_ros2/install/perception/share/perception/launch/perception_launch.py
-- Installing: /home/abc/perception_with_ros2/install/perception/share/perception/launch/move_cmd_launch.py
-- Installing: /home/abc/perception_with_ros2/install/perception/share/perception/urdf
-- Installing: /home/abc/perception_with_ros2/install/perception/share/perception/urdf/main_car
-- Installing: /home/abc/perception_with_ros2/install/perception/share/perception/urdf/main_car/car_camera.xacro
-- Installing: /home/abc/perception_with_ros2/install/perception/share/perception/urdf/main_car/car_base.xacro
-- Installing: /home/abc/perception_with_ros2/install/perception/share/perception/urdf/main_car/car_radar.xacro
-- Installing: /home/abc/perception_with_ros2/install/perception/share/perception/urdf/main_car/car.xacro
-- Installing: /home/abc/perception_with_ros2/install/perception/share/perception/urdf/main_car/car_wheels.xacro
-- Installing: /home/abc/perception_with_ros2/install/perception/share/perception/urdf/obs_car
-- Installing: /home/abc/perception_with_ros2/install/perception/share/perception/urdf/obs_car/obs_car.xacro
-- Installing: /home/abc/perception_with_ros2/install/perception/share/perception/rviz
-- Installing: /home/abc/perception_with_ros2/install/perception/share/perception/rviz/perception.rviz
-- Installing: /home/abc/perception_with_ros2/install/perception/share/ament_index/resource_index/package_run_dependencies/perception
-- Installing: /home/abc/perception_with_ros2/install/perception/share/ament_index/resource_index/parent_prefix_path/perception
-- Installing: /home/abc/perception_with_ros2/install/perception/share/perception/environment/ament_prefix_path.sh
-- Installing: /home/abc/perception_with_ros2/install/perception/share/perception/environment/ament_prefix_path.dsv
-- Installing: /home/abc/perception_with_ros2/install/perception/share/perception/environment/path.sh
-- Installing: /home/abc/perception_with_ros2/install/perception/share/perception/environment/path.dsv
-- Installing: /home/abc/perception_with_ros2/install/perception/share/perception/local_setup.bash
-- Installing: /home/abc/perception_with_ros2/install/perception/share/perception/local_setup.sh
-- Installing: /home/abc/perception_with_ros2/install/perception/share/perception/local_setup.zsh
-- Installing: /home/abc/perception_with_ros2/install/perception/share/perception/local_setup.dsv
-- Installing: /home/abc/perception_with_ros2/install/perception/share/perception/package.dsv
-- Installing: /home/abc/perception_with_ros2/install/perception/share/ament_index/resource_index/packages/perception
-- Installing: /home/abc/perception_with_ros2/install/perception/share/perception/cmake/perceptionConfig.cmake
-- Installing: /home/abc/perception_with_ros2/install/perception/share/perception/cmake/perceptionConfig-version.cmake
-- Installing: /home/abc/perception_with_ros2/install/perception/share/perception/package.xml
