[0.008s] Invoking command in '/home/abc/perception_with_ros2/build/perception': CMAKE_PREFIX_PATH=/home/abc/perception_with_ros2/install/base_msgs_per:/home/abc/perception_with_ros2/install/perception:/home/abc/planning_with_ros2/install/planning:/home/abc/planning_with_ros2/install/base_msgs:/home/abc/perception_with_ros2/install/data_plot_per:/home/abc/planning_with_ros2/install/data_plot:/opt/ros/humble LD_LIBRARY_PATH=/home/abc/perception_with_ros2/install/base_msgs_per/lib:/home/abc/perception_with_ros2/install/perception/lib:/home/abc/perception_with_ros2/install/perception/lib:/home/abc/perception_with_ros2/install/perception/lib:/home/abc/planning_with_ros2/install/planning/lib:/home/abc/planning_with_ros2/install/base_msgs/lib:/usr/lib/x86_64-linux-gnu/gazebo-11/plugins:/opt/ros/humble/opt/rviz_ogre_vendor/lib:/opt/ros/humble/lib/x86_64-linux-gnu:/opt/ros/humble/lib /usr/local/bin/cmake /home/abc/perception_with_ros2/src/perception -DCMAKE_INSTALL_PREFIX=/home/abc/perception_with_ros2/install/perception
[0.057s] -- The C compiler identification is GNU 11.4.0
[0.116s] -- The CXX compiler identification is GNU 11.4.0
[0.124s] -- Detecting C compiler ABI info
[0.173s] -- Detecting C compiler ABI info - done
[0.191s] -- Check for working C compiler: /usr/bin/cc - skipped
[0.191s] -- Detecting C compile features
[0.192s] -- Detecting C compile features - done
[0.202s] -- Detecting CXX compiler ABI info
[0.257s] -- Detecting CXX compiler ABI info - done
[0.276s] -- Check for working CXX compiler: /usr/bin/c++ - skipped
[0.276s] -- Detecting CXX compile features
[0.277s] -- Detecting CXX compile features - done
[0.283s] -- Found ament_cmake: 1.3.12 (/opt/ros/humble/share/ament_cmake/cmake)
[0.406s] -- Found Python3: /usr/bin/python3 (found version "3.10.12") found components: Interpreter
[0.498s] -- Found rclcpp: 16.0.16 (/opt/ros/humble/share/rclcpp/cmake)
[0.545s] -- Found rosidl_generator_c: 3.1.7 (/opt/ros/humble/share/rosidl_generator_c/cmake)
[0.550s] -- Found rosidl_adapter: 3.1.7 (/opt/ros/humble/share/rosidl_adapter/cmake)
[0.561s] -- Found rosidl_generator_cpp: 3.1.7 (/opt/ros/humble/share/rosidl_generator_cpp/cmake)
[0.577s] -- Using all available rosidl_typesupport_c: rosidl_typesupport_fastrtps_c;rosidl_typesupport_introspection_c
[0.598s] -- Using all available rosidl_typesupport_cpp: rosidl_typesupport_fastrtps_cpp;rosidl_typesupport_introspection_cpp
[0.653s] -- Found rmw_implementation_cmake: 6.1.2 (/opt/ros/humble/share/rmw_implementation_cmake/cmake)
[0.656s] -- Found rmw_fastrtps_cpp: 6.2.9 (/opt/ros/humble/share/rmw_fastrtps_cpp/cmake)
[0.734s] -- Found OpenSSL: /usr/lib/x86_64-linux-gnu/libcrypto.so (found version "3.0.2")
[0.761s] -- Found FastRTPS: /opt/ros/humble/include
[0.803s] -- Using RMW implementation 'rmw_fastrtps_cpp' as default
[0.811s] -- Performing Test CMAKE_HAVE_LIBC_PTHREAD
[0.864s] -- Performing Test CMAKE_HAVE_LIBC_PTHREAD - Success
[0.865s] -- Found Threads: TRUE
[0.939s] -- Found tf2: 0.25.17 (/opt/ros/humble/share/tf2/cmake)
[0.971s] -- Found tf2_ros: 0.25.17 (/opt/ros/humble/share/tf2_ros/cmake)
[1.100s] -- Found nav_msgs: 4.9.0 (/opt/ros/humble/share/nav_msgs/cmake)
[1.126s] -- Found visualization_msgs: 4.9.0 (/opt/ros/humble/share/visualization_msgs/cmake)
[1.185s] -- Found base_msgs_per: 0.0.0 (/home/abc/perception_with_ros2/install/base_msgs_per/share/base_msgs_per/cmake)
[1.279s] -- Found ament_lint_auto: 0.12.14 (/opt/ros/humble/share/ament_lint_auto/cmake)
[1.355s] -- Added test 'cppcheck' to perform static code analysis on C / C++ code
[1.357s] -- Configured cppcheck include dirs: /home/abc/perception_with_ros2/src/perception/src/common/config_reader;/home/abc/perception_with_ros2/src/perception/src/common/math;/home/abc/perception_with_ros2/src/perception/src/decision_center;/home/abc/perception_with_ros2/src/perception/src/pnc_map_creator;/home/abc/perception_with_ros2/src/perception/src/pnc_map_creator/pnc_map_straight;/home/abc/perception_with_ros2/src/perception/src/pnc_map_creator/pnc_map_sturn;/home/abc/perception_with_ros2/src/perception/src/global_planner;/home/abc/perception_with_ros2/src/perception/src/global_planner/global_planner_normal;/home/abc/perception_with_ros2/src/perception/src/local_planner;/home/abc/perception_with_ros2/src/perception/src/local_planner/local_path;/home/abc/perception_with_ros2/src/perception/src/local_planner/local_speeds;/home/abc/perception_with_ros2/src/perception/src/reference_line;/home/abc/perception_with_ros2/src/perception/src/test/osqp_test;/home/abc/perception_with_ros2/src/perception/src/vehicle_info;/home/abc/perception_with_ros2/src/perception/src/vehicle_info/main_car;/home/abc/perception_with_ros2/src/perception/src/vehicle_info/obs_car;/home/abc/perception_with_ros2/src/perception/src/perception_process;/home/abc/perception_with_ros2/src/perception/src/move_cmd
[1.357s] -- Configured cppcheck exclude dirs and/or files: 
[1.358s] -- Added test 'flake8' to check Python code syntax and style conventions
[1.359s] -- Added test 'lint_cmake' to check CMake code style
[1.360s] -- Added test 'pep257' to check Python code against some of the docstring style conventions in PEP 257
[1.365s] -- Added test 'uncrustify' to check C / C++ code style
[1.365s] -- Configured uncrustify additional arguments: 
[1.366s] -- Added test 'xmllint' to check XML markup files
[1.368s] -- Configuring done (1.4s)
[1.465s] -- Generating done (0.1s)
[1.491s] -- Build files have been written to: /home/abc/perception_with_ros2/build/perception
[1.503s] Invoked command in '/home/abc/perception_with_ros2/build/perception' returned '0': CMAKE_PREFIX_PATH=/home/abc/perception_with_ros2/install/base_msgs_per:/home/abc/perception_with_ros2/install/perception:/home/abc/planning_with_ros2/install/planning:/home/abc/planning_with_ros2/install/base_msgs:/home/abc/perception_with_ros2/install/data_plot_per:/home/abc/planning_with_ros2/install/data_plot:/opt/ros/humble LD_LIBRARY_PATH=/home/abc/perception_with_ros2/install/base_msgs_per/lib:/home/abc/perception_with_ros2/install/perception/lib:/home/abc/perception_with_ros2/install/perception/lib:/home/abc/perception_with_ros2/install/perception/lib:/home/abc/planning_with_ros2/install/planning/lib:/home/abc/planning_with_ros2/install/base_msgs/lib:/usr/lib/x86_64-linux-gnu/gazebo-11/plugins:/opt/ros/humble/opt/rviz_ogre_vendor/lib:/opt/ros/humble/lib/x86_64-linux-gnu:/opt/ros/humble/lib /usr/local/bin/cmake /home/abc/perception_with_ros2/src/perception -DCMAKE_INSTALL_PREFIX=/home/abc/perception_with_ros2/install/perception
[1.505s] Invoking command in '/home/abc/perception_with_ros2/build/perception': CMAKE_PREFIX_PATH=/home/abc/perception_with_ros2/install/base_msgs_per:/home/abc/perception_with_ros2/install/perception:/home/abc/planning_with_ros2/install/planning:/home/abc/planning_with_ros2/install/base_msgs:/home/abc/perception_with_ros2/install/data_plot_per:/home/abc/planning_with_ros2/install/data_plot:/opt/ros/humble LD_LIBRARY_PATH=/home/abc/perception_with_ros2/install/base_msgs_per/lib:/home/abc/perception_with_ros2/install/perception/lib:/home/abc/perception_with_ros2/install/perception/lib:/home/abc/perception_with_ros2/install/perception/lib:/home/abc/planning_with_ros2/install/planning/lib:/home/abc/planning_with_ros2/install/base_msgs/lib:/usr/lib/x86_64-linux-gnu/gazebo-11/plugins:/opt/ros/humble/opt/rviz_ogre_vendor/lib:/opt/ros/humble/lib/x86_64-linux-gnu:/opt/ros/humble/lib /usr/local/bin/cmake --build /home/abc/perception_with_ros2/build/perception -- -j12 -l12
[1.522s] [  2%] [32mBuilding CXX object src/common/CMakeFiles/config_reader.dir/config_reader/config_reader.cpp.o[0m
[1.522s] [  5%] [32mBuilding CXX object src/common/CMakeFiles/mathlibs.dir/math/curve.cpp.o[0m
[1.522s] [  7%] [32mBuilding CXX object src/test/CMakeFiles/osqp_test.dir/osqp_test/osqp_test.cpp.o[0m
[1.523s] [ 10%] [32mBuilding CXX object src/test/CMakeFiles/newton_test.dir/newton_test/newton_test.cpp.o[0m
[1.523s] [ 12%] [32mBuilding CXX object src/common/CMakeFiles/mathlibs.dir/math/polynomial_curve.cpp.o[0m
[5.246s] [ 15%] [32m[1mLinking CXX shared library libconfig_reader.so[0m
[5.353s] [ 15%] Built target config_reader
[5.361s] [ 17%] [32mBuilding CXX object src/pnc_map_creator/CMakeFiles/pnc_map_creator.dir/pnc_map_straight/pnc_map_creator_straight.cpp.o[0m
[5.361s] [ 23%] [32mBuilding CXX object src/pnc_map_creator/CMakeFiles/pnc_map_creator.dir/pnc_map_sturn/pnc_map_creator_sturn.cpp.o[0m
[5.361s] [ 23%] [32mBuilding CXX object src/global_planner/CMakeFiles/global_planner.dir/global_planner_normal/global_planner_normal.cpp.o[0m
[5.394s] [ 25%] [32m[1mLinking CXX executable newton_test[0m
[5.495s] [ 25%] Built target newton_test
[5.976s] [ 28%] [32m[1mLinking CXX executable osqp_test[0m
[6.095s] [ 28%] Built target osqp_test
[8.762s] [ 30%] [32m[1mLinking CXX shared library libglobal_planner.so[0m
[8.866s] [ 30%] Built target global_planner
[8.874s] [ 33%] [32mBuilding CXX object src/global_planner/CMakeFiles/global_path_server.dir/global_path_server.cpp.o[0m
[9.063s] [ 35%] [32m[1mLinking CXX shared library libpnc_map_creator.so[0m
[9.196s] [ 35%] Built target pnc_map_creator
[9.204s] [ 38%] [32mBuilding CXX object src/pnc_map_creator/CMakeFiles/pnc_map_server.dir/pnc_map_server.cpp.o[0m
[15.072s] [ 41%] [32m[1mLinking CXX shared library libmathlibs.so[0m
[15.169s] [ 43%] [32m[1mLinking CXX executable global_path_server[0m
[15.420s] [ 43%] Built target global_path_server
[15.444s] [ 43%] Built target mathlibs
[15.451s] [ 48%] [32mBuilding CXX object src/vehicle_info/CMakeFiles/vehicle_info.dir/main_car/main_car_info.cpp.o[0m
[15.451s] [ 48%] [32mBuilding CXX object src/reference_line/CMakeFiles/reference_line.dir/reference_line_creator.cpp.o[0m
[15.452s] [ 51%] [32mBuilding CXX object src/vehicle_info/CMakeFiles/vehicle_info.dir/obs_car/obs_car_info.cpp.o[0m
[15.452s] [ 53%] [32mBuilding CXX object src/reference_line/CMakeFiles/reference_line.dir/reference_line_smoother.cpp.o[0m
[15.653s] [ 56%] [32m[1mLinking CXX executable pnc_map_server[0m
[15.909s] [ 56%] Built target pnc_map_server
[18.825s] [ 58%] [32m[1mLinking CXX shared library libvehicle_info.so[0m
[19.036s] [ 58%] Built target vehicle_info
[19.044s] [ 64%] [32mBuilding CXX object src/move_cmd/CMakeFiles/car_move_cmd.dir/car_move_cmd.cpp.o[0m
[19.044s] [ 64%] [32mBuilding CXX object src/decision_center/CMakeFiles/decision_center.dir/decision_center.cpp.o[0m
[19.044s] [ 66%] [32mBuilding CXX object src/move_cmd/CMakeFiles/obs_move_cmd.dir/obs_move_cmd.cpp.o[0m
[20.428s] [ 69%] [32m[1mLinking CXX shared library libreference_line.so[0m
[20.676s] [ 69%] Built target reference_line
[22.482s] [ 71%] [32m[1mLinking CXX shared library libdecision_center.so[0m
[22.601s] [ 71%] Built target decision_center
[22.609s] [ 74%] [32mBuilding CXX object src/local_planner/CMakeFiles/local_planner.dir/local_path/local_path_planner.cpp.o[0m
[22.610s] [ 76%] [32mBuilding CXX object src/local_planner/CMakeFiles/local_planner.dir/local_trajectory_combiner.cpp.o[0m
[22.610s] [ 79%] [32mBuilding CXX object src/local_planner/CMakeFiles/local_planner.dir/local_path/local_path_smoother.cpp.o[0m
[22.610s] [ 82%] [32mBuilding CXX object src/local_planner/CMakeFiles/local_planner.dir/local_speeds/local_speeds_planner.cpp.o[0m
[22.610s] [ 84%] [32mBuilding CXX object src/local_planner/CMakeFiles/local_planner.dir/local_speeds/local_speeds_smoother.cpp.o[0m
[23.800s] [ 87%] [32m[1mLinking CXX executable obs_move_cmd[0m
[24.113s] [ 87%] Built target obs_move_cmd
[26.002s] [01m[K/home/abc/perception_with_ros2/src/perception/src/local_planner/local_trajectory_combiner.cpp:[m[K In member function ‘[01m[Kbase_msgs_per::msg::LocalTrajectory Perception::LocalTrajectoryCombiner::combin_trajectory(const LocalPath&, const LocalSpeeds&)[m[K’:
[26.002s] [01m[K/home/abc/perception_with_ros2/src/perception/src/local_planner/local_trajectory_combiner.cpp:15:19:[m[K [01;35m[Kwarning: [m[Kunused variable ‘[01m[Kspeeds_size[m[K’ [[01;35m[K]8;;https://gcc.gnu.org/onlinedocs/gcc/Warning-Options.html#index-Wunused-variable-Wunused-variable]8;;[m[K]
[26.002s]    15 |         const int [01;35m[Kspeeds_size[m[K = speeds.local_speeds.size();
[26.002s]       |                   [01;35m[K^~~~~~~~~~~[m[K
[27.477s] [ 89%] [32m[1mLinking CXX shared library liblocal_planner.so[0m
[27.685s] [ 89%] Built target local_planner
[27.693s] [ 92%] [32mBuilding CXX object src/perception_process/CMakeFiles/perception_process.dir/perception_process_main.cpp.o[0m
[27.693s] [ 94%] [32mBuilding CXX object src/perception_process/CMakeFiles/perception_process.dir/perception_process.cpp.o[0m
[28.306s] [ 97%] [32m[1mLinking CXX executable car_move_cmd[0m
[28.802s] [ 97%] Built target car_move_cmd
[40.698s] [100%] [32m[1mLinking CXX executable perception_process[0m
[41.326s] [100%] Built target perception_process
[41.330s] Invoked command in '/home/abc/perception_with_ros2/build/perception' returned '0': CMAKE_PREFIX_PATH=/home/abc/perception_with_ros2/install/base_msgs_per:/home/abc/perception_with_ros2/install/perception:/home/abc/planning_with_ros2/install/planning:/home/abc/planning_with_ros2/install/base_msgs:/home/abc/perception_with_ros2/install/data_plot_per:/home/abc/planning_with_ros2/install/data_plot:/opt/ros/humble LD_LIBRARY_PATH=/home/abc/perception_with_ros2/install/base_msgs_per/lib:/home/abc/perception_with_ros2/install/perception/lib:/home/abc/perception_with_ros2/install/perception/lib:/home/abc/perception_with_ros2/install/perception/lib:/home/abc/planning_with_ros2/install/planning/lib:/home/abc/planning_with_ros2/install/base_msgs/lib:/usr/lib/x86_64-linux-gnu/gazebo-11/plugins:/opt/ros/humble/opt/rviz_ogre_vendor/lib:/opt/ros/humble/lib/x86_64-linux-gnu:/opt/ros/humble/lib /usr/local/bin/cmake --build /home/abc/perception_with_ros2/build/perception -- -j12 -l12
[41.331s] Invoking command in '/home/abc/perception_with_ros2/build/perception': CMAKE_PREFIX_PATH=/home/abc/perception_with_ros2/install/base_msgs_per:/home/abc/perception_with_ros2/install/perception:/home/abc/planning_with_ros2/install/planning:/home/abc/planning_with_ros2/install/base_msgs:/home/abc/perception_with_ros2/install/data_plot_per:/home/abc/planning_with_ros2/install/data_plot:/opt/ros/humble LD_LIBRARY_PATH=/home/abc/perception_with_ros2/install/base_msgs_per/lib:/home/abc/perception_with_ros2/install/perception/lib:/home/abc/perception_with_ros2/install/perception/lib:/home/abc/perception_with_ros2/install/perception/lib:/home/abc/planning_with_ros2/install/planning/lib:/home/abc/planning_with_ros2/install/base_msgs/lib:/usr/lib/x86_64-linux-gnu/gazebo-11/plugins:/opt/ros/humble/opt/rviz_ogre_vendor/lib:/opt/ros/humble/lib/x86_64-linux-gnu:/opt/ros/humble/lib /usr/local/bin/cmake --install /home/abc/perception_with_ros2/build/perception
[41.333s] -- Install configuration: ""
[41.333s] -- Installing: /home/abc/perception_with_ros2/install/perception/lib/libconfig_reader.so
[41.334s] -- Set non-toolchain portion of runtime path of "/home/abc/perception_with_ros2/install/perception/lib/libconfig_reader.so" to ""
[41.334s] -- Installing: /home/abc/perception_with_ros2/install/perception/lib/libmathlibs.so
[41.338s] -- Set non-toolchain portion of runtime path of "/home/abc/perception_with_ros2/install/perception/lib/libmathlibs.so" to ""
[41.338s] -- Installing: /home/abc/perception_with_ros2/install/perception/lib/libdecision_center.so
[41.338s] -- Set non-toolchain portion of runtime path of "/home/abc/perception_with_ros2/install/perception/lib/libdecision_center.so" to ""
[41.339s] -- Installing: /home/abc/perception_with_ros2/install/perception/lib/libpnc_map_creator.so
[41.339s] -- Set non-toolchain portion of runtime path of "/home/abc/perception_with_ros2/install/perception/lib/libpnc_map_creator.so" to ""
[41.339s] -- Installing: /home/abc/perception_with_ros2/install/perception/lib/perception/pnc_map_server
[41.340s] -- Set non-toolchain portion of runtime path of "/home/abc/perception_with_ros2/install/perception/lib/perception/pnc_map_server" to ""
[41.341s] -- Installing: /home/abc/perception_with_ros2/install/perception/lib/libglobal_planner.so
[41.341s] -- Set non-toolchain portion of runtime path of "/home/abc/perception_with_ros2/install/perception/lib/libglobal_planner.so" to ""
[41.341s] -- Installing: /home/abc/perception_with_ros2/install/perception/lib/perception/global_path_server
[41.342s] -- Set non-toolchain portion of runtime path of "/home/abc/perception_with_ros2/install/perception/lib/perception/global_path_server" to ""
[41.343s] -- Installing: /home/abc/perception_with_ros2/install/perception/lib/liblocal_planner.so
[41.343s] -- Set non-toolchain portion of runtime path of "/home/abc/perception_with_ros2/install/perception/lib/liblocal_planner.so" to ""
[41.343s] -- Installing: /home/abc/perception_with_ros2/install/perception/lib/libreference_line.so
[41.344s] -- Set non-toolchain portion of runtime path of "/home/abc/perception_with_ros2/install/perception/lib/libreference_line.so" to ""
[41.345s] -- Installing: /home/abc/perception_with_ros2/install/perception/lib/perception/osqp_test
[41.345s] -- Set non-toolchain portion of runtime path of "/home/abc/perception_with_ros2/install/perception/lib/perception/osqp_test" to ""
[41.345s] -- Installing: /home/abc/perception_with_ros2/install/perception/lib/perception/newton_test
[41.345s] -- Set non-toolchain portion of runtime path of "/home/abc/perception_with_ros2/install/perception/lib/perception/newton_test" to ""
[41.346s] -- Installing: /home/abc/perception_with_ros2/install/perception/lib/libvehicle_info.so
[41.346s] -- Set non-toolchain portion of runtime path of "/home/abc/perception_with_ros2/install/perception/lib/libvehicle_info.so" to ""
[41.346s] -- Installing: /home/abc/perception_with_ros2/install/perception/lib/perception/perception_process
[41.350s] -- Set non-toolchain portion of runtime path of "/home/abc/perception_with_ros2/install/perception/lib/perception/perception_process" to ""
[41.350s] -- Installing: /home/abc/perception_with_ros2/install/perception/lib/perception/car_move_cmd
[41.352s] -- Set non-toolchain portion of runtime path of "/home/abc/perception_with_ros2/install/perception/lib/perception/car_move_cmd" to ""
[41.353s] -- Installing: /home/abc/perception_with_ros2/install/perception/lib/perception/obs_move_cmd
[41.353s] -- Set non-toolchain portion of runtime path of "/home/abc/perception_with_ros2/install/perception/lib/perception/obs_move_cmd" to ""
[41.353s] -- Installing: /home/abc/perception_with_ros2/install/perception/share/perception/config
[41.354s] -- Installing: /home/abc/perception_with_ros2/install/perception/share/perception/config/perception_static_obs_config.yaml
[41.354s] -- Installing: /home/abc/perception_with_ros2/install/perception/share/perception/config/perception_dynamic_obs_config.yaml
[41.354s] -- Installing: /home/abc/perception_with_ros2/install/perception/share/perception/launch
[41.354s] -- Installing: /home/abc/perception_with_ros2/install/perception/share/perception/launch/perception_launch.py
[41.354s] -- Installing: /home/abc/perception_with_ros2/install/perception/share/perception/launch/move_cmd_launch.py
[41.354s] -- Installing: /home/abc/perception_with_ros2/install/perception/share/perception/urdf
[41.354s] -- Installing: /home/abc/perception_with_ros2/install/perception/share/perception/urdf/main_car
[41.354s] -- Installing: /home/abc/perception_with_ros2/install/perception/share/perception/urdf/main_car/car_camera.xacro
[41.354s] -- Installing: /home/abc/perception_with_ros2/install/perception/share/perception/urdf/main_car/car_base.xacro
[41.354s] -- Installing: /home/abc/perception_with_ros2/install/perception/share/perception/urdf/main_car/car_radar.xacro
[41.354s] -- Installing: /home/abc/perception_with_ros2/install/perception/share/perception/urdf/main_car/car.xacro
[41.355s] -- Installing: /home/abc/perception_with_ros2/install/perception/share/perception/urdf/main_car/car_wheels.xacro
[41.355s] -- Installing: /home/abc/perception_with_ros2/install/perception/share/perception/urdf/obs_car
[41.355s] -- Installing: /home/abc/perception_with_ros2/install/perception/share/perception/urdf/obs_car/obs_car.xacro
[41.355s] -- Installing: /home/abc/perception_with_ros2/install/perception/share/perception/rviz
[41.355s] -- Installing: /home/abc/perception_with_ros2/install/perception/share/perception/rviz/perception.rviz
[41.355s] -- Installing: /home/abc/perception_with_ros2/install/perception/share/ament_index/resource_index/package_run_dependencies/perception
[41.355s] -- Installing: /home/abc/perception_with_ros2/install/perception/share/ament_index/resource_index/parent_prefix_path/perception
[41.355s] -- Installing: /home/abc/perception_with_ros2/install/perception/share/perception/environment/ament_prefix_path.sh
[41.356s] -- Installing: /home/abc/perception_with_ros2/install/perception/share/perception/environment/ament_prefix_path.dsv
[41.356s] -- Installing: /home/abc/perception_with_ros2/install/perception/share/perception/environment/path.sh
[41.356s] -- Installing: /home/abc/perception_with_ros2/install/perception/share/perception/environment/path.dsv
[41.356s] -- Installing: /home/abc/perception_with_ros2/install/perception/share/perception/local_setup.bash
[41.356s] -- Installing: /home/abc/perception_with_ros2/install/perception/share/perception/local_setup.sh
[41.356s] -- Installing: /home/abc/perception_with_ros2/install/perception/share/perception/local_setup.zsh
[41.356s] -- Installing: /home/abc/perception_with_ros2/install/perception/share/perception/local_setup.dsv
[41.356s] -- Installing: /home/abc/perception_with_ros2/install/perception/share/perception/package.dsv
[41.356s] -- Installing: /home/abc/perception_with_ros2/install/perception/share/ament_index/resource_index/packages/perception
[41.356s] -- Installing: /home/abc/perception_with_ros2/install/perception/share/perception/cmake/perceptionConfig.cmake
[41.357s] -- Installing: /home/abc/perception_with_ros2/install/perception/share/perception/cmake/perceptionConfig-version.cmake
[41.357s] -- Installing: /home/abc/perception_with_ros2/install/perception/share/perception/package.xml
[41.358s] Invoked command in '/home/abc/perception_with_ros2/build/perception' returned '0': CMAKE_PREFIX_PATH=/home/abc/perception_with_ros2/install/base_msgs_per:/home/abc/perception_with_ros2/install/perception:/home/abc/planning_with_ros2/install/planning:/home/abc/planning_with_ros2/install/base_msgs:/home/abc/perception_with_ros2/install/data_plot_per:/home/abc/planning_with_ros2/install/data_plot:/opt/ros/humble LD_LIBRARY_PATH=/home/abc/perception_with_ros2/install/base_msgs_per/lib:/home/abc/perception_with_ros2/install/perception/lib:/home/abc/perception_with_ros2/install/perception/lib:/home/abc/perception_with_ros2/install/perception/lib:/home/abc/planning_with_ros2/install/planning/lib:/home/abc/planning_with_ros2/install/base_msgs/lib:/usr/lib/x86_64-linux-gnu/gazebo-11/plugins:/opt/ros/humble/opt/rviz_ogre_vendor/lib:/opt/ros/humble/lib/x86_64-linux-gnu:/opt/ros/humble/lib /usr/local/bin/cmake --install /home/abc/perception_with_ros2/build/perception
