[0.014s] Invoking command in '/home/abc/perception_with_ros2/build/perception': CMAKE_PREFIX_PATH=/home/abc/perception_with_ros2/install/base_msgs_per:/home/abc/perception_with_ros2/install/perception:/home/abc/planning_with_ros2/install/planning:/home/abc/planning_with_ros2/install/base_msgs:/home/abc/perception_with_ros2/install/data_plot_per:/home/abc/planning_with_ros2/install/data_plot:/opt/ros/humble LD_LIBRARY_PATH=/home/abc/perception_with_ros2/install/base_msgs_per/lib:/home/abc/perception_with_ros2/install/perception/lib:/home/abc/perception_with_ros2/install/perception/lib:/home/abc/perception_with_ros2/install/perception/lib:/home/abc/planning_with_ros2/install/planning/lib:/home/abc/planning_with_ros2/install/base_msgs/lib:/usr/lib/x86_64-linux-gnu/gazebo-11/plugins:/opt/ros/humble/opt/rviz_ogre_vendor/lib:/opt/ros/humble/lib/x86_64-linux-gnu:/opt/ros/humble/lib /usr/local/bin/cmake --build /home/abc/perception_with_ros2/build/perception -- -j12 -l12
[0.047s] [ 10%] Built target newton_test
[0.047s] [ 10%] Built target osqp_test
[0.047s] [ 17%] Built target mathlibs
[0.047s] [ 20%] [32mBuilding CXX object src/common/CMakeFiles/config_reader.dir/config_reader/config_reader.cpp.o[0m
[3.614s] [ 23%] [32m[1mLinking CXX shared library libconfig_reader.so[0m
[3.703s] [ 23%] Built target config_reader
[3.715s] [ 25%] [32m[1mLinking CXX shared library libglobal_planner.so[0m
[3.715s] [ 28%] [32m[1mLinking CXX shared library libpnc_map_creator.so[0m
[3.715s] [ 30%] [32m[1mLinking CXX shared library libvehicle_info.so[0m
[3.717s] [ 33%] [32m[1mLinking CXX shared library libreference_line.so[0m
[3.941s] [ 35%] Built target global_planner
[3.977s] [ 38%] [32m[1mLinking CXX executable global_path_server[0m
[4.005s] [ 43%] Built target pnc_map_creator
[4.032s] [ 46%] [32m[1mLinking CXX executable pnc_map_server[0m
[4.281s] [ 51%] Built target vehicle_info
[4.305s] [ 53%] [32m[1mLinking CXX shared library libdecision_center.so[0m
[4.305s] [ 56%] [32m[1mLinking CXX executable car_move_cmd[0m
[4.305s] [ 58%] [32m[1mLinking CXX executable obs_move_cmd[0m
[4.384s] [ 64%] Built target reference_line
[4.590s] [ 66%] Built target decision_center
[4.623s] [ 69%] Built target global_path_server
[4.635s] [ 71%] [32m[1mLinking CXX shared library liblocal_planner.so[0m
[4.690s] [ 74%] Built target pnc_map_server
[4.925s] [ 76%] Built target obs_move_cmd
[5.147s] [ 89%] Built target local_planner
[5.169s] [ 92%] [32m[1mLinking CXX executable perception_process[0m
[5.343s] [ 94%] Built target car_move_cmd
[6.283s] [100%] Built target perception_process
[6.296s] Invoked command in '/home/abc/perception_with_ros2/build/perception' returned '0': CMAKE_PREFIX_PATH=/home/abc/perception_with_ros2/install/base_msgs_per:/home/abc/perception_with_ros2/install/perception:/home/abc/planning_with_ros2/install/planning:/home/abc/planning_with_ros2/install/base_msgs:/home/abc/perception_with_ros2/install/data_plot_per:/home/abc/planning_with_ros2/install/data_plot:/opt/ros/humble LD_LIBRARY_PATH=/home/abc/perception_with_ros2/install/base_msgs_per/lib:/home/abc/perception_with_ros2/install/perception/lib:/home/abc/perception_with_ros2/install/perception/lib:/home/abc/perception_with_ros2/install/perception/lib:/home/abc/planning_with_ros2/install/planning/lib:/home/abc/planning_with_ros2/install/base_msgs/lib:/usr/lib/x86_64-linux-gnu/gazebo-11/plugins:/opt/ros/humble/opt/rviz_ogre_vendor/lib:/opt/ros/humble/lib/x86_64-linux-gnu:/opt/ros/humble/lib /usr/local/bin/cmake --build /home/abc/perception_with_ros2/build/perception -- -j12 -l12
[6.298s] Invoking command in '/home/abc/perception_with_ros2/build/perception': CMAKE_PREFIX_PATH=/home/abc/perception_with_ros2/install/base_msgs_per:/home/abc/perception_with_ros2/install/perception:/home/abc/planning_with_ros2/install/planning:/home/abc/planning_with_ros2/install/base_msgs:/home/abc/perception_with_ros2/install/data_plot_per:/home/abc/planning_with_ros2/install/data_plot:/opt/ros/humble LD_LIBRARY_PATH=/home/abc/perception_with_ros2/install/base_msgs_per/lib:/home/abc/perception_with_ros2/install/perception/lib:/home/abc/perception_with_ros2/install/perception/lib:/home/abc/perception_with_ros2/install/perception/lib:/home/abc/planning_with_ros2/install/planning/lib:/home/abc/planning_with_ros2/install/base_msgs/lib:/usr/lib/x86_64-linux-gnu/gazebo-11/plugins:/opt/ros/humble/opt/rviz_ogre_vendor/lib:/opt/ros/humble/lib/x86_64-linux-gnu:/opt/ros/humble/lib /usr/local/bin/cmake --install /home/abc/perception_with_ros2/build/perception
[6.299s] -- Install configuration: ""
[6.300s] -- Installing: /home/abc/perception_with_ros2/install/perception/lib/libconfig_reader.so
[6.300s] -- Set non-toolchain portion of runtime path of "/home/abc/perception_with_ros2/install/perception/lib/libconfig_reader.so" to ""
[6.300s] -- Up-to-date: /home/abc/perception_with_ros2/install/perception/lib/libmathlibs.so
[6.301s] -- Installing: /home/abc/perception_with_ros2/install/perception/lib/libdecision_center.so
[6.301s] -- Set non-toolchain portion of runtime path of "/home/abc/perception_with_ros2/install/perception/lib/libdecision_center.so" to ""
[6.302s] -- Installing: /home/abc/perception_with_ros2/install/perception/lib/libpnc_map_creator.so
[6.302s] -- Set non-toolchain portion of runtime path of "/home/abc/perception_with_ros2/install/perception/lib/libpnc_map_creator.so" to ""
[6.302s] -- Installing: /home/abc/perception_with_ros2/install/perception/lib/perception/pnc_map_server
[6.304s] -- Set non-toolchain portion of runtime path of "/home/abc/perception_with_ros2/install/perception/lib/perception/pnc_map_server" to ""
[6.304s] -- Installing: /home/abc/perception_with_ros2/install/perception/lib/libglobal_planner.so
[6.304s] -- Set non-toolchain portion of runtime path of "/home/abc/perception_with_ros2/install/perception/lib/libglobal_planner.so" to ""
[6.305s] -- Installing: /home/abc/perception_with_ros2/install/perception/lib/perception/global_path_server
[6.306s] -- Set non-toolchain portion of runtime path of "/home/abc/perception_with_ros2/install/perception/lib/perception/global_path_server" to ""
[6.306s] -- Installing: /home/abc/perception_with_ros2/install/perception/lib/liblocal_planner.so
[6.307s] -- Set non-toolchain portion of runtime path of "/home/abc/perception_with_ros2/install/perception/lib/liblocal_planner.so" to ""
[6.307s] -- Installing: /home/abc/perception_with_ros2/install/perception/lib/libreference_line.so
[6.308s] -- Set non-toolchain portion of runtime path of "/home/abc/perception_with_ros2/install/perception/lib/libreference_line.so" to ""
[6.309s] -- Up-to-date: /home/abc/perception_with_ros2/install/perception/lib/perception/osqp_test
[6.309s] -- Up-to-date: /home/abc/perception_with_ros2/install/perception/lib/perception/newton_test
[6.309s] -- Installing: /home/abc/perception_with_ros2/install/perception/lib/libvehicle_info.so
[6.310s] -- Set non-toolchain portion of runtime path of "/home/abc/perception_with_ros2/install/perception/lib/libvehicle_info.so" to ""
[6.310s] -- Installing: /home/abc/perception_with_ros2/install/perception/lib/perception/perception_process
[6.314s] -- Set non-toolchain portion of runtime path of "/home/abc/perception_with_ros2/install/perception/lib/perception/perception_process" to ""
[6.314s] -- Installing: /home/abc/perception_with_ros2/install/perception/lib/perception/car_move_cmd
[6.317s] -- Set non-toolchain portion of runtime path of "/home/abc/perception_with_ros2/install/perception/lib/perception/car_move_cmd" to ""
[6.317s] -- Installing: /home/abc/perception_with_ros2/install/perception/lib/perception/obs_move_cmd
[6.318s] -- Set non-toolchain portion of runtime path of "/home/abc/perception_with_ros2/install/perception/lib/perception/obs_move_cmd" to ""
[6.318s] -- Up-to-date: /home/abc/perception_with_ros2/install/perception/share/perception/config
[6.318s] -- Up-to-date: /home/abc/perception_with_ros2/install/perception/share/perception/config/perception_static_obs_config.yaml
[6.318s] -- Up-to-date: /home/abc/perception_with_ros2/install/perception/share/perception/config/perception_dynamic_obs_config.yaml
[6.318s] -- Up-to-date: /home/abc/perception_with_ros2/install/perception/share/perception/launch
[6.318s] -- Up-to-date: /home/abc/perception_with_ros2/install/perception/share/perception/launch/perception_launch.py
[6.318s] -- Up-to-date: /home/abc/perception_with_ros2/install/perception/share/perception/launch/move_cmd_launch.py
[6.318s] -- Up-to-date: /home/abc/perception_with_ros2/install/perception/share/perception/urdf
[6.318s] -- Up-to-date: /home/abc/perception_with_ros2/install/perception/share/perception/urdf/main_car
[6.319s] -- Up-to-date: /home/abc/perception_with_ros2/install/perception/share/perception/urdf/main_car/car_camera.xacro
[6.319s] -- Up-to-date: /home/abc/perception_with_ros2/install/perception/share/perception/urdf/main_car/car_base.xacro
[6.319s] -- Up-to-date: /home/abc/perception_with_ros2/install/perception/share/perception/urdf/main_car/car_radar.xacro
[6.319s] -- Up-to-date: /home/abc/perception_with_ros2/install/perception/share/perception/urdf/main_car/car.xacro
[6.319s] -- Up-to-date: /home/abc/perception_with_ros2/install/perception/share/perception/urdf/main_car/car_wheels.xacro
[6.319s] -- Up-to-date: /home/abc/perception_with_ros2/install/perception/share/perception/urdf/obs_car
[6.319s] -- Up-to-date: /home/abc/perception_with_ros2/install/perception/share/perception/urdf/obs_car/obs_car.xacro
[6.319s] -- Up-to-date: /home/abc/perception_with_ros2/install/perception/share/perception/rviz
[6.319s] -- Up-to-date: /home/abc/perception_with_ros2/install/perception/share/perception/rviz/perception.rviz
[6.319s] -- Up-to-date: /home/abc/perception_with_ros2/install/perception/share/ament_index/resource_index/package_run_dependencies/perception
[6.319s] -- Up-to-date: /home/abc/perception_with_ros2/install/perception/share/ament_index/resource_index/parent_prefix_path/perception
[6.319s] -- Up-to-date: /home/abc/perception_with_ros2/install/perception/share/perception/environment/ament_prefix_path.sh
[6.319s] -- Up-to-date: /home/abc/perception_with_ros2/install/perception/share/perception/environment/ament_prefix_path.dsv
[6.319s] -- Up-to-date: /home/abc/perception_with_ros2/install/perception/share/perception/environment/path.sh
[6.319s] -- Up-to-date: /home/abc/perception_with_ros2/install/perception/share/perception/environment/path.dsv
[6.319s] -- Up-to-date: /home/abc/perception_with_ros2/install/perception/share/perception/local_setup.bash
[6.319s] -- Up-to-date: /home/abc/perception_with_ros2/install/perception/share/perception/local_setup.sh
[6.320s] -- Up-to-date: /home/abc/perception_with_ros2/install/perception/share/perception/local_setup.zsh
[6.320s] -- Up-to-date: /home/abc/perception_with_ros2/install/perception/share/perception/local_setup.dsv
[6.320s] -- Installing: /home/abc/perception_with_ros2/install/perception/share/perception/package.dsv
[6.320s] -- Up-to-date: /home/abc/perception_with_ros2/install/perception/share/ament_index/resource_index/packages/perception
[6.320s] -- Up-to-date: /home/abc/perception_with_ros2/install/perception/share/perception/cmake/perceptionConfig.cmake
[6.320s] -- Up-to-date: /home/abc/perception_with_ros2/install/perception/share/perception/cmake/perceptionConfig-version.cmake
[6.320s] -- Up-to-date: /home/abc/perception_with_ros2/install/perception/share/perception/package.xml
[6.321s] Invoked command in '/home/abc/perception_with_ros2/build/perception' returned '0': CMAKE_PREFIX_PATH=/home/abc/perception_with_ros2/install/base_msgs_per:/home/abc/perception_with_ros2/install/perception:/home/abc/planning_with_ros2/install/planning:/home/abc/planning_with_ros2/install/base_msgs:/home/abc/perception_with_ros2/install/data_plot_per:/home/abc/planning_with_ros2/install/data_plot:/opt/ros/humble LD_LIBRARY_PATH=/home/abc/perception_with_ros2/install/base_msgs_per/lib:/home/abc/perception_with_ros2/install/perception/lib:/home/abc/perception_with_ros2/install/perception/lib:/home/abc/perception_with_ros2/install/perception/lib:/home/abc/planning_with_ros2/install/planning/lib:/home/abc/planning_with_ros2/install/base_msgs/lib:/usr/lib/x86_64-linux-gnu/gazebo-11/plugins:/opt/ros/humble/opt/rviz_ogre_vendor/lib:/opt/ros/humble/lib/x86_64-linux-gnu:/opt/ros/humble/lib /usr/local/bin/cmake --install /home/abc/perception_with_ros2/build/perception
