[0.114s] DEBUG:colcon:Command line arguments: ['/usr/bin/colcon', 'build']
[0.115s] DEBUG:colcon:Parsed command line arguments: Namespace(log_base=None, log_level=None, verb_name='build', build_base='build', install_base='install', merge_install=False, symlink_install=False, test_result_base=None, continue_on_error=False, executor='parallel', parallel_workers=12, event_handlers=None, ignore_user_meta=False, metas=['./colcon.meta'], base_paths=['.'], packages_ignore=None, packages_ignore_regex=None, paths=None, packages_up_to=None, packages_up_to_regex=None, packages_above=None, packages_above_and_dependencies=None, packages_above_depth=None, packages_select_by_dep=None, packages_skip_by_dep=None, packages_skip_up_to=None, packages_select_build_failed=False, packages_skip_build_finished=False, packages_select_test_failures=False, packages_skip_test_passed=False, packages_select=None, packages_skip=None, packages_select_regex=None, packages_skip_regex=None, packages_start=None, packages_end=None, allow_overriding=[], cmake_args=None, cmake_target=None, cmake_target_skip_unavailable=False, cmake_clean_cache=False, cmake_clean_first=False, cmake_force_configure=False, ament_cmake_args=None, catkin_cmake_args=None, catkin_skip_building_tests=False, verb_parser=<colcon_defaults.argument_parser.defaults.DefaultArgumentsDecorator object at 0x7b2f5415d120>, verb_extension=<colcon_core.verb.build.BuildVerb object at 0x7b2f542d57b0>, main=<bound method BuildVerb.main of <colcon_core.verb.build.BuildVerb object at 0x7b2f542d57b0>>)
[0.286s] Level 1:colcon.colcon_core.package_discovery:discover_packages(colcon_meta) check parameters
[0.286s] Level 1:colcon.colcon_core.package_discovery:discover_packages(recursive) check parameters
[0.286s] Level 1:colcon.colcon_core.package_discovery:discover_packages(ignore) check parameters
[0.286s] Level 1:colcon.colcon_core.package_discovery:discover_packages(path) check parameters
[0.286s] Level 1:colcon.colcon_core.package_discovery:discover_packages(colcon_meta) discover
[0.286s] Level 1:colcon.colcon_core.package_discovery:discover_packages(recursive) discover
[0.286s] INFO:colcon.colcon_core.package_discovery:Crawling recursively for packages in '/home/abc/perception_with_ros2'
[0.286s] Level 1:colcon.colcon_core.package_identification:_identify(.) by extensions ['ignore', 'ignore_ament_install']
[0.286s] Level 1:colcon.colcon_core.package_identification:_identify(.) by extension 'ignore'
[0.286s] Level 1:colcon.colcon_core.package_identification:_identify(.) by extension 'ignore_ament_install'
[0.286s] Level 1:colcon.colcon_core.package_identification:_identify(.) by extensions ['colcon_pkg']
[0.286s] Level 1:colcon.colcon_core.package_identification:_identify(.) by extension 'colcon_pkg'
[0.286s] Level 1:colcon.colcon_core.package_identification:_identify(.) by extensions ['colcon_meta']
[0.286s] Level 1:colcon.colcon_core.package_identification:_identify(.) by extension 'colcon_meta'
[0.286s] Level 1:colcon.colcon_core.package_identification:_identify(.) by extensions ['ros']
[0.287s] Level 1:colcon.colcon_core.package_identification:_identify(.) by extension 'ros'
[0.299s] Level 1:colcon.colcon_core.package_identification:_identify(.) by extensions ['cmake', 'python']
[0.299s] Level 1:colcon.colcon_core.package_identification:_identify(.) by extension 'cmake'
[0.299s] Level 1:colcon.colcon_core.package_identification:_identify(.) by extension 'python'
[0.299s] Level 1:colcon.colcon_core.package_identification:_identify(.) by extensions ['python_setup_py']
[0.299s] Level 1:colcon.colcon_core.package_identification:_identify(.) by extension 'python_setup_py'
[0.300s] Level 1:colcon.colcon_core.package_identification:_identify(build) by extensions ['ignore', 'ignore_ament_install']
[0.300s] Level 1:colcon.colcon_core.package_identification:_identify(build) by extension 'ignore'
[0.300s] Level 1:colcon.colcon_core.package_identification:_identify(build) ignored
[0.300s] Level 1:colcon.colcon_core.package_identification:_identify(install) by extensions ['ignore', 'ignore_ament_install']
[0.300s] Level 1:colcon.colcon_core.package_identification:_identify(install) by extension 'ignore'
[0.300s] Level 1:colcon.colcon_core.package_identification:_identify(install) ignored
[0.300s] Level 1:colcon.colcon_core.package_identification:_identify(log) by extensions ['ignore', 'ignore_ament_install']
[0.300s] Level 1:colcon.colcon_core.package_identification:_identify(log) by extension 'ignore'
[0.300s] Level 1:colcon.colcon_core.package_identification:_identify(log) ignored
[0.300s] Level 1:colcon.colcon_core.package_identification:_identify(src) by extensions ['ignore', 'ignore_ament_install']
[0.300s] Level 1:colcon.colcon_core.package_identification:_identify(src) by extension 'ignore'
[0.301s] Level 1:colcon.colcon_core.package_identification:_identify(src) by extension 'ignore_ament_install'
[0.301s] Level 1:colcon.colcon_core.package_identification:_identify(src) by extensions ['colcon_pkg']
[0.301s] Level 1:colcon.colcon_core.package_identification:_identify(src) by extension 'colcon_pkg'
[0.301s] Level 1:colcon.colcon_core.package_identification:_identify(src) by extensions ['colcon_meta']
[0.301s] Level 1:colcon.colcon_core.package_identification:_identify(src) by extension 'colcon_meta'
[0.301s] Level 1:colcon.colcon_core.package_identification:_identify(src) by extensions ['ros']
[0.301s] Level 1:colcon.colcon_core.package_identification:_identify(src) by extension 'ros'
[0.301s] Level 1:colcon.colcon_core.package_identification:_identify(src) by extensions ['cmake', 'python']
[0.301s] Level 1:colcon.colcon_core.package_identification:_identify(src) by extension 'cmake'
[0.301s] Level 1:colcon.colcon_core.package_identification:_identify(src) by extension 'python'
[0.301s] Level 1:colcon.colcon_core.package_identification:_identify(src) by extensions ['python_setup_py']
[0.301s] Level 1:colcon.colcon_core.package_identification:_identify(src) by extension 'python_setup_py'
[0.301s] Level 1:colcon.colcon_core.package_identification:_identify(src/base_msgs_per) by extensions ['ignore', 'ignore_ament_install']
[0.301s] Level 1:colcon.colcon_core.package_identification:_identify(src/base_msgs_per) by extension 'ignore'
[0.301s] Level 1:colcon.colcon_core.package_identification:_identify(src/base_msgs_per) by extension 'ignore_ament_install'
[0.301s] Level 1:colcon.colcon_core.package_identification:_identify(src/base_msgs_per) by extensions ['colcon_pkg']
[0.301s] Level 1:colcon.colcon_core.package_identification:_identify(src/base_msgs_per) by extension 'colcon_pkg'
[0.301s] Level 1:colcon.colcon_core.package_identification:_identify(src/base_msgs_per) by extensions ['colcon_meta']
[0.301s] Level 1:colcon.colcon_core.package_identification:_identify(src/base_msgs_per) by extension 'colcon_meta'
[0.302s] Level 1:colcon.colcon_core.package_identification:_identify(src/base_msgs_per) by extensions ['ros']
[0.302s] Level 1:colcon.colcon_core.package_identification:_identify(src/base_msgs_per) by extension 'ros'
[0.305s] DEBUG:colcon.colcon_core.package_identification:Package 'src/base_msgs_per' with type 'ros.ament_cmake' and name 'base_msgs_per'
[0.305s] Level 1:colcon.colcon_core.package_identification:_identify(src/data_plot_per) by extensions ['ignore', 'ignore_ament_install']
[0.305s] Level 1:colcon.colcon_core.package_identification:_identify(src/data_plot_per) by extension 'ignore'
[0.305s] Level 1:colcon.colcon_core.package_identification:_identify(src/data_plot_per) by extension 'ignore_ament_install'
[0.306s] Level 1:colcon.colcon_core.package_identification:_identify(src/data_plot_per) by extensions ['colcon_pkg']
[0.306s] Level 1:colcon.colcon_core.package_identification:_identify(src/data_plot_per) by extension 'colcon_pkg'
[0.306s] Level 1:colcon.colcon_core.package_identification:_identify(src/data_plot_per) by extensions ['colcon_meta']
[0.306s] Level 1:colcon.colcon_core.package_identification:_identify(src/data_plot_per) by extension 'colcon_meta'
[0.306s] Level 1:colcon.colcon_core.package_identification:_identify(src/data_plot_per) by extensions ['ros']
[0.306s] Level 1:colcon.colcon_core.package_identification:_identify(src/data_plot_per) by extension 'ros'
[0.306s] DEBUG:colcon.colcon_core.package_identification:Package 'src/data_plot_per' with type 'ros.ament_python' and name 'data_plot_per'
[0.307s] Level 1:colcon.colcon_core.package_identification:_identify(src/perception) by extensions ['ignore', 'ignore_ament_install']
[0.307s] Level 1:colcon.colcon_core.package_identification:_identify(src/perception) by extension 'ignore'
[0.307s] Level 1:colcon.colcon_core.package_identification:_identify(src/perception) by extension 'ignore_ament_install'
[0.307s] Level 1:colcon.colcon_core.package_identification:_identify(src/perception) by extensions ['colcon_pkg']
[0.307s] Level 1:colcon.colcon_core.package_identification:_identify(src/perception) by extension 'colcon_pkg'
[0.307s] Level 1:colcon.colcon_core.package_identification:_identify(src/perception) by extensions ['colcon_meta']
[0.307s] Level 1:colcon.colcon_core.package_identification:_identify(src/perception) by extension 'colcon_meta'
[0.307s] Level 1:colcon.colcon_core.package_identification:_identify(src/perception) by extensions ['ros']
[0.307s] Level 1:colcon.colcon_core.package_identification:_identify(src/perception) by extension 'ros'
[0.308s] DEBUG:colcon.colcon_core.package_identification:Package 'src/perception' with type 'ros.ament_cmake' and name 'perception'
[0.308s] Level 1:colcon.colcon_core.package_discovery:discover_packages(recursive) using defaults
[0.308s] Level 1:colcon.colcon_core.package_discovery:discover_packages(ignore) discover
[0.308s] Level 1:colcon.colcon_core.package_discovery:discover_packages(ignore) using defaults
[0.308s] Level 1:colcon.colcon_core.package_discovery:discover_packages(path) discover
[0.308s] Level 1:colcon.colcon_core.package_discovery:discover_packages(path) using defaults
[0.348s] Level 1:colcon.colcon_core.package_discovery:discover_packages(prefix_path) check parameters
[0.348s] Level 1:colcon.colcon_core.package_discovery:discover_packages(prefix_path) discover
[0.351s] DEBUG:colcon.colcon_installed_package_information.package_discovery:Found 3 installed packages in /home/abc/perception_with_ros2/install
[0.351s] DEBUG:colcon.colcon_installed_package_information.package_discovery:Found 3 installed packages in /home/abc/planning_with_ros2/install
[0.354s] DEBUG:colcon.colcon_installed_package_information.package_discovery:Found 321 installed packages in /opt/ros/humble
[0.357s] Level 1:colcon.colcon_core.package_discovery:discover_packages(prefix_path) using defaults
[0.415s] Level 5:colcon.colcon_core.verb:set package 'base_msgs_per' build argument 'cmake_args' from command line to 'None'
[0.415s] Level 5:colcon.colcon_core.verb:set package 'base_msgs_per' build argument 'cmake_target' from command line to 'None'
[0.415s] Level 5:colcon.colcon_core.verb:set package 'base_msgs_per' build argument 'cmake_target_skip_unavailable' from command line to 'False'
[0.415s] Level 5:colcon.colcon_core.verb:set package 'base_msgs_per' build argument 'cmake_clean_cache' from command line to 'False'
[0.415s] Level 5:colcon.colcon_core.verb:set package 'base_msgs_per' build argument 'cmake_clean_first' from command line to 'False'
[0.415s] Level 5:colcon.colcon_core.verb:set package 'base_msgs_per' build argument 'cmake_force_configure' from command line to 'False'
[0.415s] Level 5:colcon.colcon_core.verb:set package 'base_msgs_per' build argument 'ament_cmake_args' from command line to 'None'
[0.415s] Level 5:colcon.colcon_core.verb:set package 'base_msgs_per' build argument 'catkin_cmake_args' from command line to 'None'
[0.415s] Level 5:colcon.colcon_core.verb:set package 'base_msgs_per' build argument 'catkin_skip_building_tests' from command line to 'False'
[0.415s] DEBUG:colcon.colcon_core.verb:Building package 'base_msgs_per' with the following arguments: {'ament_cmake_args': None, 'build_base': '/home/abc/perception_with_ros2/build/base_msgs_per', 'catkin_cmake_args': None, 'catkin_skip_building_tests': False, 'cmake_args': None, 'cmake_clean_cache': False, 'cmake_clean_first': False, 'cmake_force_configure': False, 'cmake_target': None, 'cmake_target_skip_unavailable': False, 'install_base': '/home/abc/perception_with_ros2/install/base_msgs_per', 'merge_install': False, 'path': '/home/abc/perception_with_ros2/src/base_msgs_per', 'symlink_install': False, 'test_result_base': None}
[0.416s] Level 5:colcon.colcon_core.verb:set package 'data_plot_per' build argument 'cmake_args' from command line to 'None'
[0.416s] Level 5:colcon.colcon_core.verb:set package 'data_plot_per' build argument 'cmake_target' from command line to 'None'
[0.416s] Level 5:colcon.colcon_core.verb:set package 'data_plot_per' build argument 'cmake_target_skip_unavailable' from command line to 'False'
[0.416s] Level 5:colcon.colcon_core.verb:set package 'data_plot_per' build argument 'cmake_clean_cache' from command line to 'False'
[0.416s] Level 5:colcon.colcon_core.verb:set package 'data_plot_per' build argument 'cmake_clean_first' from command line to 'False'
[0.416s] Level 5:colcon.colcon_core.verb:set package 'data_plot_per' build argument 'cmake_force_configure' from command line to 'False'
[0.416s] Level 5:colcon.colcon_core.verb:set package 'data_plot_per' build argument 'ament_cmake_args' from command line to 'None'
[0.416s] Level 5:colcon.colcon_core.verb:set package 'data_plot_per' build argument 'catkin_cmake_args' from command line to 'None'
[0.416s] Level 5:colcon.colcon_core.verb:set package 'data_plot_per' build argument 'catkin_skip_building_tests' from command line to 'False'
[0.416s] DEBUG:colcon.colcon_core.verb:Building package 'data_plot_per' with the following arguments: {'ament_cmake_args': None, 'build_base': '/home/abc/perception_with_ros2/build/data_plot_per', 'catkin_cmake_args': None, 'catkin_skip_building_tests': False, 'cmake_args': None, 'cmake_clean_cache': False, 'cmake_clean_first': False, 'cmake_force_configure': False, 'cmake_target': None, 'cmake_target_skip_unavailable': False, 'install_base': '/home/abc/perception_with_ros2/install/data_plot_per', 'merge_install': False, 'path': '/home/abc/perception_with_ros2/src/data_plot_per', 'symlink_install': False, 'test_result_base': None}
[0.417s] Level 5:colcon.colcon_core.verb:set package 'perception' build argument 'cmake_args' from command line to 'None'
[0.417s] Level 5:colcon.colcon_core.verb:set package 'perception' build argument 'cmake_target' from command line to 'None'
[0.417s] Level 5:colcon.colcon_core.verb:set package 'perception' build argument 'cmake_target_skip_unavailable' from command line to 'False'
[0.417s] Level 5:colcon.colcon_core.verb:set package 'perception' build argument 'cmake_clean_cache' from command line to 'False'
[0.417s] Level 5:colcon.colcon_core.verb:set package 'perception' build argument 'cmake_clean_first' from command line to 'False'
[0.417s] Level 5:colcon.colcon_core.verb:set package 'perception' build argument 'cmake_force_configure' from command line to 'False'
[0.417s] Level 5:colcon.colcon_core.verb:set package 'perception' build argument 'ament_cmake_args' from command line to 'None'
[0.417s] Level 5:colcon.colcon_core.verb:set package 'perception' build argument 'catkin_cmake_args' from command line to 'None'
[0.417s] Level 5:colcon.colcon_core.verb:set package 'perception' build argument 'catkin_skip_building_tests' from command line to 'False'
[0.417s] DEBUG:colcon.colcon_core.verb:Building package 'perception' with the following arguments: {'ament_cmake_args': None, 'build_base': '/home/abc/perception_with_ros2/build/perception', 'catkin_cmake_args': None, 'catkin_skip_building_tests': False, 'cmake_args': None, 'cmake_clean_cache': False, 'cmake_clean_first': False, 'cmake_force_configure': False, 'cmake_target': None, 'cmake_target_skip_unavailable': False, 'install_base': '/home/abc/perception_with_ros2/install/perception', 'merge_install': False, 'path': '/home/abc/perception_with_ros2/src/perception', 'symlink_install': False, 'test_result_base': None}
[0.417s] INFO:colcon.colcon_core.executor:Executing jobs using 'parallel' executor
[0.418s] DEBUG:colcon.colcon_parallel_executor.executor.parallel:run_until_complete
[0.418s] INFO:colcon.colcon_ros.task.ament_cmake.build:Building ROS package in '/home/abc/perception_with_ros2/src/base_msgs_per' with build type 'ament_cmake'
[0.418s] INFO:colcon.colcon_cmake.task.cmake.build:Building CMake package in '/home/abc/perception_with_ros2/src/base_msgs_per'
[0.420s] INFO:colcon.colcon_core.plugin_system:Skipping extension 'colcon_core.shell.bat': Not used on non-Windows systems
[0.421s] INFO:colcon.colcon_core.shell:Skip shell extension 'powershell' for command environment: Not usable outside of PowerShell
[0.421s] DEBUG:colcon.colcon_core.shell:Skip shell extension 'dsv' for command environment
[0.425s] INFO:colcon.colcon_ros.task.ament_python.build:Building ROS package in '/home/abc/perception_with_ros2/src/data_plot_per' with build type 'ament_python'
[0.425s] Level 1:colcon.colcon_core.shell:create_environment_hook('data_plot_per', 'ament_prefix_path')
[0.426s] INFO:colcon.colcon_core.shell:Creating environment hook '/home/abc/perception_with_ros2/install/data_plot_per/share/data_plot_per/hook/ament_prefix_path.ps1'
[0.426s] INFO:colcon.colcon_core.shell:Creating environment descriptor '/home/abc/perception_with_ros2/install/data_plot_per/share/data_plot_per/hook/ament_prefix_path.dsv'
[0.427s] INFO:colcon.colcon_core.shell:Creating environment hook '/home/abc/perception_with_ros2/install/data_plot_per/share/data_plot_per/hook/ament_prefix_path.sh'
[0.428s] INFO:colcon.colcon_core.shell:Skip shell extension 'powershell' for command environment: Not usable outside of PowerShell
[0.428s] DEBUG:colcon.colcon_core.shell:Skip shell extension 'dsv' for command environment
[0.437s] DEBUG:colcon.colcon_core.event_handler.log_command:Invoking command in '/home/abc/perception_with_ros2/build/base_msgs_per': CMAKE_PREFIX_PATH=${CMAKE_PREFIX_PATH}:/home/abc/perception_with_ros2/install/data_plot_per:/home/abc/planning_with_ros2/install/data_plot:/opt/ros/humble /usr/local/bin/cmake --build /home/abc/perception_with_ros2/build/base_msgs_per -- -j12 -l12
[0.808s] INFO:colcon.colcon_core.task.python.build:Building Python package in '/home/abc/perception_with_ros2/src/data_plot_per'
[0.808s] INFO:colcon.colcon_core.shell:Skip shell extension 'powershell' for command environment: Not usable outside of PowerShell
[0.809s] DEBUG:colcon.colcon_core.shell:Skip shell extension 'dsv' for command environment
[0.882s] DEBUG:colcon.colcon_core.event_handler.log_command:Invoked command in '/home/abc/perception_with_ros2/build/base_msgs_per' returned '0': CMAKE_PREFIX_PATH=${CMAKE_PREFIX_PATH}:/home/abc/perception_with_ros2/install/data_plot_per:/home/abc/planning_with_ros2/install/data_plot:/opt/ros/humble /usr/local/bin/cmake --build /home/abc/perception_with_ros2/build/base_msgs_per -- -j12 -l12
[0.891s] DEBUG:colcon.colcon_core.event_handler.log_command:Invoking command in '/home/abc/perception_with_ros2/build/base_msgs_per': CMAKE_PREFIX_PATH=${CMAKE_PREFIX_PATH}:/home/abc/perception_with_ros2/install/data_plot_per:/home/abc/planning_with_ros2/install/data_plot:/opt/ros/humble /usr/local/bin/cmake --install /home/abc/perception_with_ros2/build/base_msgs_per
[0.960s] Level 1:colcon.colcon_core.environment:create_environment_scripts_only(base_msgs_per)
[0.967s] DEBUG:colcon.colcon_core.event_handler.log_command:Invoked command in '/home/abc/perception_with_ros2/build/base_msgs_per' returned '0': CMAKE_PREFIX_PATH=${CMAKE_PREFIX_PATH}:/home/abc/perception_with_ros2/install/data_plot_per:/home/abc/planning_with_ros2/install/data_plot:/opt/ros/humble /usr/local/bin/cmake --install /home/abc/perception_with_ros2/build/base_msgs_per
[0.969s] Level 1:colcon.colcon_core.environment:checking '/home/abc/perception_with_ros2/install/base_msgs_per' for CMake module files
[0.970s] Level 1:colcon.colcon_core.environment:checking '/home/abc/perception_with_ros2/install/base_msgs_per' for CMake config files
[0.971s] Level 1:colcon.colcon_core.shell:create_environment_hook('base_msgs_per', 'cmake_prefix_path')
[0.971s] INFO:colcon.colcon_core.shell:Creating environment hook '/home/abc/perception_with_ros2/install/base_msgs_per/share/base_msgs_per/hook/cmake_prefix_path.ps1'
[0.972s] INFO:colcon.colcon_core.shell:Creating environment descriptor '/home/abc/perception_with_ros2/install/base_msgs_per/share/base_msgs_per/hook/cmake_prefix_path.dsv'
[0.973s] INFO:colcon.colcon_core.shell:Creating environment hook '/home/abc/perception_with_ros2/install/base_msgs_per/share/base_msgs_per/hook/cmake_prefix_path.sh'
[0.974s] Level 1:colcon.colcon_core.environment:checking '/home/abc/perception_with_ros2/install/base_msgs_per/lib'
[0.974s] Level 1:colcon.colcon_core.shell:create_environment_hook('base_msgs_per', 'ld_library_path_lib')
[0.974s] INFO:colcon.colcon_core.shell:Creating environment hook '/home/abc/perception_with_ros2/install/base_msgs_per/share/base_msgs_per/hook/ld_library_path_lib.ps1'
[0.975s] INFO:colcon.colcon_core.shell:Creating environment descriptor '/home/abc/perception_with_ros2/install/base_msgs_per/share/base_msgs_per/hook/ld_library_path_lib.dsv'
[0.975s] INFO:colcon.colcon_core.shell:Creating environment hook '/home/abc/perception_with_ros2/install/base_msgs_per/share/base_msgs_per/hook/ld_library_path_lib.sh'
[0.976s] Level 1:colcon.colcon_core.environment:checking '/home/abc/perception_with_ros2/install/base_msgs_per/bin'
[0.976s] Level 1:colcon.colcon_core.environment:checking '/home/abc/perception_with_ros2/install/base_msgs_per/lib/pkgconfig/base_msgs_per.pc'
[0.976s] Level 1:colcon.colcon_core.environment:checking '/home/abc/perception_with_ros2/install/base_msgs_per/lib/python3.10/site-packages'
[0.977s] Level 1:colcon.colcon_core.environment:checking '/home/abc/perception_with_ros2/install/base_msgs_per/bin'
[0.978s] INFO:colcon.colcon_core.shell:Creating package script '/home/abc/perception_with_ros2/install/base_msgs_per/share/base_msgs_per/package.ps1'
[0.979s] INFO:colcon.colcon_core.shell:Creating package descriptor '/home/abc/perception_with_ros2/install/base_msgs_per/share/base_msgs_per/package.dsv'
[0.980s] INFO:colcon.colcon_core.shell:Creating package script '/home/abc/perception_with_ros2/install/base_msgs_per/share/base_msgs_per/package.sh'
[0.982s] INFO:colcon.colcon_core.shell:Creating package script '/home/abc/perception_with_ros2/install/base_msgs_per/share/base_msgs_per/package.bash'
[0.983s] INFO:colcon.colcon_core.shell:Creating package script '/home/abc/perception_with_ros2/install/base_msgs_per/share/base_msgs_per/package.zsh'
[0.984s] Level 1:colcon.colcon_core.environment:create_file_with_runtime_dependencies(/home/abc/perception_with_ros2/install/base_msgs_per/share/colcon-core/packages/base_msgs_per)
[0.986s] Level 1:colcon.colcon_core.environment:create_environment_scripts_only(base_msgs_per)
[0.986s] Level 1:colcon.colcon_core.environment:checking '/home/abc/perception_with_ros2/install/base_msgs_per' for CMake module files
[0.987s] Level 1:colcon.colcon_core.environment:checking '/home/abc/perception_with_ros2/install/base_msgs_per' for CMake config files
[0.987s] Level 1:colcon.colcon_core.shell:create_environment_hook('base_msgs_per', 'cmake_prefix_path')
[0.988s] INFO:colcon.colcon_core.shell:Creating environment hook '/home/abc/perception_with_ros2/install/base_msgs_per/share/base_msgs_per/hook/cmake_prefix_path.ps1'
[0.988s] INFO:colcon.colcon_core.shell:Creating environment descriptor '/home/abc/perception_with_ros2/install/base_msgs_per/share/base_msgs_per/hook/cmake_prefix_path.dsv'
[0.989s] INFO:colcon.colcon_core.shell:Creating environment hook '/home/abc/perception_with_ros2/install/base_msgs_per/share/base_msgs_per/hook/cmake_prefix_path.sh'
[0.990s] Level 1:colcon.colcon_core.environment:checking '/home/abc/perception_with_ros2/install/base_msgs_per/lib'
[0.990s] Level 1:colcon.colcon_core.shell:create_environment_hook('base_msgs_per', 'ld_library_path_lib')
[0.990s] INFO:colcon.colcon_core.shell:Creating environment hook '/home/abc/perception_with_ros2/install/base_msgs_per/share/base_msgs_per/hook/ld_library_path_lib.ps1'
[0.991s] INFO:colcon.colcon_core.shell:Creating environment descriptor '/home/abc/perception_with_ros2/install/base_msgs_per/share/base_msgs_per/hook/ld_library_path_lib.dsv'
[0.991s] INFO:colcon.colcon_core.shell:Creating environment hook '/home/abc/perception_with_ros2/install/base_msgs_per/share/base_msgs_per/hook/ld_library_path_lib.sh'
[0.992s] Level 1:colcon.colcon_core.environment:checking '/home/abc/perception_with_ros2/install/base_msgs_per/bin'
[0.992s] Level 1:colcon.colcon_core.environment:checking '/home/abc/perception_with_ros2/install/base_msgs_per/lib/pkgconfig/base_msgs_per.pc'
[0.993s] Level 1:colcon.colcon_core.environment:checking '/home/abc/perception_with_ros2/install/base_msgs_per/lib/python3.10/site-packages'
[0.993s] Level 1:colcon.colcon_core.environment:checking '/home/abc/perception_with_ros2/install/base_msgs_per/bin'
[0.994s] INFO:colcon.colcon_core.shell:Creating package script '/home/abc/perception_with_ros2/install/base_msgs_per/share/base_msgs_per/package.ps1'
[0.995s] INFO:colcon.colcon_core.shell:Creating package descriptor '/home/abc/perception_with_ros2/install/base_msgs_per/share/base_msgs_per/package.dsv'
[0.996s] INFO:colcon.colcon_core.shell:Creating package script '/home/abc/perception_with_ros2/install/base_msgs_per/share/base_msgs_per/package.sh'
[0.996s] INFO:colcon.colcon_core.shell:Creating package script '/home/abc/perception_with_ros2/install/base_msgs_per/share/base_msgs_per/package.bash'
[0.997s] INFO:colcon.colcon_core.shell:Creating package script '/home/abc/perception_with_ros2/install/base_msgs_per/share/base_msgs_per/package.zsh'
[0.997s] Level 1:colcon.colcon_core.environment:create_file_with_runtime_dependencies(/home/abc/perception_with_ros2/install/base_msgs_per/share/colcon-core/packages/base_msgs_per)
[0.998s] INFO:colcon.colcon_ros.task.ament_cmake.build:Building ROS package in '/home/abc/perception_with_ros2/src/perception' with build type 'ament_cmake'
[0.998s] INFO:colcon.colcon_cmake.task.cmake.build:Building CMake package in '/home/abc/perception_with_ros2/src/perception'
[0.999s] INFO:colcon.colcon_core.shell:Skip shell extension 'powershell' for command environment: Not usable outside of PowerShell
[0.999s] DEBUG:colcon.colcon_core.shell:Skip shell extension 'dsv' for command environment
[1.013s] DEBUG:colcon.colcon_core.event_handler.log_command:Invoking command in '/home/abc/perception_with_ros2/build/perception': CMAKE_PREFIX_PATH=/home/abc/perception_with_ros2/install/base_msgs_per:/home/abc/perception_with_ros2/install/perception:/home/abc/planning_with_ros2/install/planning:/home/abc/planning_with_ros2/install/base_msgs:/home/abc/perception_with_ros2/install/data_plot_per:/home/abc/planning_with_ros2/install/data_plot:/opt/ros/humble LD_LIBRARY_PATH=/home/abc/perception_with_ros2/install/base_msgs_per/lib:/home/abc/perception_with_ros2/install/perception/lib:/home/abc/perception_with_ros2/install/perception/lib:/home/abc/perception_with_ros2/install/perception/lib:/home/abc/planning_with_ros2/install/planning/lib:/home/abc/planning_with_ros2/install/base_msgs/lib:/usr/lib/x86_64-linux-gnu/gazebo-11/plugins:/opt/ros/humble/opt/rviz_ogre_vendor/lib:/opt/ros/humble/lib/x86_64-linux-gnu:/opt/ros/humble/lib /usr/local/bin/cmake --build /home/abc/perception_with_ros2/build/perception -- -j12 -l12
[1.316s] DEBUG:colcon.colcon_core.event_handler.log_command:Invoking command in '/home/abc/perception_with_ros2/src/data_plot_per': PYTHONPATH=/home/abc/perception_with_ros2/build/data_plot_per/prefix_override:/usr/lib/python3/dist-packages/colcon_core/task/python/colcon_distutils_commands:/home/abc/perception_with_ros2/install/data_plot_per/lib/python3.10/site-packages:${PYTHONPATH} /usr/bin/python3 -W ignore:setup.py install is deprecated -W ignore:easy_install command is deprecated setup.py egg_info --egg-base ../../build/data_plot_per build --build-base /home/abc/perception_with_ros2/build/data_plot_per/build install --record /home/abc/perception_with_ros2/build/data_plot_per/install.log --single-version-externally-managed install_data
[1.717s] Level 1:colcon.colcon_core.environment:checking '/home/abc/perception_with_ros2/install/data_plot_per' for CMake module files
[1.718s] DEBUG:colcon.colcon_core.event_handler.log_command:Invoked command in '/home/abc/perception_with_ros2/src/data_plot_per' returned '0': PYTHONPATH=/home/abc/perception_with_ros2/build/data_plot_per/prefix_override:/usr/lib/python3/dist-packages/colcon_core/task/python/colcon_distutils_commands:/home/abc/perception_with_ros2/install/data_plot_per/lib/python3.10/site-packages:${PYTHONPATH} /usr/bin/python3 -W ignore:setup.py install is deprecated -W ignore:easy_install command is deprecated setup.py egg_info --egg-base ../../build/data_plot_per build --build-base /home/abc/perception_with_ros2/build/data_plot_per/build install --record /home/abc/perception_with_ros2/build/data_plot_per/install.log --single-version-externally-managed install_data
[1.718s] Level 1:colcon.colcon_core.environment:checking '/home/abc/perception_with_ros2/install/data_plot_per' for CMake config files
[1.719s] Level 1:colcon.colcon_core.environment:checking '/home/abc/perception_with_ros2/install/data_plot_per/lib'
[1.719s] Level 1:colcon.colcon_core.environment:checking '/home/abc/perception_with_ros2/install/data_plot_per/bin'
[1.719s] Level 1:colcon.colcon_core.environment:checking '/home/abc/perception_with_ros2/install/data_plot_per/lib/pkgconfig/data_plot_per.pc'
[1.719s] Level 1:colcon.colcon_core.environment:checking '/home/abc/perception_with_ros2/install/data_plot_per/lib/python3.10/site-packages'
[1.719s] Level 1:colcon.colcon_core.shell:create_environment_hook('data_plot_per', 'pythonpath')
[1.720s] INFO:colcon.colcon_core.shell:Creating environment hook '/home/abc/perception_with_ros2/install/data_plot_per/share/data_plot_per/hook/pythonpath.ps1'
[1.720s] INFO:colcon.colcon_core.shell:Creating environment descriptor '/home/abc/perception_with_ros2/install/data_plot_per/share/data_plot_per/hook/pythonpath.dsv'
[1.721s] INFO:colcon.colcon_core.shell:Creating environment hook '/home/abc/perception_with_ros2/install/data_plot_per/share/data_plot_per/hook/pythonpath.sh'
[1.722s] Level 1:colcon.colcon_core.environment:checking '/home/abc/perception_with_ros2/install/data_plot_per/bin'
[1.722s] Level 1:colcon.colcon_core.environment:create_environment_scripts_only(data_plot_per)
[1.723s] INFO:colcon.colcon_core.shell:Creating package script '/home/abc/perception_with_ros2/install/data_plot_per/share/data_plot_per/package.ps1'
[1.723s] INFO:colcon.colcon_core.shell:Creating package descriptor '/home/abc/perception_with_ros2/install/data_plot_per/share/data_plot_per/package.dsv'
[1.724s] INFO:colcon.colcon_core.shell:Creating package script '/home/abc/perception_with_ros2/install/data_plot_per/share/data_plot_per/package.sh'
[1.724s] INFO:colcon.colcon_core.shell:Creating package script '/home/abc/perception_with_ros2/install/data_plot_per/share/data_plot_per/package.bash'
[1.725s] INFO:colcon.colcon_core.shell:Creating package script '/home/abc/perception_with_ros2/install/data_plot_per/share/data_plot_per/package.zsh'
[1.726s] Level 1:colcon.colcon_core.environment:create_file_with_runtime_dependencies(/home/abc/perception_with_ros2/install/data_plot_per/share/colcon-core/packages/data_plot_per)
[7.569s] DEBUG:colcon.colcon_core.event_handler.log_command:Invoked command in '/home/abc/perception_with_ros2/build/perception' returned '0': CMAKE_PREFIX_PATH=/home/abc/perception_with_ros2/install/base_msgs_per:/home/abc/perception_with_ros2/install/perception:/home/abc/planning_with_ros2/install/planning:/home/abc/planning_with_ros2/install/base_msgs:/home/abc/perception_with_ros2/install/data_plot_per:/home/abc/planning_with_ros2/install/data_plot:/opt/ros/humble LD_LIBRARY_PATH=/home/abc/perception_with_ros2/install/base_msgs_per/lib:/home/abc/perception_with_ros2/install/perception/lib:/home/abc/perception_with_ros2/install/perception/lib:/home/abc/perception_with_ros2/install/perception/lib:/home/abc/planning_with_ros2/install/planning/lib:/home/abc/planning_with_ros2/install/base_msgs/lib:/usr/lib/x86_64-linux-gnu/gazebo-11/plugins:/opt/ros/humble/opt/rviz_ogre_vendor/lib:/opt/ros/humble/lib/x86_64-linux-gnu:/opt/ros/humble/lib /usr/local/bin/cmake --build /home/abc/perception_with_ros2/build/perception -- -j12 -l12
[7.571s] DEBUG:colcon.colcon_core.event_handler.log_command:Invoking command in '/home/abc/perception_with_ros2/build/perception': CMAKE_PREFIX_PATH=/home/abc/perception_with_ros2/install/base_msgs_per:/home/abc/perception_with_ros2/install/perception:/home/abc/planning_with_ros2/install/planning:/home/abc/planning_with_ros2/install/base_msgs:/home/abc/perception_with_ros2/install/data_plot_per:/home/abc/planning_with_ros2/install/data_plot:/opt/ros/humble LD_LIBRARY_PATH=/home/abc/perception_with_ros2/install/base_msgs_per/lib:/home/abc/perception_with_ros2/install/perception/lib:/home/abc/perception_with_ros2/install/perception/lib:/home/abc/perception_with_ros2/install/perception/lib:/home/abc/planning_with_ros2/install/planning/lib:/home/abc/planning_with_ros2/install/base_msgs/lib:/usr/lib/x86_64-linux-gnu/gazebo-11/plugins:/opt/ros/humble/opt/rviz_ogre_vendor/lib:/opt/ros/humble/lib/x86_64-linux-gnu:/opt/ros/humble/lib /usr/local/bin/cmake --install /home/abc/perception_with_ros2/build/perception
[7.601s] Level 1:colcon.colcon_core.environment:create_environment_scripts_only(perception)
[7.601s] Level 1:colcon.colcon_core.environment:checking '/home/abc/perception_with_ros2/install/perception' for CMake module files
[7.602s] DEBUG:colcon.colcon_core.event_handler.log_command:Invoked command in '/home/abc/perception_with_ros2/build/perception' returned '0': CMAKE_PREFIX_PATH=/home/abc/perception_with_ros2/install/base_msgs_per:/home/abc/perception_with_ros2/install/perception:/home/abc/planning_with_ros2/install/planning:/home/abc/planning_with_ros2/install/base_msgs:/home/abc/perception_with_ros2/install/data_plot_per:/home/abc/planning_with_ros2/install/data_plot:/opt/ros/humble LD_LIBRARY_PATH=/home/abc/perception_with_ros2/install/base_msgs_per/lib:/home/abc/perception_with_ros2/install/perception/lib:/home/abc/perception_with_ros2/install/perception/lib:/home/abc/perception_with_ros2/install/perception/lib:/home/abc/planning_with_ros2/install/planning/lib:/home/abc/planning_with_ros2/install/base_msgs/lib:/usr/lib/x86_64-linux-gnu/gazebo-11/plugins:/opt/ros/humble/opt/rviz_ogre_vendor/lib:/opt/ros/humble/lib/x86_64-linux-gnu:/opt/ros/humble/lib /usr/local/bin/cmake --install /home/abc/perception_with_ros2/build/perception
[7.603s] Level 1:colcon.colcon_core.environment:checking '/home/abc/perception_with_ros2/install/perception' for CMake config files
[7.603s] Level 1:colcon.colcon_core.shell:create_environment_hook('perception', 'cmake_prefix_path')
[7.603s] INFO:colcon.colcon_core.shell:Creating environment hook '/home/abc/perception_with_ros2/install/perception/share/perception/hook/cmake_prefix_path.ps1'
[7.604s] INFO:colcon.colcon_core.shell:Creating environment descriptor '/home/abc/perception_with_ros2/install/perception/share/perception/hook/cmake_prefix_path.dsv'
[7.604s] INFO:colcon.colcon_core.shell:Creating environment hook '/home/abc/perception_with_ros2/install/perception/share/perception/hook/cmake_prefix_path.sh'
[7.604s] Level 1:colcon.colcon_core.environment:checking '/home/abc/perception_with_ros2/install/perception/lib'
[7.605s] Level 1:colcon.colcon_core.shell:create_environment_hook('perception', 'ld_library_path_lib')
[7.605s] INFO:colcon.colcon_core.shell:Creating environment hook '/home/abc/perception_with_ros2/install/perception/share/perception/hook/ld_library_path_lib.ps1'
[7.605s] INFO:colcon.colcon_core.shell:Creating environment descriptor '/home/abc/perception_with_ros2/install/perception/share/perception/hook/ld_library_path_lib.dsv'
[7.606s] INFO:colcon.colcon_core.shell:Creating environment hook '/home/abc/perception_with_ros2/install/perception/share/perception/hook/ld_library_path_lib.sh'
[7.606s] Level 1:colcon.colcon_core.environment:checking '/home/abc/perception_with_ros2/install/perception/bin'
[7.606s] Level 1:colcon.colcon_core.environment:checking '/home/abc/perception_with_ros2/install/perception/lib/pkgconfig/perception.pc'
[7.606s] Level 1:colcon.colcon_core.environment:checking '/home/abc/perception_with_ros2/install/perception/lib/python3.10/site-packages'
[7.607s] Level 1:colcon.colcon_core.environment:checking '/home/abc/perception_with_ros2/install/perception/bin'
[7.607s] INFO:colcon.colcon_core.shell:Creating package script '/home/abc/perception_with_ros2/install/perception/share/perception/package.ps1'
[7.607s] INFO:colcon.colcon_core.shell:Creating package descriptor '/home/abc/perception_with_ros2/install/perception/share/perception/package.dsv'
[7.608s] INFO:colcon.colcon_core.shell:Creating package script '/home/abc/perception_with_ros2/install/perception/share/perception/package.sh'
[7.609s] INFO:colcon.colcon_core.shell:Creating package script '/home/abc/perception_with_ros2/install/perception/share/perception/package.bash'
[7.609s] INFO:colcon.colcon_core.shell:Creating package script '/home/abc/perception_with_ros2/install/perception/share/perception/package.zsh'
[7.610s] Level 1:colcon.colcon_core.environment:create_file_with_runtime_dependencies(/home/abc/perception_with_ros2/install/perception/share/colcon-core/packages/perception)
[7.610s] Level 1:colcon.colcon_core.environment:create_environment_scripts_only(perception)
[7.611s] Level 1:colcon.colcon_core.environment:checking '/home/abc/perception_with_ros2/install/perception' for CMake module files
[7.611s] Level 1:colcon.colcon_core.environment:checking '/home/abc/perception_with_ros2/install/perception' for CMake config files
[7.611s] Level 1:colcon.colcon_core.shell:create_environment_hook('perception', 'cmake_prefix_path')
[7.611s] INFO:colcon.colcon_core.shell:Creating environment hook '/home/abc/perception_with_ros2/install/perception/share/perception/hook/cmake_prefix_path.ps1'
[7.612s] INFO:colcon.colcon_core.shell:Creating environment descriptor '/home/abc/perception_with_ros2/install/perception/share/perception/hook/cmake_prefix_path.dsv'
[7.612s] INFO:colcon.colcon_core.shell:Creating environment hook '/home/abc/perception_with_ros2/install/perception/share/perception/hook/cmake_prefix_path.sh'
[7.613s] Level 1:colcon.colcon_core.environment:checking '/home/abc/perception_with_ros2/install/perception/lib'
[7.613s] Level 1:colcon.colcon_core.shell:create_environment_hook('perception', 'ld_library_path_lib')
[7.613s] INFO:colcon.colcon_core.shell:Creating environment hook '/home/abc/perception_with_ros2/install/perception/share/perception/hook/ld_library_path_lib.ps1'
[7.613s] INFO:colcon.colcon_core.shell:Creating environment descriptor '/home/abc/perception_with_ros2/install/perception/share/perception/hook/ld_library_path_lib.dsv'
[7.614s] INFO:colcon.colcon_core.shell:Creating environment hook '/home/abc/perception_with_ros2/install/perception/share/perception/hook/ld_library_path_lib.sh'
[7.614s] Level 1:colcon.colcon_core.environment:checking '/home/abc/perception_with_ros2/install/perception/bin'
[7.614s] Level 1:colcon.colcon_core.environment:checking '/home/abc/perception_with_ros2/install/perception/lib/pkgconfig/perception.pc'
[7.615s] Level 1:colcon.colcon_core.environment:checking '/home/abc/perception_with_ros2/install/perception/lib/python3.10/site-packages'
[7.615s] Level 1:colcon.colcon_core.environment:checking '/home/abc/perception_with_ros2/install/perception/bin'
[7.616s] INFO:colcon.colcon_core.shell:Creating package script '/home/abc/perception_with_ros2/install/perception/share/perception/package.ps1'
[7.616s] INFO:colcon.colcon_core.shell:Creating package descriptor '/home/abc/perception_with_ros2/install/perception/share/perception/package.dsv'
[7.617s] INFO:colcon.colcon_core.shell:Creating package script '/home/abc/perception_with_ros2/install/perception/share/perception/package.sh'
[7.617s] INFO:colcon.colcon_core.shell:Creating package script '/home/abc/perception_with_ros2/install/perception/share/perception/package.bash'
[7.618s] INFO:colcon.colcon_core.shell:Creating package script '/home/abc/perception_with_ros2/install/perception/share/perception/package.zsh'
[7.618s] Level 1:colcon.colcon_core.environment:create_file_with_runtime_dependencies(/home/abc/perception_with_ros2/install/perception/share/colcon-core/packages/perception)
[7.619s] DEBUG:colcon.colcon_parallel_executor.executor.parallel:closing loop
[7.619s] DEBUG:colcon.colcon_parallel_executor.executor.parallel:loop closed
[7.619s] DEBUG:colcon.colcon_parallel_executor.executor.parallel:run_until_complete finished with '0'
[7.619s] DEBUG:colcon.colcon_core.event_reactor:joining thread
[7.625s] INFO:colcon.colcon_core.plugin_system:Skipping extension 'colcon_notification.desktop_notification.terminal_notifier': Not used on non-Darwin systems
[7.625s] INFO:colcon.colcon_core.plugin_system:Skipping extension 'colcon_notification.desktop_notification.win32': Not used on non-Windows systems
[7.625s] INFO:colcon.colcon_notification.desktop_notification:Sending desktop notification using 'notify2'
[7.640s] DEBUG:colcon.colcon_core.event_reactor:joined thread
[7.640s] INFO:colcon.colcon_core.shell:Creating prefix script '/home/abc/perception_with_ros2/install/local_setup.ps1'
[7.641s] INFO:colcon.colcon_core.shell:Creating prefix util module '/home/abc/perception_with_ros2/install/_local_setup_util_ps1.py'
[7.643s] INFO:colcon.colcon_core.shell:Creating prefix chain script '/home/abc/perception_with_ros2/install/setup.ps1'
[7.644s] INFO:colcon.colcon_core.shell:Creating prefix script '/home/abc/perception_with_ros2/install/local_setup.sh'
[7.645s] INFO:colcon.colcon_core.shell:Creating prefix util module '/home/abc/perception_with_ros2/install/_local_setup_util_sh.py'
[7.646s] INFO:colcon.colcon_core.shell:Creating prefix chain script '/home/abc/perception_with_ros2/install/setup.sh'
[7.647s] INFO:colcon.colcon_core.shell:Creating prefix script '/home/abc/perception_with_ros2/install/local_setup.bash'
[7.648s] INFO:colcon.colcon_core.shell:Creating prefix chain script '/home/abc/perception_with_ros2/install/setup.bash'
[7.649s] INFO:colcon.colcon_core.shell:Creating prefix script '/home/abc/perception_with_ros2/install/local_setup.zsh'
[7.650s] INFO:colcon.colcon_core.shell:Creating prefix chain script '/home/abc/perception_with_ros2/install/setup.zsh'
