[0.008s] Invoking command in '/home/abc/perception_with_ros2/build/perception': CMAKE_PREFIX_PATH=/home/abc/perception_with_ros2/install/base_msgs_per:/home/abc/perception_with_ros2/install/perception:/home/abc/planning_with_ros2/install/planning:/home/abc/planning_with_ros2/install/base_msgs:/home/abc/perception_with_ros2/install/data_plot_per:/home/abc/planning_with_ros2/install/data_plot:/opt/ros/humble LD_LIBRARY_PATH=/home/abc/perception_with_ros2/install/base_msgs_per/lib:/home/abc/perception_with_ros2/install/perception/lib:/home/abc/perception_with_ros2/install/perception/lib:/home/abc/perception_with_ros2/install/perception/lib:/home/abc/planning_with_ros2/install/planning/lib:/home/abc/planning_with_ros2/install/base_msgs/lib:/usr/lib/x86_64-linux-gnu/gazebo-11/plugins:/opt/ros/humble/opt/rviz_ogre_vendor/lib:/opt/ros/humble/lib/x86_64-linux-gnu:/opt/ros/humble/lib /usr/local/bin/cmake --build /home/abc/perception_with_ros2/build/perception -- -j12 -l12
[0.036s] [ 10%] Built target osqp_test
[0.036s] [ 10%] Built target newton_test
[0.036s] [ 15%] Built target config_reader
[0.038s] [ 23%] Built target mathlibs
[0.058s] [ 30%] Built target pnc_map_creator
[0.058s] [ 38%] Built target vehicle_info
[0.060s] [ 43%] Built target global_planner
[0.068s] [ 51%] Built target reference_line
[0.081s] [ 56%] Built target decision_center
[0.085s] [ 64%] Built target pnc_map_server
[0.085s] [ 66%] Built target car_move_cmd
[0.085s] [ 71%] Built target obs_move_cmd
[0.085s] [ 76%] Built target global_path_server
[0.123s] [ 92%] Built target local_planner
[0.150s] [100%] Built target perception_process
[0.153s] Invoked command in '/home/abc/perception_with_ros2/build/perception' returned '0': CMAKE_PREFIX_PATH=/home/abc/perception_with_ros2/install/base_msgs_per:/home/abc/perception_with_ros2/install/perception:/home/abc/planning_with_ros2/install/planning:/home/abc/planning_with_ros2/install/base_msgs:/home/abc/perception_with_ros2/install/data_plot_per:/home/abc/planning_with_ros2/install/data_plot:/opt/ros/humble LD_LIBRARY_PATH=/home/abc/perception_with_ros2/install/base_msgs_per/lib:/home/abc/perception_with_ros2/install/perception/lib:/home/abc/perception_with_ros2/install/perception/lib:/home/abc/perception_with_ros2/install/perception/lib:/home/abc/planning_with_ros2/install/planning/lib:/home/abc/planning_with_ros2/install/base_msgs/lib:/usr/lib/x86_64-linux-gnu/gazebo-11/plugins:/opt/ros/humble/opt/rviz_ogre_vendor/lib:/opt/ros/humble/lib/x86_64-linux-gnu:/opt/ros/humble/lib /usr/local/bin/cmake --build /home/abc/perception_with_ros2/build/perception -- -j12 -l12
[0.155s] Invoking command in '/home/abc/perception_with_ros2/build/perception': CMAKE_PREFIX_PATH=/home/abc/perception_with_ros2/install/base_msgs_per:/home/abc/perception_with_ros2/install/perception:/home/abc/planning_with_ros2/install/planning:/home/abc/planning_with_ros2/install/base_msgs:/home/abc/perception_with_ros2/install/data_plot_per:/home/abc/planning_with_ros2/install/data_plot:/opt/ros/humble LD_LIBRARY_PATH=/home/abc/perception_with_ros2/install/base_msgs_per/lib:/home/abc/perception_with_ros2/install/perception/lib:/home/abc/perception_with_ros2/install/perception/lib:/home/abc/perception_with_ros2/install/perception/lib:/home/abc/planning_with_ros2/install/planning/lib:/home/abc/planning_with_ros2/install/base_msgs/lib:/usr/lib/x86_64-linux-gnu/gazebo-11/plugins:/opt/ros/humble/opt/rviz_ogre_vendor/lib:/opt/ros/humble/lib/x86_64-linux-gnu:/opt/ros/humble/lib /usr/local/bin/cmake --install /home/abc/perception_with_ros2/build/perception
[0.156s] -- Install configuration: ""
[0.157s] -- Up-to-date: /home/abc/perception_with_ros2/install/perception/lib/libconfig_reader.so
[0.157s] -- Up-to-date: /home/abc/perception_with_ros2/install/perception/lib/libmathlibs.so
[0.157s] -- Up-to-date: /home/abc/perception_with_ros2/install/perception/lib/libdecision_center.so
[0.158s] -- Up-to-date: /home/abc/perception_with_ros2/install/perception/lib/libpnc_map_creator.so
[0.158s] -- Up-to-date: /home/abc/perception_with_ros2/install/perception/lib/perception/pnc_map_server
[0.158s] -- Up-to-date: /home/abc/perception_with_ros2/install/perception/lib/libglobal_planner.so
[0.159s] -- Up-to-date: /home/abc/perception_with_ros2/install/perception/lib/perception/global_path_server
[0.159s] -- Up-to-date: /home/abc/perception_with_ros2/install/perception/lib/liblocal_planner.so
[0.159s] -- Up-to-date: /home/abc/perception_with_ros2/install/perception/lib/libreference_line.so
[0.160s] -- Up-to-date: /home/abc/perception_with_ros2/install/perception/lib/perception/osqp_test
[0.160s] -- Up-to-date: /home/abc/perception_with_ros2/install/perception/lib/perception/newton_test
[0.160s] -- Up-to-date: /home/abc/perception_with_ros2/install/perception/lib/libvehicle_info.so
[0.161s] -- Up-to-date: /home/abc/perception_with_ros2/install/perception/lib/perception/perception_process
[0.161s] -- Up-to-date: /home/abc/perception_with_ros2/install/perception/lib/perception/car_move_cmd
[0.161s] -- Up-to-date: /home/abc/perception_with_ros2/install/perception/lib/perception/obs_move_cmd
[0.162s] -- Up-to-date: /home/abc/perception_with_ros2/install/perception/share/perception/config
[0.162s] -- Up-to-date: /home/abc/perception_with_ros2/install/perception/share/perception/config/perception_static_obs_config.yaml
[0.162s] -- Up-to-date: /home/abc/perception_with_ros2/install/perception/share/perception/config/perception_dynamic_obs_config.yaml
[0.162s] -- Up-to-date: /home/abc/perception_with_ros2/install/perception/share/perception/launch
[0.162s] -- Up-to-date: /home/abc/perception_with_ros2/install/perception/share/perception/launch/perception_launch.py
[0.162s] -- Up-to-date: /home/abc/perception_with_ros2/install/perception/share/perception/launch/move_cmd_launch.py
[0.162s] -- Up-to-date: /home/abc/perception_with_ros2/install/perception/share/perception/urdf
[0.163s] -- Up-to-date: /home/abc/perception_with_ros2/install/perception/share/perception/urdf/main_car
[0.163s] -- Up-to-date: /home/abc/perception_with_ros2/install/perception/share/perception/urdf/main_car/car_camera.xacro
[0.163s] -- Up-to-date: /home/abc/perception_with_ros2/install/perception/share/perception/urdf/main_car/car_base.xacro
[0.163s] -- Up-to-date: /home/abc/perception_with_ros2/install/perception/share/perception/urdf/main_car/car_radar.xacro
[0.163s] -- Up-to-date: /home/abc/perception_with_ros2/install/perception/share/perception/urdf/main_car/car.xacro
[0.164s] -- Up-to-date: /home/abc/perception_with_ros2/install/perception/share/perception/urdf/main_car/car_wheels.xacro
[0.164s] -- Up-to-date: /home/abc/perception_with_ros2/install/perception/share/perception/urdf/obs_car
[0.164s] -- Up-to-date: /home/abc/perception_with_ros2/install/perception/share/perception/urdf/obs_car/obs_car.xacro
[0.165s] -- Up-to-date: /home/abc/perception_with_ros2/install/perception/share/perception/rviz
[0.165s] -- Up-to-date: /home/abc/perception_with_ros2/install/perception/share/perception/rviz/perception.rviz
[0.165s] -- Up-to-date: /home/abc/perception_with_ros2/install/perception/share/ament_index/resource_index/package_run_dependencies/perception
[0.165s] -- Up-to-date: /home/abc/perception_with_ros2/install/perception/share/ament_index/resource_index/parent_prefix_path/perception
[0.165s] -- Up-to-date: /home/abc/perception_with_ros2/install/perception/share/perception/environment/ament_prefix_path.sh
[0.166s] -- Up-to-date: /home/abc/perception_with_ros2/install/perception/share/perception/environment/ament_prefix_path.dsv
[0.166s] -- Up-to-date: /home/abc/perception_with_ros2/install/perception/share/perception/environment/path.sh
[0.166s] -- Up-to-date: /home/abc/perception_with_ros2/install/perception/share/perception/environment/path.dsv
[0.166s] -- Up-to-date: /home/abc/perception_with_ros2/install/perception/share/perception/local_setup.bash
[0.166s] -- Up-to-date: /home/abc/perception_with_ros2/install/perception/share/perception/local_setup.sh
[0.167s] -- Up-to-date: /home/abc/perception_with_ros2/install/perception/share/perception/local_setup.zsh
[0.167s] -- Up-to-date: /home/abc/perception_with_ros2/install/perception/share/perception/local_setup.dsv
[0.167s] -- Installing: /home/abc/perception_with_ros2/install/perception/share/perception/package.dsv
[0.168s] -- Up-to-date: /home/abc/perception_with_ros2/install/perception/share/ament_index/resource_index/packages/perception
[0.168s] -- Up-to-date: /home/abc/perception_with_ros2/install/perception/share/perception/cmake/perceptionConfig.cmake
[0.168s] -- Up-to-date: /home/abc/perception_with_ros2/install/perception/share/perception/cmake/perceptionConfig-version.cmake
[0.169s] -- Up-to-date: /home/abc/perception_with_ros2/install/perception/share/perception/package.xml
[0.169s] Invoked command in '/home/abc/perception_with_ros2/build/perception' returned '0': CMAKE_PREFIX_PATH=/home/abc/perception_with_ros2/install/base_msgs_per:/home/abc/perception_with_ros2/install/perception:/home/abc/planning_with_ros2/install/planning:/home/abc/planning_with_ros2/install/base_msgs:/home/abc/perception_with_ros2/install/data_plot_per:/home/abc/planning_with_ros2/install/data_plot:/opt/ros/humble LD_LIBRARY_PATH=/home/abc/perception_with_ros2/install/base_msgs_per/lib:/home/abc/perception_with_ros2/install/perception/lib:/home/abc/perception_with_ros2/install/perception/lib:/home/abc/perception_with_ros2/install/perception/lib:/home/abc/planning_with_ros2/install/planning/lib:/home/abc/planning_with_ros2/install/base_msgs/lib:/usr/lib/x86_64-linux-gnu/gazebo-11/plugins:/opt/ros/humble/opt/rviz_ogre_vendor/lib:/opt/ros/humble/lib/x86_64-linux-gnu:/opt/ros/humble/lib /usr/local/bin/cmake --install /home/abc/perception_with_ros2/build/perception
