[0.831s] Invoking command in '/home/abc/perception_with_ros2/src/data_plot_per': PYTHONPATH=/home/abc/perception_with_ros2/build/data_plot_per/prefix_override:/usr/lib/python3/dist-packages/colcon_core/task/python/colcon_distutils_commands:/home/abc/perception_with_ros2/install/data_plot_per/lib/python3.10/site-packages:${PYTHONPATH} /usr/bin/python3 -W ignore:setup.py install is deprecated -W ignore:easy_install command is deprecated setup.py egg_info --egg-base ../../build/data_plot_per build --build-base /home/abc/perception_with_ros2/build/data_plot_per/build install --record /home/abc/perception_with_ros2/build/data_plot_per/install.log --single-version-externally-managed install_data
[1.122s] running egg_info
[1.125s] writing ../../build/data_plot_per/data_plot_per.egg-info/PKG-INFO
[1.125s] writing dependency_links to ../../build/data_plot_per/data_plot_per.egg-info/dependency_links.txt
[1.125s] writing entry points to ../../build/data_plot_per/data_plot_per.egg-info/entry_points.txt
[1.125s] writing requirements to ../../build/data_plot_per/data_plot_per.egg-info/requires.txt
[1.125s] writing top-level names to ../../build/data_plot_per/data_plot_per.egg-info/top_level.txt
[1.129s] reading manifest file '../../build/data_plot_per/data_plot_per.egg-info/SOURCES.txt'
[1.130s] writing manifest file '../../build/data_plot_per/data_plot_per.egg-info/SOURCES.txt'
[1.130s] running build
[1.130s] running build_py
[1.130s] running install
[1.131s] running install_lib
[1.132s] running install_data
[1.132s] running install_egg_info
[1.135s] removing '/home/abc/perception_with_ros2/install/data_plot_per/lib/python3.10/site-packages/data_plot_per-0.0.0-py3.10.egg-info' (and everything under it)
[1.135s] Copying ../../build/data_plot_per/data_plot_per.egg-info to /home/abc/perception_with_ros2/install/data_plot_per/lib/python3.10/site-packages/data_plot_per-0.0.0-py3.10.egg-info
[1.136s] running install_scripts
[1.165s] Installing data_plot_per script to /home/abc/perception_with_ros2/install/data_plot_per/lib/data_plot_per
[1.165s] writing list of installed files to '/home/abc/perception_with_ros2/build/data_plot_per/install.log'
[1.208s] Invoked command in '/home/abc/perception_with_ros2/src/data_plot_per' returned '0': PYTHONPATH=/home/abc/perception_with_ros2/build/data_plot_per/prefix_override:/usr/lib/python3/dist-packages/colcon_core/task/python/colcon_distutils_commands:/home/abc/perception_with_ros2/install/data_plot_per/lib/python3.10/site-packages:${PYTHONPATH} /usr/bin/python3 -W ignore:setup.py install is deprecated -W ignore:easy_install command is deprecated setup.py egg_info --egg-base ../../build/data_plot_per build --build-base /home/abc/perception_with_ros2/build/data_plot_per/build install --record /home/abc/perception_with_ros2/build/data_plot_per/install.log --single-version-externally-managed install_data
