[0.011s] Invoking command in '/home/abc/perception_with_ros2/build/perception': CMAKE_PREFIX_PATH=/home/abc/perception_with_ros2/install/base_msgs_per:/home/abc/perception_with_ros2/install/perception:/home/abc/planning_with_ros2/install/planning:/home/abc/planning_with_ros2/install/base_msgs:/home/abc/perception_with_ros2/install/data_plot_per:/home/abc/planning_with_ros2/install/data_plot:/opt/ros/humble LD_LIBRARY_PATH=/home/abc/perception_with_ros2/install/base_msgs_per/lib:/home/abc/perception_with_ros2/install/perception/lib:/home/abc/perception_with_ros2/install/perception/lib:/home/abc/perception_with_ros2/install/perception/lib:/home/abc/planning_with_ros2/install/planning/lib:/home/abc/planning_with_ros2/install/base_msgs/lib:/usr/lib/x86_64-linux-gnu/gazebo-11/plugins:/opt/ros/humble/opt/rviz_ogre_vendor/lib:/opt/ros/humble/lib/x86_64-linux-gnu:/opt/ros/humble/lib /usr/local/bin/cmake --build /home/abc/perception_with_ros2/build/perception -- -j12 -l12
[0.042s] [  2%] [32mBuilding CXX object src/common/CMakeFiles/config_reader.dir/config_reader/config_reader.cpp.o[0m
[0.044s] [  7%] Built target osqp_test
[0.045s] [ 20%] Built target newton_test
[0.045s] [ 20%] Built target mathlibs
[3.548s] [ 23%] [32m[1mLinking CXX shared library libconfig_reader.so[0m
[3.633s] [ 23%] Built target config_reader
[3.645s] [ 25%] [32m[1mLinking CXX shared library libglobal_planner.so[0m
[3.646s] [ 28%] [32m[1mLinking CXX shared library libvehicle_info.so[0m
[3.646s] [ 30%] [32m[1mLinking CXX shared library libpnc_map_creator.so[0m
[3.649s] [ 33%] [32m[1mLinking CXX shared library libreference_line.so[0m
[3.879s] [ 35%] Built target global_planner
[3.917s] [ 38%] [32m[1mLinking CXX executable global_path_server[0m
[3.944s] [ 43%] Built target pnc_map_creator
[3.975s] [ 46%] [32m[1mLinking CXX executable pnc_map_server[0m
[4.255s] [ 51%] Built target vehicle_info
[4.279s] [ 58%] [32m[1mLinking CXX executable obs_move_cmd[0m
[4.279s] [ 58%] [32m[1mLinking CXX shared library libdecision_center.so[0m
[4.279s] [ 58%] [32m[1mLinking CXX executable car_move_cmd[0m
[4.395s] [ 64%] Built target reference_line
[4.578s] [ 66%] Built target decision_center
[4.601s] [ 69%] Built target global_path_server
[4.622s] [ 71%] [32m[1mLinking CXX shared library liblocal_planner.so[0m
[4.639s] [ 74%] Built target pnc_map_server
[4.926s] [ 76%] Built target obs_move_cmd
[5.141s] [ 89%] Built target local_planner
[5.163s] [ 92%] [32m[1mLinking CXX executable perception_process[0m
[5.386s] [ 94%] Built target car_move_cmd
[6.261s] [100%] Built target perception_process
[6.266s] Invoked command in '/home/abc/perception_with_ros2/build/perception' returned '0': CMAKE_PREFIX_PATH=/home/abc/perception_with_ros2/install/base_msgs_per:/home/abc/perception_with_ros2/install/perception:/home/abc/planning_with_ros2/install/planning:/home/abc/planning_with_ros2/install/base_msgs:/home/abc/perception_with_ros2/install/data_plot_per:/home/abc/planning_with_ros2/install/data_plot:/opt/ros/humble LD_LIBRARY_PATH=/home/abc/perception_with_ros2/install/base_msgs_per/lib:/home/abc/perception_with_ros2/install/perception/lib:/home/abc/perception_with_ros2/install/perception/lib:/home/abc/perception_with_ros2/install/perception/lib:/home/abc/planning_with_ros2/install/planning/lib:/home/abc/planning_with_ros2/install/base_msgs/lib:/usr/lib/x86_64-linux-gnu/gazebo-11/plugins:/opt/ros/humble/opt/rviz_ogre_vendor/lib:/opt/ros/humble/lib/x86_64-linux-gnu:/opt/ros/humble/lib /usr/local/bin/cmake --build /home/abc/perception_with_ros2/build/perception -- -j12 -l12
[6.267s] Invoking command in '/home/abc/perception_with_ros2/build/perception': CMAKE_PREFIX_PATH=/home/abc/perception_with_ros2/install/base_msgs_per:/home/abc/perception_with_ros2/install/perception:/home/abc/planning_with_ros2/install/planning:/home/abc/planning_with_ros2/install/base_msgs:/home/abc/perception_with_ros2/install/data_plot_per:/home/abc/planning_with_ros2/install/data_plot:/opt/ros/humble LD_LIBRARY_PATH=/home/abc/perception_with_ros2/install/base_msgs_per/lib:/home/abc/perception_with_ros2/install/perception/lib:/home/abc/perception_with_ros2/install/perception/lib:/home/abc/perception_with_ros2/install/perception/lib:/home/abc/planning_with_ros2/install/planning/lib:/home/abc/planning_with_ros2/install/base_msgs/lib:/usr/lib/x86_64-linux-gnu/gazebo-11/plugins:/opt/ros/humble/opt/rviz_ogre_vendor/lib:/opt/ros/humble/lib/x86_64-linux-gnu:/opt/ros/humble/lib /usr/local/bin/cmake --install /home/abc/perception_with_ros2/build/perception
[6.270s] -- Install configuration: ""
[6.270s] -- Installing: /home/abc/perception_with_ros2/install/perception/lib/libconfig_reader.so
[6.271s] -- Set non-toolchain portion of runtime path of "/home/abc/perception_with_ros2/install/perception/lib/libconfig_reader.so" to ""
[6.271s] -- Up-to-date: /home/abc/perception_with_ros2/install/perception/lib/libmathlibs.so
[6.271s] -- Installing: /home/abc/perception_with_ros2/install/perception/lib/libdecision_center.so
[6.272s] -- Set non-toolchain portion of runtime path of "/home/abc/perception_with_ros2/install/perception/lib/libdecision_center.so" to ""
[6.272s] -- Installing: /home/abc/perception_with_ros2/install/perception/lib/libpnc_map_creator.so
[6.274s] -- Set non-toolchain portion of runtime path of "/home/abc/perception_with_ros2/install/perception/lib/libpnc_map_creator.so" to ""
[6.274s] -- Installing: /home/abc/perception_with_ros2/install/perception/lib/perception/pnc_map_server
[6.276s] -- Set non-toolchain portion of runtime path of "/home/abc/perception_with_ros2/install/perception/lib/perception/pnc_map_server" to ""
[6.277s] -- Installing: /home/abc/perception_with_ros2/install/perception/lib/libglobal_planner.so
[6.277s] -- Set non-toolchain portion of runtime path of "/home/abc/perception_with_ros2/install/perception/lib/libglobal_planner.so" to ""
[6.277s] -- Installing: /home/abc/perception_with_ros2/install/perception/lib/perception/global_path_server
[6.279s] -- Set non-toolchain portion of runtime path of "/home/abc/perception_with_ros2/install/perception/lib/perception/global_path_server" to ""
[6.279s] -- Installing: /home/abc/perception_with_ros2/install/perception/lib/liblocal_planner.so
[6.280s] -- Set non-toolchain portion of runtime path of "/home/abc/perception_with_ros2/install/perception/lib/liblocal_planner.so" to ""
[6.280s] -- Installing: /home/abc/perception_with_ros2/install/perception/lib/libreference_line.so
[6.282s] -- Set non-toolchain portion of runtime path of "/home/abc/perception_with_ros2/install/perception/lib/libreference_line.so" to ""
[6.283s] -- Up-to-date: /home/abc/perception_with_ros2/install/perception/lib/perception/osqp_test
[6.283s] -- Up-to-date: /home/abc/perception_with_ros2/install/perception/lib/perception/newton_test
[6.283s] -- Installing: /home/abc/perception_with_ros2/install/perception/lib/libvehicle_info.so
[6.284s] -- Set non-toolchain portion of runtime path of "/home/abc/perception_with_ros2/install/perception/lib/libvehicle_info.so" to ""
[6.284s] -- Installing: /home/abc/perception_with_ros2/install/perception/lib/perception/perception_process
[6.289s] -- Set non-toolchain portion of runtime path of "/home/abc/perception_with_ros2/install/perception/lib/perception/perception_process" to ""
[6.289s] -- Installing: /home/abc/perception_with_ros2/install/perception/lib/perception/car_move_cmd
[6.292s] -- Set non-toolchain portion of runtime path of "/home/abc/perception_with_ros2/install/perception/lib/perception/car_move_cmd" to ""
[6.292s] -- Installing: /home/abc/perception_with_ros2/install/perception/lib/perception/obs_move_cmd
[6.293s] -- Set non-toolchain portion of runtime path of "/home/abc/perception_with_ros2/install/perception/lib/perception/obs_move_cmd" to ""
[6.294s] -- Up-to-date: /home/abc/perception_with_ros2/install/perception/share/perception/config
[6.294s] -- Up-to-date: /home/abc/perception_with_ros2/install/perception/share/perception/config/perception_static_obs_config.yaml
[6.294s] -- Up-to-date: /home/abc/perception_with_ros2/install/perception/share/perception/config/perception_dynamic_obs_config.yaml
[6.294s] -- Up-to-date: /home/abc/perception_with_ros2/install/perception/share/perception/launch
[6.294s] -- Up-to-date: /home/abc/perception_with_ros2/install/perception/share/perception/launch/perception_launch.py
[6.294s] -- Up-to-date: /home/abc/perception_with_ros2/install/perception/share/perception/launch/move_cmd_launch.py
[6.294s] -- Up-to-date: /home/abc/perception_with_ros2/install/perception/share/perception/urdf
[6.294s] -- Up-to-date: /home/abc/perception_with_ros2/install/perception/share/perception/urdf/main_car
[6.294s] -- Up-to-date: /home/abc/perception_with_ros2/install/perception/share/perception/urdf/main_car/car_camera.xacro
[6.294s] -- Up-to-date: /home/abc/perception_with_ros2/install/perception/share/perception/urdf/main_car/car_base.xacro
[6.295s] -- Up-to-date: /home/abc/perception_with_ros2/install/perception/share/perception/urdf/main_car/car_radar.xacro
[6.295s] -- Up-to-date: /home/abc/perception_with_ros2/install/perception/share/perception/urdf/main_car/car.xacro
[6.295s] -- Up-to-date: /home/abc/perception_with_ros2/install/perception/share/perception/urdf/main_car/car_wheels.xacro
[6.295s] -- Up-to-date: /home/abc/perception_with_ros2/install/perception/share/perception/urdf/obs_car
[6.295s] -- Up-to-date: /home/abc/perception_with_ros2/install/perception/share/perception/urdf/obs_car/obs_car.xacro
[6.295s] -- Up-to-date: /home/abc/perception_with_ros2/install/perception/share/perception/rviz
[6.295s] -- Up-to-date: /home/abc/perception_with_ros2/install/perception/share/perception/rviz/perception.rviz
[6.295s] -- Up-to-date: /home/abc/perception_with_ros2/install/perception/share/ament_index/resource_index/package_run_dependencies/perception
[6.295s] -- Up-to-date: /home/abc/perception_with_ros2/install/perception/share/ament_index/resource_index/parent_prefix_path/perception
[6.295s] -- Up-to-date: /home/abc/perception_with_ros2/install/perception/share/perception/environment/ament_prefix_path.sh
[6.295s] -- Up-to-date: /home/abc/perception_with_ros2/install/perception/share/perception/environment/ament_prefix_path.dsv
[6.295s] -- Up-to-date: /home/abc/perception_with_ros2/install/perception/share/perception/environment/path.sh
[6.295s] -- Up-to-date: /home/abc/perception_with_ros2/install/perception/share/perception/environment/path.dsv
[6.295s] -- Up-to-date: /home/abc/perception_with_ros2/install/perception/share/perception/local_setup.bash
[6.296s] -- Up-to-date: /home/abc/perception_with_ros2/install/perception/share/perception/local_setup.sh
[6.296s] -- Up-to-date: /home/abc/perception_with_ros2/install/perception/share/perception/local_setup.zsh
[6.296s] -- Up-to-date: /home/abc/perception_with_ros2/install/perception/share/perception/local_setup.dsv
[6.296s] -- Installing: /home/abc/perception_with_ros2/install/perception/share/perception/package.dsv
[6.296s] -- Up-to-date: /home/abc/perception_with_ros2/install/perception/share/ament_index/resource_index/packages/perception
[6.296s] -- Up-to-date: /home/abc/perception_with_ros2/install/perception/share/perception/cmake/perceptionConfig.cmake
[6.296s] -- Up-to-date: /home/abc/perception_with_ros2/install/perception/share/perception/cmake/perceptionConfig-version.cmake
[6.296s] -- Up-to-date: /home/abc/perception_with_ros2/install/perception/share/perception/package.xml
[6.297s] Invoked command in '/home/abc/perception_with_ros2/build/perception' returned '0': CMAKE_PREFIX_PATH=/home/abc/perception_with_ros2/install/base_msgs_per:/home/abc/perception_with_ros2/install/perception:/home/abc/planning_with_ros2/install/planning:/home/abc/planning_with_ros2/install/base_msgs:/home/abc/perception_with_ros2/install/data_plot_per:/home/abc/planning_with_ros2/install/data_plot:/opt/ros/humble LD_LIBRARY_PATH=/home/abc/perception_with_ros2/install/base_msgs_per/lib:/home/abc/perception_with_ros2/install/perception/lib:/home/abc/perception_with_ros2/install/perception/lib:/home/abc/perception_with_ros2/install/perception/lib:/home/abc/planning_with_ros2/install/planning/lib:/home/abc/planning_with_ros2/install/base_msgs/lib:/usr/lib/x86_64-linux-gnu/gazebo-11/plugins:/opt/ros/humble/opt/rviz_ogre_vendor/lib:/opt/ros/humble/lib/x86_64-linux-gnu:/opt/ros/humble/lib /usr/local/bin/cmake --install /home/abc/perception_with_ros2/build/perception
